Archive member included to satisfy reference by file (symbol)

.\CortexM3\ARM_GCC_541\Debug\PRJ3.a(I2C.o)
                              .\CortexM3\ARM_GCC_541\Debug\ColorSensor.o (I2C_Start)
.\CortexM3\ARM_GCC_541\Debug\PRJ3.a(I2C_INT.o)
                              .\CortexM3\ARM_GCC_541\Debug\PRJ3.a(I2C.o) (I2C_ISR)
.\CortexM3\ARM_GCC_541\Debug\PRJ3.a(I2C_PM.o)
                              .\CortexM3\ARM_GCC_541\Debug\PRJ3.a(I2C.o) (I2C_backup)
.\CortexM3\ARM_GCC_541\Debug\PRJ3.a(I2C_MASTER.o)
                              .\CortexM3\ARM_GCC_541\Debug\PRJ3.a(I2C.o) (I2C_mstrStatus)
.\CortexM3\ARM_GCC_541\Debug\PRJ3.a(STEP_2a.o)
                              .\CortexM3\ARM_GCC_541\Debug\Motor.o (STEP_2a_Write)
.\CortexM3\ARM_GCC_541\Debug\PRJ3.a(STEP_1a.o)
                              .\CortexM3\ARM_GCC_541\Debug\Motor.o (STEP_1a_Write)
.\CortexM3\ARM_GCC_541\Debug\PRJ3.a(STEP_1b.o)
                              .\CortexM3\ARM_GCC_541\Debug\Motor.o (STEP_1b_Write)
.\CortexM3\ARM_GCC_541\Debug\PRJ3.a(STEP_2b.o)
                              .\CortexM3\ARM_GCC_541\Debug\Motor.o (STEP_2b_Write)
.\CortexM3\ARM_GCC_541\Debug\PRJ3.a(UART_USB.o)
                              .\CortexM3\ARM_GCC_541\Debug\UART.o (UART_USB_Start)
.\CortexM3\ARM_GCC_541\Debug\PRJ3.a(UART_USB_RX_ISR.o)
                              .\CortexM3\ARM_GCC_541\Debug\UART.o (UART_USB_RX_ISR_StartEx)
.\CortexM3\ARM_GCC_541\Debug\PRJ3.a(COLOR_SENSOR_LED.o)
                              .\CortexM3\ARM_GCC_541\Debug\ColorSensor.o (COLOR_SENSOR_LED_Write)
.\CortexM3\ARM_GCC_541\Debug\PRJ3.a(UART_PI.o)
                              .\CortexM3\ARM_GCC_541\Debug\UART.o (UART_PI_Start)
.\CortexM3\ARM_GCC_541\Debug\PRJ3.a(UART_PI_RX_ISR.o)
                              .\CortexM3\ARM_GCC_541\Debug\UART.o (UART_PI_RX_ISR_StartEx)
.\CortexM3\ARM_GCC_541\Debug\PRJ3.a(PUMP_1.o)
                              .\CortexM3\ARM_GCC_541\Debug\Pump.o (PUMP_1_Write)
.\CortexM3\ARM_GCC_541\Debug\PRJ3.a(PUMP_2.o)
                              .\CortexM3\ARM_GCC_541\Debug\Pump.o (PUMP_2_Write)
.\CortexM3\ARM_GCC_541\Debug\PRJ3.a(PUMP_3.o)
                              .\CortexM3\ARM_GCC_541\Debug\Pump.o (PUMP_3_Write)
.\CortexM3\ARM_GCC_541\Debug\PRJ3.a(PUMP_4.o)
                              .\CortexM3\ARM_GCC_541\Debug\Pump.o (PUMP_4_Write)
.\CortexM3\ARM_GCC_541\Debug\PRJ3.a(PUMP_5.o)
                              .\CortexM3\ARM_GCC_541\Debug\Pump.o (PUMP_5_Write)
.\CortexM3\ARM_GCC_541\Debug\PRJ3.a(PUMP_6.o)
                              .\CortexM3\ARM_GCC_541\Debug\Pump.o (PUMP_6_Write)
.\CortexM3\ARM_GCC_541\Debug\PRJ3.a(UART_USB_IntClock.o)
                              .\CortexM3\ARM_GCC_541\Debug\PRJ3.a(UART_USB.o) (UART_USB_IntClock_Start)
.\CortexM3\ARM_GCC_541\Debug\PRJ3.a(UART_PI_IntClock.o)
                              .\CortexM3\ARM_GCC_541\Debug\PRJ3.a(UART_PI.o) (UART_PI_IntClock_Start)
.\CortexM3\ARM_GCC_541\Debug\PRJ3.a(CyLib.o)
                              .\CortexM3\ARM_GCC_541\Debug\Cm3Start.o (CyHalt)
.\CortexM3\ARM_GCC_541\Debug\PRJ3.a(cyPm.o)
                              .\CortexM3\ARM_GCC_541\Debug\PRJ3.a(CyLib.o) (CyPmReadStatus)
.\CortexM3\ARM_GCC_541\Debug\PRJ3.a(WEIGHT_ADC.o)
                              .\CortexM3\ARM_GCC_541\Debug\main.o (WEIGHT_ADC_Start)
.\CortexM3\ARM_GCC_541\Debug\PRJ3.a(WEIGHT_ADC_INT.o)
                              .\CortexM3\ARM_GCC_541\Debug\PRJ3.a(WEIGHT_ADC.o) (WEIGHT_ADC_ISR)
.\CortexM3\ARM_GCC_541\Debug\PRJ3.a(WEIGHT_ADC_theACLK.o)
                              .\CortexM3\ARM_GCC_541\Debug\PRJ3.a(WEIGHT_ADC.o) (WEIGHT_ADC_theACLK_SetModeRegister)
.\CortexM3\ARM_GCC_541\Debug\PRJ3.a(CyBootAsmGnu.o)
                              .\CortexM3\ARM_GCC_541\Debug\cyfitter_cfg.o (CyDelayCycles)
.\CortexM3\ARM_GCC_541\Debug\PRJ3.a(CyFlash.o)
                              .\CortexM3\ARM_GCC_541\Debug\PRJ3.a(cyPm.o) (CyFlash_SetWaitCycles)
.\CortexM3\ARM_GCC_541\Debug\PRJ3.a(CySpc.o)
                              .\CortexM3\ARM_GCC_541\Debug\PRJ3.a(CyFlash.o) (CySpcStart)
c:/program files (x86)/cypress/psoc creator/4.4/psoc creator/import/gnu/arm/5.4.1/bin/../lib/gcc/arm-none-eabi/5.4.1/armv7-m\libgcc.a(_arm_addsubdf3.o)
                              .\CortexM3\ARM_GCC_541\Debug\ColorSensor.o (__aeabi_i2d)
c:/program files (x86)/cypress/psoc creator/4.4/psoc creator/import/gnu/arm/5.4.1/bin/../lib/gcc/arm-none-eabi/5.4.1/armv7-m\libgcc.a(_arm_muldivdf3.o)
                              .\CortexM3\ARM_GCC_541\Debug\ColorSensor.o (__aeabi_dmul)
c:/program files (x86)/cypress/psoc creator/4.4/psoc creator/import/gnu/arm/5.4.1/bin/../lib/gcc/arm-none-eabi/5.4.1/armv7-m\libgcc.a(_arm_cmpdf2.o)
                              .\CortexM3\ARM_GCC_541\Debug\ColorSensor.o (__aeabi_dcmplt)
c:/program files (x86)/cypress/psoc creator/4.4/psoc creator/import/gnu/arm/5.4.1/bin/../lib/gcc/arm-none-eabi/5.4.1/armv7-m\libgcc.a(_arm_addsubsf3.o)
[...]
Memory Configuration

Name             Origin             Length             Attributes
rom              0x00000000         0x00040000         xr
ram              0x1fff8000         0x00010000         xrw
*default*        0x00000000         0xffffffff

Linker script and memory map

LOAD c:/program files (x86)/cypress/psoc creator/4.4/psoc creator/import/gnu/arm/5.4.1/bin/../lib/gcc/arm-none-eabi/5.4.1/armv7-m/crti.o
LOAD c:/program files (x86)/cypress/psoc creator/4.4/psoc creator/import/gnu/arm/5.4.1/bin/../lib/gcc/arm-none-eabi/5.4.1/armv7-m/crtbegin.o
LOAD c:/program files (x86)/cypress/psoc creator/4.4/psoc creator/import/gnu/arm/5.4.1/bin/../lib/gcc/arm-none-eabi/5.4.1/../../../../arm-none-eabi/lib/armv7-m/crt0.o
START GROUP
LOAD .\CortexM3\ARM_GCC_541\Debug\main.o
LOAD .\CortexM3\ARM_GCC_541\Debug\ColorSensor.o
LOAD .\CortexM3\ARM_GCC_541\Debug\Motor.o
LOAD .\CortexM3\ARM_GCC_541\Debug\Pump.o
LOAD .\CortexM3\ARM_GCC_541\Debug\UART.o
LOAD .\CortexM3\ARM_GCC_541\Debug\cyfitter_cfg.o
LOAD .\CortexM3\ARM_GCC_541\Debug\cymetadata.o
LOAD .\CortexM3\ARM_GCC_541\Debug\Cm3Start.o
LOAD .\CortexM3\ARM_GCC_541\Debug\PRJ3.a
LOAD C:\Program Files (x86)\Cypress\PSoC Creator\4.4\PSoC Creator\psoc\content\cycomponentlibrary\CyComponentLibrary.cylib\CortexM3\ARM_GCC_541\Debug\CyComponentLibrary.a
END GROUP
START GROUP
LOAD c:/program files (x86)/cypress/psoc creator/4.4/psoc creator/import/gnu/arm/5.4.1/bin/../lib/gcc/arm-none-eabi/5.4.1/armv7-m\libgcc.a
LOAD c:/program files (x86)/cypress/psoc creator/4.4/psoc creator/import/gnu/arm/5.4.1/bin/../lib/gcc/arm-none-eabi/5.4.1/../../../../arm-none-eabi/lib/armv7-m\libg_nano.a
LOAD c:/program files (x86)/cypress/psoc creator/4.4/psoc creator/import/gnu/arm/5.4.1/bin/../lib/gcc/arm-none-eabi/5.4.1/../../../../arm-none-eabi/lib/armv7-m\libc_nano.a
END GROUP
START GROUP
LOAD c:/program files (x86)/cypress/psoc creator/4.4/psoc creator/import/gnu/arm/5.4.1/bin/../lib/gcc/arm-none-eabi/5.4.1/armv7-m\libgcc.a
LOAD c:/program files (x86)/cypress/psoc creator/4.4/psoc creator/import/gnu/arm/5.4.1/bin/../lib/gcc/arm-none-eabi/5.4.1/../../../../arm-none-eabi/lib/armv7-m\libc_nano.a
END GROUP
LOAD c:/program files (x86)/cypress/psoc creator/4.4/psoc creator/import/gnu/arm/5.4.1/bin/../lib/gcc/arm-none-eabi/5.4.1/armv7-m/crtend.o
LOAD c:/program files (x86)/cypress/psoc creator/4.4/psoc creator/import/gnu/arm/5.4.1/bin/../lib/gcc/arm-none-eabi/5.4.1/armv7-m/crtn.o
START GROUP
LOAD c:/program files (x86)/cypress/psoc creator/4.4/psoc creator/import/gnu/arm/5.4.1/bin/../lib/gcc/arm-none-eabi/5.4.1/armv7-m\libgcc.a
LOAD c:/program files (x86)/cypress/psoc creator/4.4/psoc creator/import/gnu/arm/5.4.1/bin/../lib/gcc/arm-none-eabi/5.4.1/../../../../arm-none-eabi/lib/armv7-m\libc.a
LOAD c:/program files (x86)/cypress/psoc creator/4.4/psoc creator/import/gnu/arm/5.4.1/bin/../lib/gcc/arm-none-eabi/5.4.1/../../../../arm-none-eabi/lib/armv7-m\libnosys.a
END GROUP
                0x00000000                CY_APPL_ORIGIN = 0x0
                0x00000100                CY_FLASH_ROW_SIZE = 0x100
                0x00000020                CY_ECC_ROW_SIZE = 0x20
                0x00000000                CY_EE_IN_BTLDR = 0x0
                0x00000000                CY_APPL_LOADABLE = 0x0
                0x00000800                CY_EE_SIZE = 0x800
                0x00000001                CY_APPL_NUM = 0x1
                0x00000001                CY_APPL_MAX = 0x1
                0x00000040                CY_METADATA_SIZE = 0x40
                0x00000000                CY_APPL_LOADABLE = 0x0
                0x00000000                CY_CHECKSUM_EXCLUDE_SIZE = ALIGN (0x0, CY_FLASH_ROW_SIZE)
                [!provide]                PROVIDE (__cy_heap_start, _end)
                0x00000001                PROVIDE (__cy_region_num, ((__cy_regions_end - __cy_regions) / 0x10))
                0x20008000                PROVIDE (__cy_stack, (ORIGIN (ram) + LENGTH (ram)))
                [!provide]                PROVIDE (__cy_heap_end, (__cy_stack - 0x800))

.cybootloader   0x00000000        0x0
 *(.cybootloader)
                0x00000000                appl1_start = CY_APPL_ORIGIN?CY_APPL_ORIGIN:ALIGN (CY_FLASH_ROW_SIZE)
                0x0001ff00                appl2_start = (appl1_start + ALIGN ((((LENGTH (rom) - appl1_start) - (0x2 * CY_FLASH_ROW_SIZE)) / 0x2), CY_FLASH_ROW_SIZE))
                0x00000000                appl_start = (CY_APPL_NUM == 0x1)?appl1_start:appl2_start
                0x00000000                ecc_offset = ((appl_start / CY_FLASH_ROW_SIZE) * CY_ECC_ROW_SIZE)
                0x00000000                ee_offset = (CY_APPL_LOADABLE && ! (CY_EE_IN_BTLDR))?((CY_EE_SIZE / CY_APPL_MAX) * (CY_APPL_NUM - 0x1)):0x0
                0x00000800                ee_size = (CY_APPL_LOADABLE && ! (CY_EE_IN_BTLDR))?(CY_EE_SIZE / CY_APPL_MAX):CY_EE_SIZE
                [!provide]                PROVIDE (CY_ECC_OFFSET, ecc_offset)

.text           0x00000000     0x3e98
 CREATE_OBJECT_SYMBOLS
                0x00000000                PROVIDE (__cy_interrupt_vector, RomVectors)
 *(.romvectors)
 .romvectors    0x00000000       0x10 .\CortexM3\ARM_GCC_541\Debug\Cm3Start.o
                0x00000000                RomVectors
                0x00000001                ASSERT ((. != __cy_interrupt_vector), No interrupt vector)
                0x00000001                ASSERT (CY_APPL_ORIGIN?(SIZEOF (.cybootloader) <= CY_APPL_ORIGIN):0x1, Wrong image location)
                0x00000010                PROVIDE (__cy_reset, Reset)
 *(.text.Reset)
 .text.Reset    0x00000010       0x18 .\CortexM3\ARM_GCC_541\Debug\Cm3Start.o
                0x00000010                Reset
                0x00000001                ASSERT ((. != __cy_reset), No reset code)
 *(.dma_init)
                0x00000001                ASSERT ((((appl_start + .) <= 0x10000) || 0x1), DMA Init must be within the first 64k of flash)
 *(.text .text.* .gnu.linkonce.t.*)
 .text          0x00000028       0x5c c:/program files (x86)/cypress/psoc creator/4.4/psoc creator/import/gnu/arm/5.4.1/bin/../lib/gcc/arm-none-eabi/5.4.1/armv7-m/crtbegin.o
 .text.CupFullWeight
                0x00000084       0x10 .\CortexM3\ARM_GCC_541\Debug\main.o
                0x00000084                CupFullWeight
 .text.ConvertToGram
                0x00000094       0x24 .\CortexM3\ARM_GCC_541\Debug\main.o
                0x00000094                ConvertToGram
 .text.Weight_ADC_Read
                0x000000b8       0x3c .\CortexM3\ARM_GCC_541\Debug\main.o
                0x000000b8                Weight_ADC_Read
 .text.Weight_Read
                0x000000f4       0x2c .\CortexM3\ARM_GCC_541\Debug\main.o
                0x000000f4                Weight_Read
 .text.Weight_IsCupFull
                0x00000120       0x2c .\CortexM3\ARM_GCC_541\Debug\main.o
                0x00000120                Weight_IsCupFull
 .text.ErrorMessage
                0x0000014c       0x40 .\CortexM3\ARM_GCC_541\Debug\main.o
                0x0000014c                ErrorMessage
 .text.PrintError
                0x0000018c       0x24 .\CortexM3\ARM_GCC_541\Debug\main.o
                0x0000018c                PrintError
 .text.InitializeSimulationConditions
                0x000001b0       0x10 .\CortexM3\ARM_GCC_541\Debug\main.o
                0x000001b0                InitializeSimulationConditions
 .text.setup    0x000001c0       0x10 .\CortexM3\ARM_GCC_541\Debug\main.o
                0x000001c0                setup
 .text.UpdateState
                0x000001d0      0x198 .\CortexM3\ARM_GCC_541\Debug\main.o
                0x000001d0                UpdateState
 .text.main     0x00000368       0x24 .\CortexM3\ARM_GCC_541\Debug\main.o
                0x00000368                main
 .text.ReadRegister
                0x0000038c       0x64 .\CortexM3\ARM_GCC_541\Debug\ColorSensor.o
                0x0000038c                ReadRegister
 .text.ReadColorDataRegisters
                0x000003f0       0x44 .\CortexM3\ARM_GCC_541\Debug\ColorSensor.o
                0x000003f0                ReadColorDataRegisters
 .text.GetDominatingColor
                0x00000434       0x14 .\CortexM3\ARM_GCC_541\Debug\ColorSensor.o
                0x00000434                GetDominatingColor
 .text.CalibrateColor
                0x00000448       0x40 .\CortexM3\ARM_GCC_541\Debug\ColorSensor.o
                0x00000448                CalibrateColor
 .text.DetectColor
                0x00000488      0x15c .\CortexM3\ARM_GCC_541\Debug\ColorSensor.o
                0x00000488                DetectColor
 .text.GetOpposingColor
                0x000005e4       0x2c .\CortexM3\ARM_GCC_541\Debug\ColorSensor.o
                0x000005e4                GetOpposingColor
 .text.ColorToString
                0x00000610       0x48 .\CortexM3\ARM_GCC_541\Debug\ColorSensor.o
                0x00000610                ColorToString
 .text.ColorSensor_Read
                0x00000658       0x3c .\CortexM3\ARM_GCC_541\Debug\ColorSensor.o
                0x00000658                ColorSensor_Read
 .text.SetStators
                0x00000694       0x20 .\CortexM3\ARM_GCC_541\Debug\Motor.o
                0x00000694                SetStators
 .text.CalculateDelay
                0x000006b4       0x24 .\CortexM3\ARM_GCC_541\Debug\Motor.o
                0x000006b4                CalculateDelay
 .text.WrapStep
                0x000006d8       0x28 .\CortexM3\ARM_GCC_541\Debug\Motor.o
                0x000006d8                WrapStep
 .text.Motor_SetAngle
                0x00000700       0xcc .\CortexM3\ARM_GCC_541\Debug\Motor.o
                0x00000700                Motor_SetAngle
 .text.ActivatePump
                0x000007cc       0x1c .\CortexM3\ARM_GCC_541\Debug\Pump.o
                0x000007cc                ActivatePump
 .text.DeactivatePump
                0x000007e8       0x1c .\CortexM3\ARM_GCC_541\Debug\Pump.o
                0x000007e8                DeactivatePump
 .text.UART_GetCommand
                0x00000804        0xc .\CortexM3\ARM_GCC_541\Debug\UART.o
                0x00000804                UART_GetCommand
 .text.UART_GetParameter
                0x00000810       0x10 .\CortexM3\ARM_GCC_541\Debug\UART.o
                0x00000810                UART_GetParameter
 .text.UART_ResetBuffer
                0x00000820       0x14 .\CortexM3\ARM_GCC_541\Debug\UART.o
                0x00000820                UART_ResetBuffer
 .text.HandleStringReceived
                0x00000834       0x40 .\CortexM3\ARM_GCC_541\Debug\UART.o
                0x00000834                HandleStringReceived
 .text.UART_HandleRxByte
                0x00000874       0x30 .\CortexM3\ARM_GCC_541\Debug\UART.o
 .text.UART_USB_RX_ISR_handler
                0x000008a4       0x24 .\CortexM3\ARM_GCC_541\Debug\UART.o
                0x000008a4                UART_USB_RX_ISR_handler
 .text.UART_PI_RX_ISR_handler
                0x000008c8       0x24 .\CortexM3\ARM_GCC_541\Debug\UART.o
                0x000008c8                UART_PI_RX_ISR_handler
 .text.UART_Initialize
                0x000008ec       0x20 .\CortexM3\ARM_GCC_541\Debug\UART.o
                0x000008ec                UART_Initialize
 .text.UART_USB_PutInt
                0x0000090c       0x60 .\CortexM3\ARM_GCC_541\Debug\UART.o
                0x0000090c                UART_USB_PutInt
 .text.CyClockStartupError
                0x0000096c        0x4 .\CortexM3\ARM_GCC_541\Debug\cyfitter_cfg.o
 .text.cfg_write_bytes32
                0x00000970       0x34 .\CortexM3\ARM_GCC_541\Debug\cyfitter_cfg.o
 .text.AnalogSetDefault
                0x000009a4       0x48 .\CortexM3\ARM_GCC_541\Debug\cyfitter_cfg.o
 .text.CYMEMZERO
                0x000009ec        0xc .\CortexM3\ARM_GCC_541\Debug\cyfitter_cfg.o
 .text.CYCONFIGCPY
                0x000009f8        0x8 .\CortexM3\ARM_GCC_541\Debug\cyfitter_cfg.o
 .text.ClockSetup
                0x00000a00       0xf4 .\CortexM3\ARM_GCC_541\Debug\cyfitter_cfg.o
 .text.cyfitter_cfg
                0x00000af4      0x144 .\CortexM3\ARM_GCC_541\Debug\cyfitter_cfg.o
                0x00000af4                cyfitter_cfg
 .text.IntDefaultHandler
                0x00000c38       0x10 .\CortexM3\ARM_GCC_541\Debug\Cm3Start.o
                0x00000c38                IntDefaultHandler
 .text._sbrk    0x00000c48       0x30 .\CortexM3\ARM_GCC_541\Debug\Cm3Start.o
                0x00000c48                _sbrk
 .text.Start_c  0x00000c78       0x4c .\CortexM3\ARM_GCC_541\Debug\Cm3Start.o
                0x00000c78                Start_c
 .text.initialize_psoc
                0x00000cc4       0x68 .\CortexM3\ARM_GCC_541\Debug\Cm3Start.o
                0x00000cc4                initialize_psoc
 .text.I2C_MasterSendStart
                0x00000d2c       0x80 .\CortexM3\ARM_GCC_541\Debug\PRJ3.a(I2C_MASTER.o)
                0x00000d2c                I2C_MasterSendStart
 .text.I2C_MasterSendRestart
                0x00000dac       0x6c .\CortexM3\ARM_GCC_541\Debug\PRJ3.a(I2C_MASTER.o)
                0x00000dac                I2C_MasterSendRestart
 .text.I2C_MasterSendStop
                0x00000e18       0x38 .\CortexM3\ARM_GCC_541\Debug\PRJ3.a(I2C_MASTER.o)
                0x00000e18                I2C_MasterSendStop
 .text.I2C_MasterWriteByte
                0x00000e50       0x58 .\CortexM3\ARM_GCC_541\Debug\PRJ3.a(I2C_MASTER.o)
                0x00000e50                I2C_MasterWriteByte
 .text.I2C_MasterReadByte
                0x00000ea8       0x58 .\CortexM3\ARM_GCC_541\Debug\PRJ3.a(I2C_MASTER.o)
                0x00000ea8                I2C_MasterReadByte
 .text.STEP_2a_Write
                0x00000f00       0x18 .\CortexM3\ARM_GCC_541\Debug\PRJ3.a(STEP_2a.o)
                0x00000f00                STEP_2a_Write
 .text.STEP_1a_Write
                0x00000f18       0x18 .\CortexM3\ARM_GCC_541\Debug\PRJ3.a(STEP_1a.o)
                0x00000f18                STEP_1a_Write
 .text.STEP_1b_Write
                0x00000f30       0x18 .\CortexM3\ARM_GCC_541\Debug\PRJ3.a(STEP_1b.o)
                0x00000f30                STEP_1b_Write
 .text.STEP_2b_Write
                0x00000f48       0x18 .\CortexM3\ARM_GCC_541\Debug\PRJ3.a(STEP_2b.o)
                0x00000f48                STEP_2b_Write
 .text.UART_USB_Init
                0x00000f60       0x28 .\CortexM3\ARM_GCC_541\Debug\PRJ3.a(UART_USB.o)
                0x00000f60                UART_USB_Init
 .text.UART_USB_Enable
                0x00000f88       0x38 .\CortexM3\ARM_GCC_541\Debug\PRJ3.a(UART_USB.o)
                0x00000f88                UART_USB_Enable
 .text.UART_USB_Start
                0x00000fc0       0x1c .\CortexM3\ARM_GCC_541\Debug\PRJ3.a(UART_USB.o)
                0x00000fc0                UART_USB_Start
 .text.UART_USB_ReadRxData
                0x00000fdc        0xc .\CortexM3\ARM_GCC_541\Debug\PRJ3.a(UART_USB.o)
                0x00000fdc                UART_USB_ReadRxData
 .text.UART_USB_GetRxBufferSize
                0x00000fe8       0x18 .\CortexM3\ARM_GCC_541\Debug\PRJ3.a(UART_USB.o)
                0x00000fe8                UART_USB_GetRxBufferSize
 .text.UART_USB_PutChar
                0x00001000       0x18 .\CortexM3\ARM_GCC_541\Debug\PRJ3.a(UART_USB.o)
                0x00001000                UART_USB_PutChar
 .text.UART_USB_PutString
                0x00001018       0x24 .\CortexM3\ARM_GCC_541\Debug\PRJ3.a(UART_USB.o)
                0x00001018                UART_USB_PutString
 .text.UART_USB_RX_ISR_SetVector
                0x0000103c        0xc .\CortexM3\ARM_GCC_541\Debug\PRJ3.a(UART_USB_RX_ISR.o)
                0x0000103c                UART_USB_RX_ISR_SetVector
 .text.UART_USB_RX_ISR_SetPriority
                0x00001048       0x10 .\CortexM3\ARM_GCC_541\Debug\PRJ3.a(UART_USB_RX_ISR.o)
                0x00001048                UART_USB_RX_ISR_SetPriority
 .text.UART_USB_RX_ISR_Enable
                0x00001058        0xc .\CortexM3\ARM_GCC_541\Debug\PRJ3.a(UART_USB_RX_ISR.o)
                0x00001058                UART_USB_RX_ISR_Enable
 .text.UART_USB_RX_ISR_Disable
                0x00001064        0xc .\CortexM3\ARM_GCC_541\Debug\PRJ3.a(UART_USB_RX_ISR.o)
                0x00001064                UART_USB_RX_ISR_Disable
 .text.UART_USB_RX_ISR_StartEx
                0x00001070       0x1c .\CortexM3\ARM_GCC_541\Debug\PRJ3.a(UART_USB_RX_ISR.o)
                0x00001070                UART_USB_RX_ISR_StartEx
 .text.COLOR_SENSOR_LED_Write
                0x0000108c       0x18 .\CortexM3\ARM_GCC_541\Debug\PRJ3.a(COLOR_SENSOR_LED.o)
                0x0000108c                COLOR_SENSOR_LED_Write
 .text.UART_PI_Init
                0x000010a4       0x28 .\CortexM3\ARM_GCC_541\Debug\PRJ3.a(UART_PI.o)
                0x000010a4                UART_PI_Init
 .text.UART_PI_Enable
                0x000010cc       0x38 .\CortexM3\ARM_GCC_541\Debug\PRJ3.a(UART_PI.o)
                0x000010cc                UART_PI_Enable
 .text.UART_PI_Start
                0x00001104       0x1c .\CortexM3\ARM_GCC_541\Debug\PRJ3.a(UART_PI.o)
                0x00001104                UART_PI_Start
 .text.UART_PI_ReadRxData
                0x00001120        0xc .\CortexM3\ARM_GCC_541\Debug\PRJ3.a(UART_PI.o)
                0x00001120                UART_PI_ReadRxData
 .text.UART_PI_GetRxBufferSize
                0x0000112c       0x18 .\CortexM3\ARM_GCC_541\Debug\PRJ3.a(UART_PI.o)
                0x0000112c                UART_PI_GetRxBufferSize
 .text.UART_PI_PutChar
                0x00001144       0x18 .\CortexM3\ARM_GCC_541\Debug\PRJ3.a(UART_PI.o)
                0x00001144                UART_PI_PutChar
 .text.UART_PI_PutString
                0x0000115c       0x24 .\CortexM3\ARM_GCC_541\Debug\PRJ3.a(UART_PI.o)
                0x0000115c                UART_PI_PutString
 .text.UART_PI_RX_ISR_SetVector
                0x00001180        0xc .\CortexM3\ARM_GCC_541\Debug\PRJ3.a(UART_PI_RX_ISR.o)
                0x00001180                UART_PI_RX_ISR_SetVector
 .text.UART_PI_RX_ISR_SetPriority
                0x0000118c       0x10 .\CortexM3\ARM_GCC_541\Debug\PRJ3.a(UART_PI_RX_ISR.o)
                0x0000118c                UART_PI_RX_ISR_SetPriority
 .text.UART_PI_RX_ISR_Enable
                0x0000119c        0xc .\CortexM3\ARM_GCC_541\Debug\PRJ3.a(UART_PI_RX_ISR.o)
                0x0000119c                UART_PI_RX_ISR_Enable
 .text.UART_PI_RX_ISR_Disable
                0x000011a8        0xc .\CortexM3\ARM_GCC_541\Debug\PRJ3.a(UART_PI_RX_ISR.o)
                0x000011a8                UART_PI_RX_ISR_Disable
 .text.UART_PI_RX_ISR_StartEx
                0x000011b4       0x1c .\CortexM3\ARM_GCC_541\Debug\PRJ3.a(UART_PI_RX_ISR.o)
                0x000011b4                UART_PI_RX_ISR_StartEx
 .text.PUMP_1_Write
                0x000011d0       0x18 .\CortexM3\ARM_GCC_541\Debug\PRJ3.a(PUMP_1.o)
                0x000011d0                PUMP_1_Write
 .text.PUMP_2_Write
                0x000011e8       0x18 .\CortexM3\ARM_GCC_541\Debug\PRJ3.a(PUMP_2.o)
                0x000011e8                PUMP_2_Write
 .text.PUMP_3_Write
                0x00001200       0x18 .\CortexM3\ARM_GCC_541\Debug\PRJ3.a(PUMP_3.o)
                0x00001200                PUMP_3_Write
 .text.PUMP_4_Write
                0x00001218       0x18 .\CortexM3\ARM_GCC_541\Debug\PRJ3.a(PUMP_4.o)
                0x00001218                PUMP_4_Write
 .text.PUMP_5_Write
                0x00001230       0x18 .\CortexM3\ARM_GCC_541\Debug\PRJ3.a(PUMP_5.o)
                0x00001230                PUMP_5_Write
 .text.PUMP_6_Write
                0x00001248       0x18 .\CortexM3\ARM_GCC_541\Debug\PRJ3.a(PUMP_6.o)
                0x00001248                PUMP_6_Write
 .text.UART_USB_IntClock_Start
                0x00001260       0x1c .\CortexM3\ARM_GCC_541\Debug\PRJ3.a(UART_USB_IntClock.o)
                0x00001260                UART_USB_IntClock_Start
 .text.UART_PI_IntClock_Start
                0x0000127c       0x1c .\CortexM3\ARM_GCC_541\Debug\PRJ3.a(UART_PI_IntClock.o)
                0x0000127c                UART_PI_IntClock_Start
 .text.CyDelay  0x00001298       0x2c .\CortexM3\ARM_GCC_541\Debug\PRJ3.a(CyLib.o)
                0x00001298                CyDelay
 .text.CyDelayUs
                0x000012c4       0x14 .\CortexM3\ARM_GCC_541\Debug\PRJ3.a(CyLib.o)
                0x000012c4                CyDelayUs
 .text.WEIGHT_ADC_IsEndConversion
                0x000012d8       0x24 .\CortexM3\ARM_GCC_541\Debug\PRJ3.a(WEIGHT_ADC.o)
                0x000012d8                WEIGHT_ADC_IsEndConversion
 .text.WEIGHT_ADC_GetResult16
                0x000012fc       0x18 .\CortexM3\ARM_GCC_541\Debug\PRJ3.a(WEIGHT_ADC.o)
                0x000012fc                WEIGHT_ADC_GetResult16
 *fill*         0x00001314        0x4 
 .text          0x00001318       0x20 .\CortexM3\ARM_GCC_541\Debug\PRJ3.a(CyBootAsmGnu.o)
                0x00001318                CyDelayCycles
                0x00001328                CyEnterCriticalSection
                0x00001330                CyExitCriticalSection
 .text          0x00001338      0x370 c:/program files (x86)/cypress/psoc creator/4.4/psoc creator/import/gnu/arm/5.4.1/bin/../lib/gcc/arm-none-eabi/5.4.1/armv7-m\libgcc.a(_arm_addsubdf3.o)
                0x00001338                __aeabi_drsub
                0x00001340                __aeabi_dsub
                0x00001340                __subdf3
                0x00001344                __aeabi_dadd
                0x00001344                __adddf3
                0x000015bc                __floatunsidf
                0x000015bc                __aeabi_ui2d
                0x000015dc                __floatsidf
                0x000015dc                __aeabi_i2d
                0x00001600                __aeabi_f2d
                0x00001600                __extendsfdf2
                0x0000163c                __floatundidf
                0x0000163c                __aeabi_ul2d
                0x0000164c                __floatdidf
                0x0000164c                __aeabi_l2d
 .text          0x000016a8      0x424 c:/program files (x86)/cypress/psoc creator/4.4/psoc creator/import/gnu/arm/5.4.1/bin/../lib/gcc/arm-none-eabi/5.4.1/armv7-m\libgcc.a(_arm_muldivdf3.o)
                0x000016a8                __aeabi_dmul
                0x000016a8                __muldf3
                0x000018fc                __divdf3
                0x000018fc                __aeabi_ddiv
 .text          0x00001acc      0x110 c:/program files (x86)/cypress/psoc creator/4.4/psoc creator/import/gnu/arm/5.4.1/bin/../lib/gcc/arm-none-eabi/5.4.1/armv7-m\libgcc.a(_arm_cmpdf2.o)
                0x00001acc                __gtdf2
                0x00001acc                __gedf2
                0x00001ad4                __ltdf2
                0x00001ad4                __ledf2
                0x00001adc                __nedf2
                0x00001adc                __eqdf2
                0x00001adc                __cmpdf2
                0x00001b58                __aeabi_cdrcmple
                0x00001b68                __aeabi_cdcmpeq
                0x00001b68                __aeabi_cdcmple
                0x00001b78                __aeabi_dcmpeq
                0x00001b8c                __aeabi_dcmplt
                0x00001ba0                __aeabi_dcmple
                0x00001bb4                __aeabi_dcmpge
                0x00001bc8                __aeabi_dcmpgt
 .text.__errno  0x00001bdc        0xc c:/program files (x86)/cypress/psoc creator/4.4/psoc creator/import/gnu/arm/5.4.1/bin/../lib/gcc/arm-none-eabi/5.4.1/../../../../arm-none-eabi/lib/armv7-m\libg_nano.a(lib_a-errno.o)
                0x00001bdc                __errno
 .text.__libc_init_array
                0x00001be8       0x4c c:/program files (x86)/cypress/psoc creator/4.4/psoc creator/import/gnu/arm/5.4.1/bin/../lib/gcc/arm-none-eabi/5.4.1/../../../../arm-none-eabi/lib/armv7-m\libg_nano.a(lib_a-init.o)
                0x00001be8                __libc_init_array
 .text.memcpy   0x00001c34       0x16 c:/program files (x86)/cypress/psoc creator/4.4/psoc creator/import/gnu/arm/5.4.1/bin/../lib/gcc/arm-none-eabi/5.4.1/../../../../arm-none-eabi/lib/armv7-m\libg_nano.a(lib_a-memcpy-stub.o)
                0x00001c34                memcpy
 .text.memset   0x00001c4a       0x10 c:/program files (x86)/cypress/psoc creator/4.4/psoc creator/import/gnu/arm/5.4.1/bin/../lib/gcc/arm-none-eabi/5.4.1/../../../../arm-none-eabi/lib/armv7-m\libg_nano.a(lib_a-memset.o)
                0x00001c4a                memset
 .text.__cvt    0x00001c5a       0xc0 c:/program files (x86)/cypress/psoc creator/4.4/psoc creator/import/gnu/arm/5.4.1/bin/../lib/gcc/arm-none-eabi/5.4.1/../../../../arm-none-eabi/lib/armv7-m\libg_nano.a(lib_a-nano-vfprintf_float.o)
                0x00001c5a                __cvt
 .text.__exponent
                0x00001d1a       0x62 c:/program files (x86)/cypress/psoc creator/4.4/psoc creator/import/gnu/arm/5.4.1/bin/../lib/gcc/arm-none-eabi/5.4.1/../../../../arm-none-eabi/lib/armv7-m\libg_nano.a(lib_a-nano-vfprintf_float.o)
                0x00001d1a                __exponent
 .text._printf_float
                0x00001d7c      0x488 c:/program files (x86)/cypress/psoc creator/4.4/psoc creator/import/gnu/arm/5.4.1/bin/../lib/gcc/arm-none-eabi/5.4.1/../../../../arm-none-eabi/lib/armv7-m\libg_nano.a(lib_a-nano-vfprintf_float.o)
                0x00001d7c                _printf_float
 .text._printf_common
                0x00002204       0xec c:/program files (x86)/cypress/psoc creator/4.4/psoc creator/import/gnu/arm/5.4.1/bin/../lib/gcc/arm-none-eabi/5.4.1/../../../../arm-none-eabi/lib/armv7-m\libg_nano.a(lib_a-nano-vfprintf_i.o)
                0x00002204                _printf_common
 .text._printf_i
                0x000022f0      0x24c c:/program files (x86)/cypress/psoc creator/4.4/psoc creator/import/gnu/arm/5.4.1/bin/../lib/gcc/arm-none-eabi/5.4.1/../../../../arm-none-eabi/lib/armv7-m\libg_nano.a(lib_a-nano-vfprintf_i.o)
                0x000022f0                _printf_i
 .text.srand    0x0000253c       0x50 c:/program files (x86)/cypress/psoc creator/4.4/psoc creator/import/gnu/arm/5.4.1/bin/../lib/gcc/arm-none-eabi/5.4.1/../../../../arm-none-eabi/lib/armv7-m\libg_nano.a(lib_a-rand.o)
                0x0000253c                srand
 .text.snprintf
                0x0000258c       0x64 c:/program files (x86)/cypress/psoc creator/4.4/psoc creator/import/gnu/arm/5.4.1/bin/../lib/gcc/arm-none-eabi/5.4.1/../../../../arm-none-eabi/lib/armv7-m\libg_nano.a(lib_a-snprintf.o)
                0x0000258c                sniprintf
                0x0000258c                snprintf
 .text          0x000025f0       0x14 c:/program files (x86)/cypress/psoc creator/4.4/psoc creator/import/gnu/arm/5.4.1/bin/../lib/gcc/arm-none-eabi/5.4.1/../../../../arm-none-eabi/lib/armv7-m\libg_nano.a(lib_a-strcmp.o)
                0x000025f0                strcmp
 .text          0x00002604       0x10 c:/program files (x86)/cypress/psoc creator/4.4/psoc creator/import/gnu/arm/5.4.1/bin/../lib/gcc/arm-none-eabi/5.4.1/../../../../arm-none-eabi/lib/armv7-m\libg_nano.a(lib_a-strlen.o)
                0x00002604                strlen
 .text.strtok   0x00002614       0x64 c:/program files (x86)/cypress/psoc creator/4.4/psoc creator/import/gnu/arm/5.4.1/bin/../lib/gcc/arm-none-eabi/5.4.1/../../../../arm-none-eabi/lib/armv7-m\libg_nano.a(lib_a-strtok.o)
                0x00002614                strtok
 .text.__strtok_r
                0x00002678       0x56 c:/program files (x86)/cypress/psoc creator/4.4/psoc creator/import/gnu/arm/5.4.1/bin/../lib/gcc/arm-none-eabi/5.4.1/../../../../arm-none-eabi/lib/armv7-m\libg_nano.a(lib_a-strtok_r.o)
                0x00002678                __strtok_r
 *fill*         0x000026ce        0x2 
 .text.time     0x000026d0       0x28 c:/program files (x86)/cypress/psoc creator/4.4/psoc creator/import/gnu/arm/5.4.1/bin/../lib/gcc/arm-none-eabi/5.4.1/../../../../arm-none-eabi/lib/armv7-m\libg_nano.a(lib_a-time.o)
                0x000026d0                time
 .text.quorem   0x000026f8      0x116 c:/program files (x86)/cypress/psoc creator/4.4/psoc creator/import/gnu/arm/5.4.1/bin/../lib/gcc/arm-none-eabi/5.4.1/../../../../arm-none-eabi/lib/armv7-m\libg_nano.a(lib_a-dtoa.o)
 *fill*         0x0000280e        0x2 
 .text._dtoa_r  0x00002810      0xb30 c:/program files (x86)/cypress/psoc creator/4.4/psoc creator/import/gnu/arm/5.4.1/bin/../lib/gcc/arm-none-eabi/5.4.1/../../../../arm-none-eabi/lib/armv7-m\libg_nano.a(lib_a-dtoa.o)
                0x00002810                _dtoa_r
 .text._gettimeofday_r
                0x00003340       0x24 c:/program files (x86)/cypress/psoc creator/4.4/psoc creator/import/gnu/arm/5.4.1/bin/../lib/gcc/arm-none-eabi/5.4.1/../../../../arm-none-eabi/lib/armv7-m\libg_nano.a(lib_a-gettimeofdayr.o)
                0x00003340                _gettimeofday_r
 .text._localeconv_r
                0x00003364        0x8 c:/program files (x86)/cypress/psoc creator/4.4/psoc creator/import/gnu/arm/5.4.1/bin/../lib/gcc/arm-none-eabi/5.4.1/../../../../arm-none-eabi/lib/armv7-m\libg_nano.a(lib_a-locale.o)
                0x00003364                _localeconv_r
 .text.malloc   0x0000336c       0x10 c:/program files (x86)/cypress/psoc creator/4.4/psoc creator/import/gnu/arm/5.4.1/bin/../lib/gcc/arm-none-eabi/5.4.1/../../../../arm-none-eabi/lib/armv7-m\libg_nano.a(lib_a-malloc.o)
                0x0000336c                malloc
 .text.memchr   0x0000337c       0x1c c:/program files (x86)/cypress/psoc creator/4.4/psoc creator/import/gnu/arm/5.4.1/bin/../lib/gcc/arm-none-eabi/5.4.1/../../../../arm-none-eabi/lib/armv7-m\libg_nano.a(lib_a-memchr-stub.o)
                0x0000337c                memchr
 .text._Balloc  0x00003398       0x6a c:/program files (x86)/cypress/psoc creator/4.4/psoc creator/import/gnu/arm/5.4.1/bin/../lib/gcc/arm-none-eabi/5.4.1/../../../../arm-none-eabi/lib/armv7-m\libg_nano.a(lib_a-mprec.o)
                0x00003398                _Balloc
 .text._Bfree   0x00003402       0x2e c:/program files (x86)/cypress/psoc creator/4.4/psoc creator/import/gnu/arm/5.4.1/bin/../lib/gcc/arm-none-eabi/5.4.1/../../../../arm-none-eabi/lib/armv7-m\libg_nano.a(lib_a-mprec.o)
                0x00003402                _Bfree
 .text.__multadd
                0x00003430       0x76 c:/program files (x86)/cypress/psoc creator/4.4/psoc creator/import/gnu/arm/5.4.1/bin/../lib/gcc/arm-none-eabi/5.4.1/../../../../arm-none-eabi/lib/armv7-m\libg_nano.a(lib_a-mprec.o)
                0x00003430                __multadd
 .text.__hi0bits
                0x000034a6       0x40 c:/program files (x86)/cypress/psoc creator/4.4/psoc creator/import/gnu/arm/5.4.1/bin/../lib/gcc/arm-none-eabi/5.4.1/../../../../arm-none-eabi/lib/armv7-m\libg_nano.a(lib_a-mprec.o)
                0x000034a6                __hi0bits
 .text.__lo0bits
                0x000034e6       0x5a c:/program files (x86)/cypress/psoc creator/4.4/psoc creator/import/gnu/arm/5.4.1/bin/../lib/gcc/arm-none-eabi/5.4.1/../../../../arm-none-eabi/lib/armv7-m\libg_nano.a(lib_a-mprec.o)
                0x000034e6                __lo0bits
 .text.__i2b    0x00003540       0x12 c:/program files (x86)/cypress/psoc creator/4.4/psoc creator/import/gnu/arm/5.4.1/bin/../lib/gcc/arm-none-eabi/5.4.1/../../../../arm-none-eabi/lib/armv7-m\libg_nano.a(lib_a-mprec.o)
                0x00003540                __i2b
 .text.__multiply
                0x00003552      0x120 c:/program files (x86)/cypress/psoc creator/4.4/psoc creator/import/gnu/arm/5.4.1/bin/../lib/gcc/arm-none-eabi/5.4.1/../../../../arm-none-eabi/lib/armv7-m\libg_nano.a(lib_a-mprec.o)
                0x00003552                __multiply
 *fill*         0x00003672        0x2 
 .text.__pow5mult
                0x00003674       0x9c c:/program files (x86)/cypress/psoc creator/4.4/psoc creator/import/gnu/arm/5.4.1/bin/../lib/gcc/arm-none-eabi/5.4.1/../../../../arm-none-eabi/lib/armv7-m\libg_nano.a(lib_a-mprec.o)
                0x00003674                __pow5mult
 .text.__lshift
                0x00003710       0xa2 c:/program files (x86)/cypress/psoc creator/4.4/psoc creator/import/gnu/arm/5.4.1/bin/../lib/gcc/arm-none-eabi/5.4.1/../../../../arm-none-eabi/lib/armv7-m\libg_nano.a(lib_a-mprec.o)
                0x00003710                __lshift
 .text.__mcmp   0x000037b2       0x38 c:/program files (x86)/cypress/psoc creator/4.4/psoc creator/import/gnu/arm/5.4.1/bin/../lib/gcc/arm-none-eabi/5.4.1/../../../../arm-none-eabi/lib/armv7-m\libg_nano.a(lib_a-mprec.o)
                0x000037b2                __mcmp
 .text.__mdiff  0x000037ea       0xbe c:/program files (x86)/cypress/psoc creator/4.4/psoc creator/import/gnu/arm/5.4.1/bin/../lib/gcc/arm-none-eabi/5.4.1/../../../../arm-none-eabi/lib/armv7-m\libg_nano.a(lib_a-mprec.o)
                0x000037ea                __mdiff
 .text.__d2b    0x000038a8       0x9c c:/program files (x86)/cypress/psoc creator/4.4/psoc creator/import/gnu/arm/5.4.1/bin/../lib/gcc/arm-none-eabi/5.4.1/../../../../arm-none-eabi/lib/armv7-m\libg_nano.a(lib_a-mprec.o)
                0x000038a8                __d2b
 .text._calloc_r
                0x00003944       0x1c c:/program files (x86)/cypress/psoc creator/4.4/psoc creator/import/gnu/arm/5.4.1/bin/../lib/gcc/arm-none-eabi/5.4.1/../../../../arm-none-eabi/lib/armv7-m\libg_nano.a(lib_a-nano-callocr.o)
                0x00003944                _calloc_r
 .text._free_r  0x00003960       0x98 c:/program files (x86)/cypress/psoc creator/4.4/psoc creator/import/gnu/arm/5.4.1/bin/../lib/gcc/arm-none-eabi/5.4.1/../../../../arm-none-eabi/lib/armv7-m\libg_nano.a(lib_a-nano-freer.o)
                0x00003960                _free_r
 .text._malloc_r
                0x000039f8       0xbc c:/program files (x86)/cypress/psoc creator/4.4/psoc creator/import/gnu/arm/5.4.1/bin/../lib/gcc/arm-none-eabi/5.4.1/../../../../arm-none-eabi/lib/armv7-m\libg_nano.a(lib_a-nano-mallocr.o)
                0x000039f8                _malloc_r
 .text.__ssputs_r
                0x00003ab4       0xb2 c:/program files (x86)/cypress/psoc creator/4.4/psoc creator/import/gnu/arm/5.4.1/bin/../lib/gcc/arm-none-eabi/5.4.1/../../../../arm-none-eabi/lib/armv7-m\libg_nano.a(lib_a-nano-svfprintf.o)
                0x00003ab4                __ssputs_r
 *fill*         0x00003b66        0x2 
 .text._svfprintf_r
                0x00003b68      0x1e8 c:/program files (x86)/cypress/psoc creator/4.4/psoc creator/import/gnu/arm/5.4.1/bin/../lib/gcc/arm-none-eabi/5.4.1/../../../../arm-none-eabi/lib/armv7-m\libg_nano.a(lib_a-nano-svfprintf.o)
                0x00003b68                _svfiprintf_r
                0x00003b68                _svfprintf_r
 .text._sbrk_r  0x00003d50       0x20 c:/program files (x86)/cypress/psoc creator/4.4/psoc creator/import/gnu/arm/5.4.1/bin/../lib/gcc/arm-none-eabi/5.4.1/../../../../arm-none-eabi/lib/armv7-m\libg_nano.a(lib_a-sbrkr.o)
                0x00003d50                _sbrk_r
 .text.memmove  0x00003d70       0x36 c:/program files (x86)/cypress/psoc creator/4.4/psoc creator/import/gnu/arm/5.4.1/bin/../lib/gcc/arm-none-eabi/5.4.1/../../../../arm-none-eabi/lib/armv7-m\libg_nano.a(lib_a-memmove.o)
                0x00003d70                memmove
 .text.__malloc_lock
                0x00003da6        0x2 c:/program files (x86)/cypress/psoc creator/4.4/psoc creator/import/gnu/arm/5.4.1/bin/../lib/gcc/arm-none-eabi/5.4.1/../../../../arm-none-eabi/lib/armv7-m\libg_nano.a(lib_a-mlock.o)
                0x00003da6                __malloc_lock
 .text.__malloc_unlock
                0x00003da8        0x2 c:/program files (x86)/cypress/psoc creator/4.4/psoc creator/import/gnu/arm/5.4.1/bin/../lib/gcc/arm-none-eabi/5.4.1/../../../../arm-none-eabi/lib/armv7-m\libg_nano.a(lib_a-mlock.o)
                0x00003da8                __malloc_unlock
 .text._realloc_r
                0x00003daa       0x4c c:/program files (x86)/cypress/psoc creator/4.4/psoc creator/import/gnu/arm/5.4.1/bin/../lib/gcc/arm-none-eabi/5.4.1/../../../../arm-none-eabi/lib/armv7-m\libg_nano.a(lib_a-nano-reallocr.o)
                0x00003daa                _realloc_r
 .text._malloc_usable_size_r
                0x00003df6       0x14 c:/program files (x86)/cypress/psoc creator/4.4/psoc creator/import/gnu/arm/5.4.1/bin/../lib/gcc/arm-none-eabi/5.4.1/../../../../arm-none-eabi/lib/armv7-m\libg_nano.a(lib_a-nano-msizer.o)
                0x00003df6                _malloc_usable_size_r
 *fill*         0x00003e0a        0x2 
 .text          0x00003e0c       0x2c c:/program files (x86)/cypress/psoc creator/4.4/psoc creator/import/gnu/arm/5.4.1/bin/../lib/gcc/arm-none-eabi/5.4.1/armv7-m\libgcc.a(_arm_unorddf2.o)
                0x00003e0c                __unorddf2
                0x00003e0c                __aeabi_dcmpun
 .text          0x00003e38       0x50 c:/program files (x86)/cypress/psoc creator/4.4/psoc creator/import/gnu/arm/5.4.1/bin/../lib/gcc/arm-none-eabi/5.4.1/armv7-m\libgcc.a(_arm_fixdfsi.o)
                0x00003e38                __aeabi_d2iz
                0x00003e38                __fixdfsi
 .text._gettimeofday
                0x00003e88       0x10 c:/program files (x86)/cypress/psoc creator/4.4/psoc creator/import/gnu/arm/5.4.1/bin/../lib/gcc/arm-none-eabi/5.4.1/../../../../arm-none-eabi/lib/armv7-m\libnosys.a(gettod.o)
                0x00003e88                _gettimeofday
 *(.plt)
 *(.gnu.warning)
 *(.glue_7t)
 .glue_7t       0x00003e98        0x0 linker stubs
 *(.glue_7)
 .glue_7        0x00003e98        0x0 linker stubs
 *(.vfp11_veneer)
 .vfp11_veneer  0x00003e98        0x0 linker stubs
 *(.bootloader)
 *(.ARM.extab* .gnu.linkonce.armextab.*)
 *(.gcc_except_table)

.v4_bx          0x00003e98        0x0
 .v4_bx         0x00003e98        0x0 linker stubs

.iplt           0x00003e98        0x0
 .iplt          0x00003e98        0x0 c:/program files (x86)/cypress/psoc creator/4.4/psoc creator/import/gnu/arm/5.4.1/bin/../lib/gcc/arm-none-eabi/5.4.1/armv7-m/crtbegin.o

.eh_frame_hdr
 *(.eh_frame_hdr)

.eh_frame       0x00003e98        0x4
 *(.eh_frame)
 .eh_frame      0x00003e98        0x0 c:/program files (x86)/cypress/psoc creator/4.4/psoc creator/import/gnu/arm/5.4.1/bin/../lib/gcc/arm-none-eabi/5.4.1/armv7-m/crtbegin.o
 .eh_frame      0x00003e98        0x4 c:/program files (x86)/cypress/psoc creator/4.4/psoc creator/import/gnu/arm/5.4.1/bin/../lib/gcc/arm-none-eabi/5.4.1/armv7-m/crtend.o
                [!provide]                PROVIDE (__exidx_start, .)

.ARM.exidx
 *(.ARM.exidx* .gnu.linkonce.armexidx.*)
                0x00003e9c                __exidx_end = .

.rodata         0x00003ea0      0x3e8
 *(.rodata .rodata.* .gnu.linkonce.r.*)
 .rodata.str1.4
                0x00003ea0      0x1c7 .\CortexM3\ARM_GCC_541\Debug\main.o
                                0x1cb (size before relaxing)
 *fill*         0x00004067        0x1 
 .rodata        0x00004068        0x6 .\CortexM3\ARM_GCC_541\Debug\ColorSensor.o
                0x00004068                rgb_ref
 *fill*         0x0000406e        0x2 
 .rodata.str1.4
                0x00004070       0x2c .\CortexM3\ARM_GCC_541\Debug\ColorSensor.o
                                 0x32 (size before relaxing)
 .rodata        0x0000409c       0x14 .\CortexM3\ARM_GCC_541\Debug\Motor.o
                0x0000409c                DRIVE_SEQ
                0x000040ac                DRIVE_OFF
 .rodata.str1.4
                0x000040b0        0x4 .\CortexM3\ARM_GCC_541\Debug\UART.o
 .rodata        0x000040b4       0x3a .\CortexM3\ARM_GCC_541\Debug\cyfitter_cfg.o
 .rodata.str1.1
                0x000040ee        0x2 c:/program files (x86)/cypress/psoc creator/4.4/psoc creator/import/gnu/arm/5.4.1/bin/../lib/gcc/arm-none-eabi/5.4.1/../../../../arm-none-eabi/lib/armv7-m\libg_nano.a(lib_a-impure.o)
 .rodata.str1.1
                0x000040f0       0x12 c:/program files (x86)/cypress/psoc creator/4.4/psoc creator/import/gnu/arm/5.4.1/bin/../lib/gcc/arm-none-eabi/5.4.1/../../../../arm-none-eabi/lib/armv7-m\libg_nano.a(lib_a-nano-vfprintf_float.o)
 .rodata.str1.1
                0x00004102       0x22 c:/program files (x86)/cypress/psoc creator/4.4/psoc creator/import/gnu/arm/5.4.1/bin/../lib/gcc/arm-none-eabi/5.4.1/../../../../arm-none-eabi/lib/armv7-m\libg_nano.a(lib_a-nano-vfprintf_i.o)
 .rodata.str1.1
                0x00004124        0xd c:/program files (x86)/cypress/psoc creator/4.4/psoc creator/import/gnu/arm/5.4.1/bin/../lib/gcc/arm-none-eabi/5.4.1/../../../../arm-none-eabi/lib/armv7-m\libg_nano.a(lib_a-dtoa.o)
                                  0xf (size before relaxing)
 .rodata.str1.1
                0x00004131        0x8 c:/program files (x86)/cypress/psoc creator/4.4/psoc creator/import/gnu/arm/5.4.1/bin/../lib/gcc/arm-none-eabi/5.4.1/../../../../arm-none-eabi/lib/armv7-m\libg_nano.a(lib_a-locale.o)
                                  0xb (size before relaxing)
 *fill*         0x00004139        0x7 
 .rodata.__mprec_tens
                0x00004140       0xc8 c:/program files (x86)/cypress/psoc creator/4.4/psoc creator/import/gnu/arm/5.4.1/bin/../lib/gcc/arm-none-eabi/5.4.1/../../../../arm-none-eabi/lib/armv7-m\libg_nano.a(lib_a-mprec.o)
                0x00004140                __mprec_tens
 .rodata.p05.5408
                0x00004208        0xc c:/program files (x86)/cypress/psoc creator/4.4/psoc creator/import/gnu/arm/5.4.1/bin/../lib/gcc/arm-none-eabi/5.4.1/../../../../arm-none-eabi/lib/armv7-m\libg_nano.a(lib_a-mprec.o)
 *fill*         0x00004214        0x4 
 .rodata.__mprec_bigtens
                0x00004218       0x28 c:/program files (x86)/cypress/psoc creator/4.4/psoc creator/import/gnu/arm/5.4.1/bin/../lib/gcc/arm-none-eabi/5.4.1/../../../../arm-none-eabi/lib/armv7-m\libg_nano.a(lib_a-mprec.o)
                0x00004218                __mprec_bigtens
 .rodata.str1.1
                0x00004240       0x11 c:/program files (x86)/cypress/psoc creator/4.4/psoc creator/import/gnu/arm/5.4.1/bin/../lib/gcc/arm-none-eabi/5.4.1/../../../../arm-none-eabi/lib/armv7-m\libg_nano.a(lib_a-nano-svfprintf.o)
                0x00004254                . = ALIGN (0x4)
 *fill*         0x00004251        0x3 
 *(.init)
 .init          0x00004254        0x4 c:/program files (x86)/cypress/psoc creator/4.4/psoc creator/import/gnu/arm/5.4.1/bin/../lib/gcc/arm-none-eabi/5.4.1/armv7-m/crti.o
                0x00004254                _init
 .init          0x00004258        0x8 c:/program files (x86)/cypress/psoc creator/4.4/psoc creator/import/gnu/arm/5.4.1/bin/../lib/gcc/arm-none-eabi/5.4.1/armv7-m/crtn.o
                0x00004260                . = ALIGN (0x4)
                0x00004260                __preinit_array_start = .
 *(.preinit_array)
                0x00004260                __preinit_array_end = .
                0x00004260                . = ALIGN (0x4)
                0x00004260                __init_array_start = .
 *(SORT(.init_array.*))
 *(.init_array)
 .init_array    0x00004260        0x4 c:/program files (x86)/cypress/psoc creator/4.4/psoc creator/import/gnu/arm/5.4.1/bin/../lib/gcc/arm-none-eabi/5.4.1/armv7-m/crtbegin.o
 .init_array    0x00004264        0x4 .\CortexM3\ARM_GCC_541\Debug\Cm3Start.o
                0x00004268                __init_array_end = .
                0x00004268                . = ALIGN (0x4)
 *(.fini)
 .fini          0x00004268        0x4 c:/program files (x86)/cypress/psoc creator/4.4/psoc creator/import/gnu/arm/5.4.1/bin/../lib/gcc/arm-none-eabi/5.4.1/armv7-m/crti.o
                0x00004268                _fini
 .fini          0x0000426c        0x8 c:/program files (x86)/cypress/psoc creator/4.4/psoc creator/import/gnu/arm/5.4.1/bin/../lib/gcc/arm-none-eabi/5.4.1/armv7-m/crtn.o
                0x00004274                . = ALIGN (0x4)
                0x00004274                __fini_array_start = .
 *(.fini_array)
 .fini_array    0x00004274        0x4 c:/program files (x86)/cypress/psoc creator/4.4/psoc creator/import/gnu/arm/5.4.1/bin/../lib/gcc/arm-none-eabi/5.4.1/armv7-m/crtbegin.o
 *(SORT(.fini_array.*))
                0x00004278                __fini_array_end = .
                0x00004278                . = ALIGN (0x4)
 *crtbegin.o(.ctors)
 *(EXCLUDE_FILE(*crtend.o) .ctors)
 *(SORT(.ctors.*))
 *crtend.o(.ctors)
                0x00004278                . = ALIGN (0x4)
 *crtbegin.o(.dtors)
 *(EXCLUDE_FILE(*crtend.o) .dtors)
 *(SORT(.dtors.*))
 *crtend.o(.dtors)
                0x00004278                . = ALIGN (0x4)
                0x00004278                __cy_regions = .
                0x00004278        0x4 LONG 0x4288 __cy_region_init_ram
                0x0000427c        0x4 LONG 0x1fff80c8 __cy_region_start_data
                0x00004280        0x4 LONG 0xd0 __cy_region_init_size_ram
                0x00004284        0x4 LONG 0x158 __cy_region_zero_size_ram
                0x00004288                __cy_regions_end = .
                0x00004288                . = ALIGN (0x8)
                0x00004288                _etext = .

.cy_checksum_exclude
                0x00004288        0x0
 *(.cy_checksum_exclude)

.ramvectors     0x1fff8000       0xc0
                0x1fff8000                __cy_region_start_ram = .
 *(.ramvectors)
 .ramvectors    0x1fff8000       0xc0 .\CortexM3\ARM_GCC_541\Debug\Cm3Start.o
                0x1fff8000                CyRamVectors

.noinit         0x1fff80c0        0x1
 *(.noinit)
 .noinit        0x1fff80c0        0x1 .\CortexM3\ARM_GCC_541\Debug\PRJ3.a(CyLib.o)
                0x1fff80c0                CyResetStatus

.data           0x1fff80c8       0xd0 load address 0x00004288
                0x1fff80c8                __cy_region_start_data = .
 *(.jcr)
 .jcr           0x1fff80c8        0x0 c:/program files (x86)/cypress/psoc creator/4.4/psoc creator/import/gnu/arm/5.4.1/bin/../lib/gcc/arm-none-eabi/5.4.1/armv7-m/crtbegin.o
 .jcr           0x1fff80c8        0x4 c:/program files (x86)/cypress/psoc creator/4.4/psoc creator/import/gnu/arm/5.4.1/bin/../lib/gcc/arm-none-eabi/5.4.1/armv7-m/crtend.o
 *(.got.plt)
 *(.got)
 *(.shdata)
 *(.data .data.* .gnu.linkonce.d.*)
 .data          0x1fff80cc       0x18 .\CortexM3\ARM_GCC_541\Debug\Pump.o
                0x1fff80cc                PumpWrite
 .data          0x1fff80e4        0x4 .\CortexM3\ARM_GCC_541\Debug\Cm3Start.o
 .data          0x1fff80e8       0x10 .\CortexM3\ARM_GCC_541\Debug\PRJ3.a(CyLib.o)
                0x1fff80e8                cydelay_32k_ms
                0x1fff80ec                cydelay_freq_khz
                0x1fff80f0                cydelay_freq_mhz
                0x1fff80f4                cydelay_freq_hz
 .data.impure_data
                0x1fff80f8       0x60 c:/program files (x86)/cypress/psoc creator/4.4/psoc creator/import/gnu/arm/5.4.1/bin/../lib/gcc/arm-none-eabi/5.4.1/../../../../arm-none-eabi/lib/armv7-m\libg_nano.a(lib_a-impure.o)
 .data._impure_ptr
                0x1fff8158        0x4 c:/program files (x86)/cypress/psoc creator/4.4/psoc creator/import/gnu/arm/5.4.1/bin/../lib/gcc/arm-none-eabi/5.4.1/../../../../arm-none-eabi/lib/armv7-m\libg_nano.a(lib_a-impure.o)
                0x1fff8158                _impure_ptr
 .data.lconv    0x1fff815c       0x38 c:/program files (x86)/cypress/psoc creator/4.4/psoc creator/import/gnu/arm/5.4.1/bin/../lib/gcc/arm-none-eabi/5.4.1/../../../../arm-none-eabi/lib/armv7-m\libg_nano.a(lib_a-locale.o)
                0x1fff8198                . = ALIGN (0x8)
 *fill*         0x1fff8194        0x4 
 *(.ram)
                0x1fff8198                _edata = .

.igot.plt       0x1fff8198        0x0 load address 0x00004358
 .igot.plt      0x1fff8198        0x0 c:/program files (x86)/cypress/psoc creator/4.4/psoc creator/import/gnu/arm/5.4.1/bin/../lib/gcc/arm-none-eabi/5.4.1/armv7-m/crtbegin.o

.bss            0x1fff8198      0x158 load address 0x00004358
                0x1fff8198                PROVIDE (__bss_start__, .)
 *(.shbss)
 *(.bss .bss.* .gnu.linkonce.b.*)
 .bss           0x1fff8198       0x1c c:/program files (x86)/cypress/psoc creator/4.4/psoc creator/import/gnu/arm/5.4.1/bin/../lib/gcc/arm-none-eabi/5.4.1/armv7-m/crtbegin.o
 .bss           0x1fff81b4        0x5 .\CortexM3\ARM_GCC_541\Debug\main.o
                0x1fff81b4                ADC_zeroOffset
                0x1fff81b6                currentState
                0x1fff81b7                selectedCupSize
                0x1fff81b8                detectedColor
 *fill*         0x1fff81b9        0x1 
 .bss           0x1fff81ba        0x2 .\CortexM3\ARM_GCC_541\Debug\Motor.o
                0x1fff81ba                currentStep
 .bss           0x1fff81bc      0x114 .\CortexM3\ARM_GCC_541\Debug\UART.o
                0x1fff81bc                latestCmd
                0x1fff81c0                latestParams
 .bss           0x1fff82d0        0x2 .\CortexM3\ARM_GCC_541\Debug\PRJ3.a(UART_USB.o)
                0x1fff82d0                UART_USB_initVar
 .bss           0x1fff82d2        0x2 .\CortexM3\ARM_GCC_541\Debug\PRJ3.a(UART_PI.o)
                0x1fff82d2                UART_PI_initVar
 .bss.__malloc_sbrk_start
                0x1fff82d4        0x4 c:/program files (x86)/cypress/psoc creator/4.4/psoc creator/import/gnu/arm/5.4.1/bin/../lib/gcc/arm-none-eabi/5.4.1/../../../../arm-none-eabi/lib/armv7-m\libg_nano.a(lib_a-nano-mallocr.o)
                0x1fff82d4                __malloc_sbrk_start
 .bss.__malloc_free_list
                0x1fff82d8        0x4 c:/program files (x86)/cypress/psoc creator/4.4/psoc creator/import/gnu/arm/5.4.1/bin/../lib/gcc/arm-none-eabi/5.4.1/../../../../arm-none-eabi/lib/armv7-m\libg_nano.a(lib_a-nano-mallocr.o)
                0x1fff82d8                __malloc_free_list
 *(COMMON)
 COMMON         0x1fff82dc        0x1 .\CortexM3\ARM_GCC_541\Debug\PRJ3.a(I2C.o)
                0x1fff82dc                I2C_state
 *fill*         0x1fff82dd        0x3 
 COMMON         0x1fff82e0        0xa .\CortexM3\ARM_GCC_541\Debug\PRJ3.a(WEIGHT_ADC.o)
                0x1fff82e0                WEIGHT_ADC_countsPerVolt
                0x1fff82e2                WEIGHT_ADC_shift
                0x1fff82e4                WEIGHT_ADC_countsPer10Volt
                0x1fff82e8                WEIGHT_ADC_offset
 *fill*         0x1fff82ea        0x2 
 COMMON         0x1fff82ec        0x4 c:/program files (x86)/cypress/psoc creator/4.4/psoc creator/import/gnu/arm/5.4.1/bin/../lib/gcc/arm-none-eabi/5.4.1/../../../../arm-none-eabi/lib/armv7-m\libg_nano.a(lib_a-reent.o)
                0x1fff82ec                errno
                0x1fff82f0                . = ALIGN (0x8)
 *(.ram.b)
                0x1fff82f0                _end = .
                0x1fff82f0                __end = .
                0x1fff82f0                PROVIDE (end, .)
                0x1fff82f0                PROVIDE (__bss_end__, .)
                0x00004288                __cy_region_init_ram = LOADADDR (.data)
                0x000000d0                __cy_region_init_size_ram = (_edata - ADDR (.data))
                0x00000158                __cy_region_zero_size_ram = (_end - _edata)

.heap           0x1fff82f0      0x200 load address 0x00004358
                0x1fff82f0                . = _end
                0x1fff84f0                . = (. + 0x200)
 *fill*         0x1fff82f0      0x200 
                0x1fff84f0                __cy_heap_limit = .

.stack          0x20007800      0x800
                0x20007800                __cy_stack_limit = .
                0x20008000                . = (. + 0x800)
 *fill*         0x20007800      0x800 
                0x00000001                ASSERT ((__cy_stack_limit >= __cy_heap_limit), region RAM overflowed with stack)
                0x00000000                cy_checksum_exclude_size = (CY_APPL_LOADABLE == 0x1)?SIZEOF (.cy_checksum_exclude):0x0
                0x00000001                ASSERT ((cy_checksum_exclude_size <= CY_CHECKSUM_EXCLUDE_SIZE), CY_BOOT: Section .cy_checksum_exclude size exceedes specified limit.)

.cyloadermeta
 *(.cyloadermeta)

.cyloadablemeta
 *(.cyloadablemeta)

.cyconfigecc    0x80000000      0x6b8
 *(.cyconfigecc)
 .cyconfigecc   0x80000000      0x6b8 .\CortexM3\ARM_GCC_541\Debug\cymetadata.o
                0x80000000                cy_meta_configecc

.cycustnvl      0x90000000        0x4
 *(.cycustnvl)
 .cycustnvl     0x90000000        0x4 .\CortexM3\ARM_GCC_541\Debug\cymetadata.o
                0x90000000                cy_meta_custnvl

.cywolatch      0x90100000        0x4
 *(.cywolatch)
 .cywolatch     0x90100000        0x4 .\CortexM3\ARM_GCC_541\Debug\cymetadata.o
                0x90100000                cy_meta_wonvl

.cyeeprom       0x90200000        0x0
 *(.cyeeprom)
                0x00000001                ASSERT ((. <= ((0x90200000 + ee_offset) + ee_size)), .cyeeprom data will not fit in EEPROM)

.cyflashprotect
                0x90400000      0x100
 *(.cyflashprotect)
 .cyflashprotect
                0x90400000      0x100 .\CortexM3\ARM_GCC_541\Debug\cymetadata.o
                0x90400000                cy_meta_flashprotect

.cymeta         0x90500000        0xc
 *(.cymeta)
 .cymeta        0x90500000        0xc .\CortexM3\ARM_GCC_541\Debug\cymetadata.o
                0x90500000                cy_metadata

.rel.dyn        0x00004358        0x0 load address 0x9050000c
 .rel.iplt      0x00004358        0x0 c:/program files (x86)/cypress/psoc creator/4.4/psoc creator/import/gnu/arm/5.4.1/bin/../lib/gcc/arm-none-eabi/5.4.1/armv7-m/crtbegin.o

.stab           0x00000000       0x24
 *(.stab)
 .stab          0x00000000       0x24 c:/program files (x86)/cypress/psoc creator/4.4/psoc creator/import/gnu/arm/5.4.1/bin/../lib/gcc/arm-none-eabi/5.4.1/../../../../arm-none-eabi/lib/armv7-m\libnosys.a(gettod.o)

.stabstr        0x00000000       0x4e
 *(.stabstr)
 .stabstr       0x00000000       0x4e c:/program files (x86)/cypress/psoc creator/4.4/psoc creator/import/gnu/arm/5.4.1/bin/../lib/gcc/arm-none-eabi/5.4.1/../../../../arm-none-eabi/lib/armv7-m\libnosys.a(gettod.o)

.debug
 *(.debug)

.line
 *(.line)

.debug_srcinfo
 *(.debug_srcinfo)

.debug_sfnames
 *(.debug_sfnames)

.debug_aranges  0x00000000      0xfa8
 *(.debug_aranges)
 .debug_aranges
                0x00000000       0xd0 .\CortexM3\ARM_GCC_541\Debug\main.o
 .debug_aranges
                0x000000d0       0x78 .\CortexM3\ARM_GCC_541\Debug\ColorSensor.o
 .debug_aranges
                0x00000148       0x40 .\CortexM3\ARM_GCC_541\Debug\Motor.o
 .debug_aranges
                0x00000188       0x28 .\CortexM3\ARM_GCC_541\Debug\Pump.o
 .debug_aranges
                0x000001b0       0x60 .\CortexM3\ARM_GCC_541\Debug\UART.o
 .debug_aranges
                0x00000210       0x58 .\CortexM3\ARM_GCC_541\Debug\cyfitter_cfg.o
 .debug_aranges
                0x00000268       0x18 .\CortexM3\ARM_GCC_541\Debug\cymetadata.o
 .debug_aranges
                0x00000280       0x48 .\CortexM3\ARM_GCC_541\Debug\Cm3Start.o
 .debug_aranges
                0x000002c8       0x38 .\CortexM3\ARM_GCC_541\Debug\PRJ3.a(I2C.o)
 .debug_aranges
                0x00000300       0x20 .\CortexM3\ARM_GCC_541\Debug\PRJ3.a(I2C_INT.o)
 .debug_aranges
                0x00000320       0x38 .\CortexM3\ARM_GCC_541\Debug\PRJ3.a(I2C_PM.o)
 .debug_aranges
                0x00000358       0x80 .\CortexM3\ARM_GCC_541\Debug\PRJ3.a(I2C_MASTER.o)
 .debug_aranges
                0x000003d8       0x38 .\CortexM3\ARM_GCC_541\Debug\PRJ3.a(STEP_2a.o)
 .debug_aranges
                0x00000410       0x38 .\CortexM3\ARM_GCC_541\Debug\PRJ3.a(STEP_1a.o)
 .debug_aranges
                0x00000448       0x38 .\CortexM3\ARM_GCC_541\Debug\PRJ3.a(STEP_1b.o)
 .debug_aranges
                0x00000480       0x38 .\CortexM3\ARM_GCC_541\Debug\PRJ3.a(STEP_2b.o)
 .debug_aranges
                0x000004b8       0xf0 .\CortexM3\ARM_GCC_541\Debug\PRJ3.a(UART_USB.o)
 .debug_aranges
                0x000005a8       0x80 .\CortexM3\ARM_GCC_541\Debug\PRJ3.a(UART_USB_RX_ISR.o)
 .debug_aranges
                0x00000628       0x38 .\CortexM3\ARM_GCC_541\Debug\PRJ3.a(COLOR_SENSOR_LED.o)
 .debug_aranges
                0x00000660       0xf0 .\CortexM3\ARM_GCC_541\Debug\PRJ3.a(UART_PI.o)
 .debug_aranges
                0x00000750       0x80 .\CortexM3\ARM_GCC_541\Debug\PRJ3.a(UART_PI_RX_ISR.o)
 .debug_aranges
                0x000007d0       0x38 .\CortexM3\ARM_GCC_541\Debug\PRJ3.a(PUMP_1.o)
 .debug_aranges
                0x00000808       0x38 .\CortexM3\ARM_GCC_541\Debug\PRJ3.a(PUMP_2.o)
 .debug_aranges
                0x00000840       0x38 .\CortexM3\ARM_GCC_541\Debug\PRJ3.a(PUMP_3.o)
 .debug_aranges
                0x00000878       0x38 .\CortexM3\ARM_GCC_541\Debug\PRJ3.a(PUMP_4.o)
 .debug_aranges
                0x000008b0       0x38 .\CortexM3\ARM_GCC_541\Debug\PRJ3.a(PUMP_5.o)
 .debug_aranges
                0x000008e8       0x38 .\CortexM3\ARM_GCC_541\Debug\PRJ3.a(PUMP_6.o)
 .debug_aranges
                0x00000920       0x70 .\CortexM3\ARM_GCC_541\Debug\PRJ3.a(UART_USB_IntClock.o)
 .debug_aranges
                0x00000990       0x70 .\CortexM3\ARM_GCC_541\Debug\PRJ3.a(UART_PI_IntClock.o)
 .debug_aranges
                0x00000a00      0x2a0 .\CortexM3\ARM_GCC_541\Debug\PRJ3.a(CyLib.o)
 .debug_aranges
                0x00000ca0       0x98 .\CortexM3\ARM_GCC_541\Debug\PRJ3.a(cyPm.o)
 .debug_aranges
                0x00000d38       0xa8 .\CortexM3\ARM_GCC_541\Debug\PRJ3.a(WEIGHT_ADC.o)
 .debug_aranges
                0x00000de0       0x20 .\CortexM3\ARM_GCC_541\Debug\PRJ3.a(WEIGHT_ADC_INT.o)
 .debug_aranges
                0x00000e00       0x80 .\CortexM3\ARM_GCC_541\Debug\PRJ3.a(WEIGHT_ADC_theACLK.o)
 .debug_aranges
                0x00000e80       0x20 .\CortexM3\ARM_GCC_541\Debug\PRJ3.a(CyBootAsmGnu.o)
 .debug_aranges
                0x00000ea0       0x88 .\CortexM3\ARM_GCC_541\Debug\PRJ3.a(CyFlash.o)
 .debug_aranges
                0x00000f28       0x80 .\CortexM3\ARM_GCC_541\Debug\PRJ3.a(CySpc.o)

.debug_pubnames
 *(.debug_pubnames)

.debug_info     0x00000000     0x8916
 *(.debug_info .gnu.linkonce.wi.*)
 .debug_info    0x00000000      0xd04 .\CortexM3\ARM_GCC_541\Debug\main.o
 .debug_info    0x00000d04      0x7ad .\CortexM3\ARM_GCC_541\Debug\ColorSensor.o
 .debug_info    0x000014b1      0x358 .\CortexM3\ARM_GCC_541\Debug\Motor.o
 .debug_info    0x00001809      0x15e .\CortexM3\ARM_GCC_541\Debug\Pump.o
 .debug_info    0x00001967      0x463 .\CortexM3\ARM_GCC_541\Debug\UART.o
 .debug_info    0x00001dca      0x629 .\CortexM3\ARM_GCC_541\Debug\cyfitter_cfg.o
 .debug_info    0x000023f3      0x139 .\CortexM3\ARM_GCC_541\Debug\cymetadata.o
 .debug_info    0x0000252c      0x3bb .\CortexM3\ARM_GCC_541\Debug\Cm3Start.o
 .debug_info    0x000028e7      0x2ad .\CortexM3\ARM_GCC_541\Debug\PRJ3.a(I2C.o)
 .debug_info    0x00002b94      0x184 .\CortexM3\ARM_GCC_541\Debug\PRJ3.a(I2C_INT.o)
 .debug_info    0x00002d18      0x207 .\CortexM3\ARM_GCC_541\Debug\PRJ3.a(I2C_PM.o)
 .debug_info    0x00002f1f      0x407 .\CortexM3\ARM_GCC_541\Debug\PRJ3.a(I2C_MASTER.o)
 .debug_info    0x00003326      0x11f .\CortexM3\ARM_GCC_541\Debug\PRJ3.a(STEP_2a.o)
 .debug_info    0x00003445      0x11f .\CortexM3\ARM_GCC_541\Debug\PRJ3.a(STEP_1a.o)
 .debug_info    0x00003564      0x11f .\CortexM3\ARM_GCC_541\Debug\PRJ3.a(STEP_1b.o)
 .debug_info    0x00003683      0x11f .\CortexM3\ARM_GCC_541\Debug\PRJ3.a(STEP_2b.o)
 .debug_info    0x000037a2      0x60c .\CortexM3\ARM_GCC_541\Debug\PRJ3.a(UART_USB.o)
 .debug_info    0x00003dae      0x2d2 .\CortexM3\ARM_GCC_541\Debug\PRJ3.a(UART_USB_RX_ISR.o)
 .debug_info    0x00004080      0x11f .\CortexM3\ARM_GCC_541\Debug\PRJ3.a(COLOR_SENSOR_LED.o)
 .debug_info    0x0000419f      0x60c .\CortexM3\ARM_GCC_541\Debug\PRJ3.a(UART_PI.o)
 .debug_info    0x000047ab      0x2d2 .\CortexM3\ARM_GCC_541\Debug\PRJ3.a(UART_PI_RX_ISR.o)
 .debug_info    0x00004a7d      0x11f .\CortexM3\ARM_GCC_541\Debug\PRJ3.a(PUMP_1.o)
 .debug_info    0x00004b9c      0x11f .\CortexM3\ARM_GCC_541\Debug\PRJ3.a(PUMP_2.o)
 .debug_info    0x00004cbb      0x11f .\CortexM3\ARM_GCC_541\Debug\PRJ3.a(PUMP_3.o)
 .debug_info    0x00004dda      0x11f .\CortexM3\ARM_GCC_541\Debug\PRJ3.a(PUMP_4.o)
 .debug_info    0x00004ef9      0x11f .\CortexM3\ARM_GCC_541\Debug\PRJ3.a(PUMP_5.o)
 .debug_info    0x00005018      0x11f .\CortexM3\ARM_GCC_541\Debug\PRJ3.a(PUMP_6.o)
 .debug_info    0x00005137      0x283 .\CortexM3\ARM_GCC_541\Debug\PRJ3.a(UART_USB_IntClock.o)
 .debug_info    0x000053ba      0x283 .\CortexM3\ARM_GCC_541\Debug\PRJ3.a(UART_PI_IntClock.o)
 .debug_info    0x0000563d     0x1374 .\CortexM3\ARM_GCC_541\Debug\PRJ3.a(CyLib.o)
 .debug_info    0x000069b1      0xa2a .\CortexM3\ARM_GCC_541\Debug\PRJ3.a(cyPm.o)
 .debug_info    0x000073db      0x5c0 .\CortexM3\ARM_GCC_541\Debug\PRJ3.a(WEIGHT_ADC.o)
 .debug_info    0x0000799b       0x92 .\CortexM3\ARM_GCC_541\Debug\PRJ3.a(WEIGHT_ADC_INT.o)
 .debug_info    0x00007a2d      0x2c4 .\CortexM3\ARM_GCC_541\Debug\PRJ3.a(WEIGHT_ADC_theACLK.o)
 .debug_info    0x00007cf1       0x88 .\CortexM3\ARM_GCC_541\Debug\PRJ3.a(CyBootAsmGnu.o)
 .debug_info    0x00007d79      0x64d .\CortexM3\ARM_GCC_541\Debug\PRJ3.a(CyFlash.o)
 .debug_info    0x000083c6      0x550 .\CortexM3\ARM_GCC_541\Debug\PRJ3.a(CySpc.o)

.debug_abbrev   0x00000000     0x28e0
 *(.debug_abbrev)
 .debug_abbrev  0x00000000      0x200 .\CortexM3\ARM_GCC_541\Debug\main.o
 .debug_abbrev  0x00000200      0x1f3 .\CortexM3\ARM_GCC_541\Debug\ColorSensor.o
 .debug_abbrev  0x000003f3      0x13f .\CortexM3\ARM_GCC_541\Debug\Motor.o
 .debug_abbrev  0x00000532       0xc9 .\CortexM3\ARM_GCC_541\Debug\Pump.o
 .debug_abbrev  0x000005fb      0x1b0 .\CortexM3\ARM_GCC_541\Debug\UART.o
 .debug_abbrev  0x000007ab      0x20d .\CortexM3\ARM_GCC_541\Debug\cyfitter_cfg.o
 .debug_abbrev  0x000009b8       0x77 .\CortexM3\ARM_GCC_541\Debug\cymetadata.o
 .debug_abbrev  0x00000a2f      0x1e8 .\CortexM3\ARM_GCC_541\Debug\Cm3Start.o
 .debug_abbrev  0x00000c17      0x10a .\CortexM3\ARM_GCC_541\Debug\PRJ3.a(I2C.o)
 .debug_abbrev  0x00000d21       0xb6 .\CortexM3\ARM_GCC_541\Debug\PRJ3.a(I2C_INT.o)
 .debug_abbrev  0x00000dd7       0xfe .\CortexM3\ARM_GCC_541\Debug\PRJ3.a(I2C_PM.o)
 .debug_abbrev  0x00000ed5      0x13c .\CortexM3\ARM_GCC_541\Debug\PRJ3.a(I2C_MASTER.o)
 .debug_abbrev  0x00001011       0x90 .\CortexM3\ARM_GCC_541\Debug\PRJ3.a(STEP_2a.o)
 .debug_abbrev  0x000010a1       0x90 .\CortexM3\ARM_GCC_541\Debug\PRJ3.a(STEP_1a.o)
 .debug_abbrev  0x00001131       0x90 .\CortexM3\ARM_GCC_541\Debug\PRJ3.a(STEP_1b.o)
 .debug_abbrev  0x000011c1       0x90 .\CortexM3\ARM_GCC_541\Debug\PRJ3.a(STEP_2b.o)
 .debug_abbrev  0x00001251      0x175 .\CortexM3\ARM_GCC_541\Debug\PRJ3.a(UART_USB.o)
 .debug_abbrev  0x000013c6      0x173 .\CortexM3\ARM_GCC_541\Debug\PRJ3.a(UART_USB_RX_ISR.o)
 .debug_abbrev  0x00001539       0x90 .\CortexM3\ARM_GCC_541\Debug\PRJ3.a(COLOR_SENSOR_LED.o)
 .debug_abbrev  0x000015c9      0x175 .\CortexM3\ARM_GCC_541\Debug\PRJ3.a(UART_PI.o)
 .debug_abbrev  0x0000173e      0x173 .\CortexM3\ARM_GCC_541\Debug\PRJ3.a(UART_PI_RX_ISR.o)
 .debug_abbrev  0x000018b1       0x90 .\CortexM3\ARM_GCC_541\Debug\PRJ3.a(PUMP_1.o)
 .debug_abbrev  0x00001941       0x90 .\CortexM3\ARM_GCC_541\Debug\PRJ3.a(PUMP_2.o)
 .debug_abbrev  0x000019d1       0x90 .\CortexM3\ARM_GCC_541\Debug\PRJ3.a(PUMP_3.o)
 .debug_abbrev  0x00001a61       0x90 .\CortexM3\ARM_GCC_541\Debug\PRJ3.a(PUMP_4.o)
 .debug_abbrev  0x00001af1       0x90 .\CortexM3\ARM_GCC_541\Debug\PRJ3.a(PUMP_5.o)
 .debug_abbrev  0x00001b81       0x90 .\CortexM3\ARM_GCC_541\Debug\PRJ3.a(PUMP_6.o)
 .debug_abbrev  0x00001c11      0x139 .\CortexM3\ARM_GCC_541\Debug\PRJ3.a(UART_USB_IntClock.o)
 .debug_abbrev  0x00001d4a      0x139 .\CortexM3\ARM_GCC_541\Debug\PRJ3.a(UART_PI_IntClock.o)
 .debug_abbrev  0x00001e83      0x254 .\CortexM3\ARM_GCC_541\Debug\PRJ3.a(CyLib.o)
 .debug_abbrev  0x000020d7      0x1ab .\CortexM3\ARM_GCC_541\Debug\PRJ3.a(cyPm.o)
 .debug_abbrev  0x00002282      0x1ac .\CortexM3\ARM_GCC_541\Debug\PRJ3.a(WEIGHT_ADC.o)
 .debug_abbrev  0x0000242e       0x42 .\CortexM3\ARM_GCC_541\Debug\PRJ3.a(WEIGHT_ADC_INT.o)
 .debug_abbrev  0x00002470      0x121 .\CortexM3\ARM_GCC_541\Debug\PRJ3.a(WEIGHT_ADC_theACLK.o)
 .debug_abbrev  0x00002591       0x14 .\CortexM3\ARM_GCC_541\Debug\PRJ3.a(CyBootAsmGnu.o)
 .debug_abbrev  0x000025a5      0x1a7 .\CortexM3\ARM_GCC_541\Debug\PRJ3.a(CyFlash.o)
 .debug_abbrev  0x0000274c      0x194 .\CortexM3\ARM_GCC_541\Debug\PRJ3.a(CySpc.o)

.debug_line     0x00000000     0x3e3b
 *(.debug_line)
 .debug_line    0x00000000      0x4d1 .\CortexM3\ARM_GCC_541\Debug\main.o
 .debug_line    0x000004d1      0x304 .\CortexM3\ARM_GCC_541\Debug\ColorSensor.o
 .debug_line    0x000007d5      0x225 .\CortexM3\ARM_GCC_541\Debug\Motor.o
 .debug_line    0x000009fa      0x16b .\CortexM3\ARM_GCC_541\Debug\Pump.o
 .debug_line    0x00000b65      0x2e8 .\CortexM3\ARM_GCC_541\Debug\UART.o
 .debug_line    0x00000e4d      0x201 .\CortexM3\ARM_GCC_541\Debug\cyfitter_cfg.o
 .debug_line    0x0000104e      0x141 .\CortexM3\ARM_GCC_541\Debug\cymetadata.o
 .debug_line    0x0000118f      0x234 .\CortexM3\ARM_GCC_541\Debug\Cm3Start.o
 .debug_line    0x000013c3       0xd9 .\CortexM3\ARM_GCC_541\Debug\PRJ3.a(I2C.o)
 .debug_line    0x0000149c      0x114 .\CortexM3\ARM_GCC_541\Debug\PRJ3.a(I2C_INT.o)
 .debug_line    0x000015b0       0xbb .\CortexM3\ARM_GCC_541\Debug\PRJ3.a(I2C_PM.o)
 .debug_line    0x0000166b      0x1fd .\CortexM3\ARM_GCC_541\Debug\PRJ3.a(I2C_MASTER.o)
 .debug_line    0x00001868       0x94 .\CortexM3\ARM_GCC_541\Debug\PRJ3.a(STEP_2a.o)
 .debug_line    0x000018fc       0x94 .\CortexM3\ARM_GCC_541\Debug\PRJ3.a(STEP_1a.o)
 .debug_line    0x00001990       0x94 .\CortexM3\ARM_GCC_541\Debug\PRJ3.a(STEP_1b.o)
 .debug_line    0x00001a24       0x94 .\CortexM3\ARM_GCC_541\Debug\PRJ3.a(STEP_2b.o)
 .debug_line    0x00001ab8      0x2c4 .\CortexM3\ARM_GCC_541\Debug\PRJ3.a(UART_USB.o)
 .debug_line    0x00001d7c      0x13c .\CortexM3\ARM_GCC_541\Debug\PRJ3.a(UART_USB_RX_ISR.o)
 .debug_line    0x00001eb8       0x9d .\CortexM3\ARM_GCC_541\Debug\PRJ3.a(COLOR_SENSOR_LED.o)
 .debug_line    0x00001f55      0x2c2 .\CortexM3\ARM_GCC_541\Debug\PRJ3.a(UART_PI.o)
 .debug_line    0x00002217      0x13b .\CortexM3\ARM_GCC_541\Debug\PRJ3.a(UART_PI_RX_ISR.o)
 .debug_line    0x00002352       0x93 .\CortexM3\ARM_GCC_541\Debug\PRJ3.a(PUMP_1.o)
 .debug_line    0x000023e5       0x93 .\CortexM3\ARM_GCC_541\Debug\PRJ3.a(PUMP_2.o)
 .debug_line    0x00002478       0x93 .\CortexM3\ARM_GCC_541\Debug\PRJ3.a(PUMP_3.o)
 .debug_line    0x0000250b       0x93 .\CortexM3\ARM_GCC_541\Debug\PRJ3.a(PUMP_4.o)
 .debug_line    0x0000259e       0x93 .\CortexM3\ARM_GCC_541\Debug\PRJ3.a(PUMP_5.o)
 .debug_line    0x00002631       0x93 .\CortexM3\ARM_GCC_541\Debug\PRJ3.a(PUMP_6.o)
 .debug_line    0x000026c4      0x180 .\CortexM3\ARM_GCC_541\Debug\PRJ3.a(UART_USB_IntClock.o)
 .debug_line    0x00002844      0x17f .\CortexM3\ARM_GCC_541\Debug\PRJ3.a(UART_PI_IntClock.o)
 .debug_line    0x000029c3      0x816 .\CortexM3\ARM_GCC_541\Debug\PRJ3.a(CyLib.o)
 .debug_line    0x000031d9      0x367 .\CortexM3\ARM_GCC_541\Debug\PRJ3.a(cyPm.o)
 .debug_line    0x00003540      0x220 .\CortexM3\ARM_GCC_541\Debug\PRJ3.a(WEIGHT_ADC.o)
 .debug_line    0x00003760       0x57 .\CortexM3\ARM_GCC_541\Debug\PRJ3.a(WEIGHT_ADC_INT.o)
 .debug_line    0x000037b7      0x1a4 .\CortexM3\ARM_GCC_541\Debug\PRJ3.a(WEIGHT_ADC_theACLK.o)
 .debug_line    0x0000395b       0x66 .\CortexM3\ARM_GCC_541\Debug\PRJ3.a(CyBootAsmGnu.o)
 .debug_line    0x000039c1      0x21a .\CortexM3\ARM_GCC_541\Debug\PRJ3.a(CyFlash.o)
 .debug_line    0x00003bdb      0x260 .\CortexM3\ARM_GCC_541\Debug\PRJ3.a(CySpc.o)

.debug_frame    0x00000000     0x2efc
 *(.debug_frame)
 .debug_frame   0x00000000      0x26c .\CortexM3\ARM_GCC_541\Debug\main.o
 .debug_frame   0x0000026c      0x17c .\CortexM3\ARM_GCC_541\Debug\ColorSensor.o
 .debug_frame   0x000003e8       0x90 .\CortexM3\ARM_GCC_541\Debug\Motor.o
 .debug_frame   0x00000478       0x48 .\CortexM3\ARM_GCC_541\Debug\Pump.o
 .debug_frame   0x000004c0       0xf8 .\CortexM3\ARM_GCC_541\Debug\UART.o
 .debug_frame   0x000005b8       0xe4 .\CortexM3\ARM_GCC_541\Debug\cyfitter_cfg.o
 .debug_frame   0x0000069c       0xb8 .\CortexM3\ARM_GCC_541\Debug\Cm3Start.o
 .debug_frame   0x00000754       0x94 .\CortexM3\ARM_GCC_541\Debug\PRJ3.a(I2C.o)
 .debug_frame   0x000007e8       0x30 .\CortexM3\ARM_GCC_541\Debug\PRJ3.a(I2C_INT.o)
 .debug_frame   0x00000818       0x74 .\CortexM3\ARM_GCC_541\Debug\PRJ3.a(I2C_PM.o)
 .debug_frame   0x0000088c      0x138 .\CortexM3\ARM_GCC_541\Debug\PRJ3.a(I2C_MASTER.o)
 .debug_frame   0x000009c4       0x50 .\CortexM3\ARM_GCC_541\Debug\PRJ3.a(STEP_2a.o)
 .debug_frame   0x00000a14       0x50 .\CortexM3\ARM_GCC_541\Debug\PRJ3.a(STEP_1a.o)
 .debug_frame   0x00000a64       0x50 .\CortexM3\ARM_GCC_541\Debug\PRJ3.a(STEP_1b.o)
 .debug_frame   0x00000ab4       0x50 .\CortexM3\ARM_GCC_541\Debug\PRJ3.a(STEP_2b.o)
 .debug_frame   0x00000b04      0x250 .\CortexM3\ARM_GCC_541\Debug\PRJ3.a(UART_USB.o)
 .debug_frame   0x00000d54      0x104 .\CortexM3\ARM_GCC_541\Debug\PRJ3.a(UART_USB_RX_ISR.o)
 .debug_frame   0x00000e58       0x50 .\CortexM3\ARM_GCC_541\Debug\PRJ3.a(COLOR_SENSOR_LED.o)
 .debug_frame   0x00000ea8      0x250 .\CortexM3\ARM_GCC_541\Debug\PRJ3.a(UART_PI.o)
 .debug_frame   0x000010f8      0x104 .\CortexM3\ARM_GCC_541\Debug\PRJ3.a(UART_PI_RX_ISR.o)
 .debug_frame   0x000011fc       0x50 .\CortexM3\ARM_GCC_541\Debug\PRJ3.a(PUMP_1.o)
 .debug_frame   0x0000124c       0x50 .\CortexM3\ARM_GCC_541\Debug\PRJ3.a(PUMP_2.o)
 .debug_frame   0x0000129c       0x50 .\CortexM3\ARM_GCC_541\Debug\PRJ3.a(PUMP_3.o)
 .debug_frame   0x000012ec       0x50 .\CortexM3\ARM_GCC_541\Debug\PRJ3.a(PUMP_4.o)
 .debug_frame   0x0000133c       0x50 .\CortexM3\ARM_GCC_541\Debug\PRJ3.a(PUMP_5.o)
 .debug_frame   0x0000138c       0x50 .\CortexM3\ARM_GCC_541\Debug\PRJ3.a(PUMP_6.o)
 .debug_frame   0x000013dc       0xe0 .\CortexM3\ARM_GCC_541\Debug\PRJ3.a(UART_USB_IntClock.o)
 .debug_frame   0x000014bc       0xe0 .\CortexM3\ARM_GCC_541\Debug\PRJ3.a(UART_PI_IntClock.o)
 .debug_frame   0x0000159c      0x738 .\CortexM3\ARM_GCC_541\Debug\PRJ3.a(CyLib.o)
 .debug_frame   0x00001cd4      0x1f8 .\CortexM3\ARM_GCC_541\Debug\PRJ3.a(cyPm.o)
 .debug_frame   0x00001ecc      0x1b4 .\CortexM3\ARM_GCC_541\Debug\PRJ3.a(WEIGHT_ADC.o)
 .debug_frame   0x00002080       0x20 .\CortexM3\ARM_GCC_541\Debug\PRJ3.a(WEIGHT_ADC_INT.o)
 .debug_frame   0x000020a0      0x100 .\CortexM3\ARM_GCC_541\Debug\PRJ3.a(WEIGHT_ADC_theACLK.o)
 .debug_frame   0x000021a0      0x194 .\CortexM3\ARM_GCC_541\Debug\PRJ3.a(CyFlash.o)
 .debug_frame   0x00002334      0x180 .\CortexM3\ARM_GCC_541\Debug\PRJ3.a(CySpc.o)
 .debug_frame   0x000024b4       0x44 c:/program files (x86)/cypress/psoc creator/4.4/psoc creator/import/gnu/arm/5.4.1/bin/../lib/gcc/arm-none-eabi/5.4.1/armv7-m\libgcc.a(_aeabi_ldivmod.o)
 .debug_frame   0x000024f8       0x38 c:/program files (x86)/cypress/psoc creator/4.4/psoc creator/import/gnu/arm/5.4.1/bin/../lib/gcc/arm-none-eabi/5.4.1/armv7-m\libgcc.a(_udivmoddi4.o)
 .debug_frame   0x00002530       0x20 c:/program files (x86)/cypress/psoc creator/4.4/psoc creator/import/gnu/arm/5.4.1/bin/../lib/gcc/arm-none-eabi/5.4.1/../../../../arm-none-eabi/lib/armv7-m\libg_nano.a(lib_a-errno.o)
 .debug_frame   0x00002550       0x28 c:/program files (x86)/cypress/psoc creator/4.4/psoc creator/import/gnu/arm/5.4.1/bin/../lib/gcc/arm-none-eabi/5.4.1/../../../../arm-none-eabi/lib/armv7-m\libg_nano.a(lib_a-exit.o)
 .debug_frame   0x00002578       0x2c c:/program files (x86)/cypress/psoc creator/4.4/psoc creator/import/gnu/arm/5.4.1/bin/../lib/gcc/arm-none-eabi/5.4.1/../../../../arm-none-eabi/lib/armv7-m\libg_nano.a(lib_a-init.o)
 .debug_frame   0x000025a4       0x28 c:/program files (x86)/cypress/psoc creator/4.4/psoc creator/import/gnu/arm/5.4.1/bin/../lib/gcc/arm-none-eabi/5.4.1/../../../../arm-none-eabi/lib/armv7-m\libg_nano.a(lib_a-memcpy-stub.o)
 .debug_frame   0x000025cc       0x20 c:/program files (x86)/cypress/psoc creator/4.4/psoc creator/import/gnu/arm/5.4.1/bin/../lib/gcc/arm-none-eabi/5.4.1/../../../../arm-none-eabi/lib/armv7-m\libg_nano.a(lib_a-memset.o)
 .debug_frame   0x000025ec       0x8c c:/program files (x86)/cypress/psoc creator/4.4/psoc creator/import/gnu/arm/5.4.1/bin/../lib/gcc/arm-none-eabi/5.4.1/../../../../arm-none-eabi/lib/armv7-m\libg_nano.a(lib_a-nano-vfprintf_float.o)
 .debug_frame   0x00002678       0x60 c:/program files (x86)/cypress/psoc creator/4.4/psoc creator/import/gnu/arm/5.4.1/bin/../lib/gcc/arm-none-eabi/5.4.1/../../../../arm-none-eabi/lib/armv7-m\libg_nano.a(lib_a-nano-vfprintf_i.o)
 .debug_frame   0x000026d8       0x44 c:/program files (x86)/cypress/psoc creator/4.4/psoc creator/import/gnu/arm/5.4.1/bin/../lib/gcc/arm-none-eabi/5.4.1/../../../../arm-none-eabi/lib/armv7-m\libg_nano.a(lib_a-rand.o)
 .debug_frame   0x0000271c       0x74 c:/program files (x86)/cypress/psoc creator/4.4/psoc creator/import/gnu/arm/5.4.1/bin/../lib/gcc/arm-none-eabi/5.4.1/../../../../arm-none-eabi/lib/armv7-m\libg_nano.a(lib_a-snprintf.o)
 .debug_frame   0x00002790       0x70 c:/program files (x86)/cypress/psoc creator/4.4/psoc creator/import/gnu/arm/5.4.1/bin/../lib/gcc/arm-none-eabi/5.4.1/../../../../arm-none-eabi/lib/armv7-m\libg_nano.a(lib_a-sprintf.o)
 .debug_frame   0x00002800       0x20 c:/program files (x86)/cypress/psoc creator/4.4/psoc creator/import/gnu/arm/5.4.1/bin/../lib/gcc/arm-none-eabi/5.4.1/../../../../arm-none-eabi/lib/armv7-m\libg_nano.a(lib_a-strcmp.o)
 .debug_frame   0x00002820       0x38 c:/program files (x86)/cypress/psoc creator/4.4/psoc creator/import/gnu/arm/5.4.1/bin/../lib/gcc/arm-none-eabi/5.4.1/../../../../arm-none-eabi/lib/armv7-m\libg_nano.a(lib_a-strtok.o)
 .debug_frame   0x00002858       0x40 c:/program files (x86)/cypress/psoc creator/4.4/psoc creator/import/gnu/arm/5.4.1/bin/../lib/gcc/arm-none-eabi/5.4.1/../../../../arm-none-eabi/lib/armv7-m\libg_nano.a(lib_a-strtok_r.o)
 .debug_frame   0x00002898       0x2c c:/program files (x86)/cypress/psoc creator/4.4/psoc creator/import/gnu/arm/5.4.1/bin/../lib/gcc/arm-none-eabi/5.4.1/../../../../arm-none-eabi/lib/armv7-m\libg_nano.a(lib_a-time.o)
 .debug_frame   0x000028c4       0x6c c:/program files (x86)/cypress/psoc creator/4.4/psoc creator/import/gnu/arm/5.4.1/bin/../lib/gcc/arm-none-eabi/5.4.1/../../../../arm-none-eabi/lib/armv7-m\libg_nano.a(lib_a-dtoa.o)
 .debug_frame   0x00002930       0x2c c:/program files (x86)/cypress/psoc creator/4.4/psoc creator/import/gnu/arm/5.4.1/bin/../lib/gcc/arm-none-eabi/5.4.1/../../../../arm-none-eabi/lib/armv7-m\libg_nano.a(lib_a-gettimeofdayr.o)
 .debug_frame   0x0000295c       0x98 c:/program files (x86)/cypress/psoc creator/4.4/psoc creator/import/gnu/arm/5.4.1/bin/../lib/gcc/arm-none-eabi/5.4.1/../../../../arm-none-eabi/lib/armv7-m\libg_nano.a(lib_a-locale.o)
 .debug_frame   0x000029f4       0x30 c:/program files (x86)/cypress/psoc creator/4.4/psoc creator/import/gnu/arm/5.4.1/bin/../lib/gcc/arm-none-eabi/5.4.1/../../../../arm-none-eabi/lib/armv7-m\libg_nano.a(lib_a-malloc.o)
 .debug_frame   0x00002a24       0x28 c:/program files (x86)/cypress/psoc creator/4.4/psoc creator/import/gnu/arm/5.4.1/bin/../lib/gcc/arm-none-eabi/5.4.1/../../../../arm-none-eabi/lib/armv7-m\libg_nano.a(lib_a-memchr-stub.o)
 .debug_frame   0x00002a4c      0x234 c:/program files (x86)/cypress/psoc creator/4.4/psoc creator/import/gnu/arm/5.4.1/bin/../lib/gcc/arm-none-eabi/5.4.1/../../../../arm-none-eabi/lib/armv7-m\libg_nano.a(lib_a-mprec.o)
 .debug_frame   0x00002c80       0x2c c:/program files (x86)/cypress/psoc creator/4.4/psoc creator/import/gnu/arm/5.4.1/bin/../lib/gcc/arm-none-eabi/5.4.1/../../../../arm-none-eabi/lib/armv7-m\libg_nano.a(lib_a-nano-callocr.o)
 .debug_frame   0x00002cac       0x38 c:/program files (x86)/cypress/psoc creator/4.4/psoc creator/import/gnu/arm/5.4.1/bin/../lib/gcc/arm-none-eabi/5.4.1/../../../../arm-none-eabi/lib/armv7-m\libg_nano.a(lib_a-nano-freer.o)
 .debug_frame   0x00002ce4       0x2c c:/program files (x86)/cypress/psoc creator/4.4/psoc creator/import/gnu/arm/5.4.1/bin/../lib/gcc/arm-none-eabi/5.4.1/../../../../arm-none-eabi/lib/armv7-m\libg_nano.a(lib_a-nano-mallocr.o)
 .debug_frame   0x00002d10       0x90 c:/program files (x86)/cypress/psoc creator/4.4/psoc creator/import/gnu/arm/5.4.1/bin/../lib/gcc/arm-none-eabi/5.4.1/../../../../arm-none-eabi/lib/armv7-m\libg_nano.a(lib_a-nano-svfprintf.o)
 .debug_frame   0x00002da0       0x5c c:/program files (x86)/cypress/psoc creator/4.4/psoc creator/import/gnu/arm/5.4.1/bin/../lib/gcc/arm-none-eabi/5.4.1/../../../../arm-none-eabi/lib/armv7-m\libg_nano.a(lib_a-reent.o)
 .debug_frame   0x00002dfc       0x2c c:/program files (x86)/cypress/psoc creator/4.4/psoc creator/import/gnu/arm/5.4.1/bin/../lib/gcc/arm-none-eabi/5.4.1/../../../../arm-none-eabi/lib/armv7-m\libg_nano.a(lib_a-sbrkr.o)
 .debug_frame   0x00002e28       0x28 c:/program files (x86)/cypress/psoc creator/4.4/psoc creator/import/gnu/arm/5.4.1/bin/../lib/gcc/arm-none-eabi/5.4.1/../../../../arm-none-eabi/lib/armv7-m\libg_nano.a(lib_a-memmove.o)
 .debug_frame   0x00002e50       0x30 c:/program files (x86)/cypress/psoc creator/4.4/psoc creator/import/gnu/arm/5.4.1/bin/../lib/gcc/arm-none-eabi/5.4.1/../../../../arm-none-eabi/lib/armv7-m\libg_nano.a(lib_a-mlock.o)
 .debug_frame   0x00002e80       0x3c c:/program files (x86)/cypress/psoc creator/4.4/psoc creator/import/gnu/arm/5.4.1/bin/../lib/gcc/arm-none-eabi/5.4.1/../../../../arm-none-eabi/lib/armv7-m\libg_nano.a(lib_a-nano-reallocr.o)
 .debug_frame   0x00002ebc       0x20 c:/program files (x86)/cypress/psoc creator/4.4/psoc creator/import/gnu/arm/5.4.1/bin/../lib/gcc/arm-none-eabi/5.4.1/../../../../arm-none-eabi/lib/armv7-m\libg_nano.a(lib_a-nano-msizer.o)
 .debug_frame   0x00002edc       0x20 c:/program files (x86)/cypress/psoc creator/4.4/psoc creator/import/gnu/arm/5.4.1/bin/../lib/gcc/arm-none-eabi/5.4.1/../../../../arm-none-eabi/lib/armv7-m\libnosys.a(gettod.o)

.debug_str      0x00000000     0x309d
 *(.debug_str)
 .debug_str     0x00000000      0x5a9 .\CortexM3\ARM_GCC_541\Debug\main.o
                                0x621 (size before relaxing)
 .debug_str     0x000005a9      0x172 .\CortexM3\ARM_GCC_541\Debug\ColorSensor.o
                                0x3c2 (size before relaxing)
 .debug_str     0x0000071b       0xf0 .\CortexM3\ARM_GCC_541\Debug\Motor.o
                                0x2e6 (size before relaxing)
 .debug_str     0x0000080b       0x11 .\CortexM3\ARM_GCC_541\Debug\Pump.o
                                0x1d7 (size before relaxing)
 .debug_str     0x0000081c      0x156 .\CortexM3\ARM_GCC_541\Debug\UART.o
                                0x36d (size before relaxing)
 .debug_str     0x00000972      0x1a8 .\CortexM3\ARM_GCC_541\Debug\cyfitter_cfg.o
                                0x33c (size before relaxing)
 .debug_str     0x00000b1a       0x75 .\CortexM3\ARM_GCC_541\Debug\cymetadata.o
                                0x1dc (size before relaxing)
 .debug_str     0x00000b8f      0x144 .\CortexM3\ARM_GCC_541\Debug\Cm3Start.o
                                0x302 (size before relaxing)
 .debug_str     0x00000cd3      0x12f .\CortexM3\ARM_GCC_541\Debug\PRJ3.a(I2C.o)
                                0x2d9 (size before relaxing)
 .debug_str     0x00000e02       0x86 .\CortexM3\ARM_GCC_541\Debug\PRJ3.a(I2C_INT.o)
                                0x257 (size before relaxing)
 .debug_str     0x00000e88       0x56 .\CortexM3\ARM_GCC_541\Debug\PRJ3.a(I2C_PM.o)
                                0x275 (size before relaxing)
 .debug_str     0x00000ede      0x111 .\CortexM3\ARM_GCC_541\Debug\PRJ3.a(I2C_MASTER.o)
                                0x39c (size before relaxing)
 .debug_str     0x00000fef       0x62 .\CortexM3\ARM_GCC_541\Debug\PRJ3.a(STEP_2a.o)
                                0x1e4 (size before relaxing)
 .debug_str     0x00001051       0x57 .\CortexM3\ARM_GCC_541\Debug\PRJ3.a(STEP_1a.o)
                                0x1e4 (size before relaxing)
 .debug_str     0x000010a8       0x57 .\CortexM3\ARM_GCC_541\Debug\PRJ3.a(STEP_1b.o)
                                0x1e4 (size before relaxing)
 .debug_str     0x000010ff       0x57 .\CortexM3\ARM_GCC_541\Debug\PRJ3.a(STEP_2b.o)
                                0x1e4 (size before relaxing)
 .debug_str     0x00001156      0x2d4 .\CortexM3\ARM_GCC_541\Debug\PRJ3.a(UART_USB.o)
                                0x4e9 (size before relaxing)
 .debug_str     0x0000142a      0x172 .\CortexM3\ARM_GCC_541\Debug\PRJ3.a(UART_USB_RX_ISR.o)
                                0x32a (size before relaxing)
 .debug_str     0x0000159c       0x7b .\CortexM3\ARM_GCC_541\Debug\PRJ3.a(COLOR_SENSOR_LED.o)
                                0x211 (size before relaxing)
 .debug_str     0x00001617      0x239 .\CortexM3\ARM_GCC_541\Debug\PRJ3.a(UART_PI.o)
                                0x4ca (size before relaxing)
 .debug_str     0x00001850      0x14d .\CortexM3\ARM_GCC_541\Debug\PRJ3.a(UART_PI_RX_ISR.o)
                                0x31c (size before relaxing)
 .debug_str     0x0000199d       0x60 .\CortexM3\ARM_GCC_541\Debug\PRJ3.a(PUMP_1.o)
                                0x1df (size before relaxing)
 .debug_str     0x000019fd       0x60 .\CortexM3\ARM_GCC_541\Debug\PRJ3.a(PUMP_2.o)
                                0x1df (size before relaxing)
 .debug_str     0x00001a5d       0x60 .\CortexM3\ARM_GCC_541\Debug\PRJ3.a(PUMP_3.o)
                                0x1df (size before relaxing)
 .debug_str     0x00001abd       0x60 .\CortexM3\ARM_GCC_541\Debug\PRJ3.a(PUMP_4.o)
                                0x1df (size before relaxing)
 .debug_str     0x00001b1d       0x60 .\CortexM3\ARM_GCC_541\Debug\PRJ3.a(PUMP_5.o)
                                0x1df (size before relaxing)
 .debug_str     0x00001b7d       0x60 .\CortexM3\ARM_GCC_541\Debug\PRJ3.a(PUMP_6.o)
                                0x1df (size before relaxing)
 .debug_str     0x00001bdd      0x1ab .\CortexM3\ARM_GCC_541\Debug\PRJ3.a(UART_USB_IntClock.o)
                                0x35e (size before relaxing)
 .debug_str     0x00001d88      0x156 .\CortexM3\ARM_GCC_541\Debug\PRJ3.a(UART_PI_IntClock.o)
                                0x352 (size before relaxing)
 .debug_str     0x00001ede      0x7d3 .\CortexM3\ARM_GCC_541\Debug\PRJ3.a(CyLib.o)
                                0xa3f (size before relaxing)
 .debug_str     0x000026b1      0x365 .\CortexM3\ARM_GCC_541\Debug\PRJ3.a(cyPm.o)
                                0x72b (size before relaxing)
 .debug_str     0x00002a16      0x227 .\CortexM3\ARM_GCC_541\Debug\PRJ3.a(WEIGHT_ADC.o)
                                0x4ce (size before relaxing)
 .debug_str     0x00002c3d       0x37 .\CortexM3\ARM_GCC_541\Debug\PRJ3.a(WEIGHT_ADC_INT.o)
                                0x195 (size before relaxing)
 .debug_str     0x00002c74      0x1c9 .\CortexM3\ARM_GCC_541\Debug\PRJ3.a(WEIGHT_ADC_theACLK.o)
                                0x3bb (size before relaxing)
 .debug_str     0x00002e3d      0x1b4 .\CortexM3\ARM_GCC_541\Debug\PRJ3.a(CyFlash.o)
                                0x3b8 (size before relaxing)
 .debug_str     0x00002ff1       0xac .\CortexM3\ARM_GCC_541\Debug\PRJ3.a(CySpc.o)
                                0x330 (size before relaxing)

.debug_loc      0x00000000     0x3824
 *(.debug_loc)
 .debug_loc     0x00000000      0x30d .\CortexM3\ARM_GCC_541\Debug\main.o
 .debug_loc     0x0000030d      0x356 .\CortexM3\ARM_GCC_541\Debug\ColorSensor.o
 .debug_loc     0x00000663      0x17c .\CortexM3\ARM_GCC_541\Debug\Motor.o
 .debug_loc     0x000007df       0x42 .\CortexM3\ARM_GCC_541\Debug\Pump.o
 .debug_loc     0x00000821      0x1b0 .\CortexM3\ARM_GCC_541\Debug\UART.o
 .debug_loc     0x000009d1      0x25a .\CortexM3\ARM_GCC_541\Debug\cyfitter_cfg.o
 .debug_loc     0x00000c2b      0x144 .\CortexM3\ARM_GCC_541\Debug\Cm3Start.o
 .debug_loc     0x00000d6f       0x39 .\CortexM3\ARM_GCC_541\Debug\PRJ3.a(I2C.o)
 .debug_loc     0x00000da8       0x29 .\CortexM3\ARM_GCC_541\Debug\PRJ3.a(I2C_INT.o)
 .debug_loc     0x00000dd1       0x13 .\CortexM3\ARM_GCC_541\Debug\PRJ3.a(I2C_PM.o)
 .debug_loc     0x00000de4      0x52f .\CortexM3\ARM_GCC_541\Debug\PRJ3.a(I2C_MASTER.o)
 .debug_loc     0x00001313       0x42 .\CortexM3\ARM_GCC_541\Debug\PRJ3.a(STEP_2a.o)
 .debug_loc     0x00001355       0x42 .\CortexM3\ARM_GCC_541\Debug\PRJ3.a(STEP_1a.o)
 .debug_loc     0x00001397       0x42 .\CortexM3\ARM_GCC_541\Debug\PRJ3.a(STEP_1b.o)
 .debug_loc     0x000013d9       0x42 .\CortexM3\ARM_GCC_541\Debug\PRJ3.a(STEP_2b.o)
 .debug_loc     0x0000141b      0x258 .\CortexM3\ARM_GCC_541\Debug\PRJ3.a(UART_USB.o)
 .debug_loc     0x00001673       0x56 .\CortexM3\ARM_GCC_541\Debug\PRJ3.a(UART_USB_RX_ISR.o)
 .debug_loc     0x000016c9       0x42 .\CortexM3\ARM_GCC_541\Debug\PRJ3.a(COLOR_SENSOR_LED.o)
 .debug_loc     0x0000170b      0x258 .\CortexM3\ARM_GCC_541\Debug\PRJ3.a(UART_PI.o)
 .debug_loc     0x00001963       0x56 .\CortexM3\ARM_GCC_541\Debug\PRJ3.a(UART_PI_RX_ISR.o)
 .debug_loc     0x000019b9       0x42 .\CortexM3\ARM_GCC_541\Debug\PRJ3.a(PUMP_1.o)
 .debug_loc     0x000019fb       0x42 .\CortexM3\ARM_GCC_541\Debug\PRJ3.a(PUMP_2.o)
 .debug_loc     0x00001a3d       0x42 .\CortexM3\ARM_GCC_541\Debug\PRJ3.a(PUMP_3.o)
 .debug_loc     0x00001a7f       0x42 .\CortexM3\ARM_GCC_541\Debug\PRJ3.a(PUMP_4.o)
 .debug_loc     0x00001ac1       0x42 .\CortexM3\ARM_GCC_541\Debug\PRJ3.a(PUMP_5.o)
 .debug_loc     0x00001b03       0x42 .\CortexM3\ARM_GCC_541\Debug\PRJ3.a(PUMP_6.o)
 .debug_loc     0x00001b45      0x12c .\CortexM3\ARM_GCC_541\Debug\PRJ3.a(UART_USB_IntClock.o)
 .debug_loc     0x00001c71      0x128 .\CortexM3\ARM_GCC_541\Debug\PRJ3.a(UART_PI_IntClock.o)
 .debug_loc     0x00001d99      0xa11 .\CortexM3\ARM_GCC_541\Debug\PRJ3.a(CyLib.o)
 .debug_loc     0x000027aa      0x1e4 .\CortexM3\ARM_GCC_541\Debug\PRJ3.a(cyPm.o)
 .debug_loc     0x0000298e      0x292 .\CortexM3\ARM_GCC_541\Debug\PRJ3.a(WEIGHT_ADC.o)
 .debug_loc     0x00002c20      0x14d .\CortexM3\ARM_GCC_541\Debug\PRJ3.a(WEIGHT_ADC_theACLK.o)
 .debug_loc     0x00002d6d      0x3b2 .\CortexM3\ARM_GCC_541\Debug\PRJ3.a(CyFlash.o)
 .debug_loc     0x0000311f      0x705 .\CortexM3\ARM_GCC_541\Debug\PRJ3.a(CySpc.o)

.debug_macinfo
 *(.debug_macinfo)

.debug_ranges   0x00000000      0xd58
 *(.debug_ranges)
 .debug_ranges  0x00000000       0xd8 .\CortexM3\ARM_GCC_541\Debug\main.o
 .debug_ranges  0x000000d8       0x68 .\CortexM3\ARM_GCC_541\Debug\ColorSensor.o
 .debug_ranges  0x00000140       0x30 .\CortexM3\ARM_GCC_541\Debug\Motor.o
 .debug_ranges  0x00000170       0x18 .\CortexM3\ARM_GCC_541\Debug\Pump.o
 .debug_ranges  0x00000188       0x50 .\CortexM3\ARM_GCC_541\Debug\UART.o
 .debug_ranges  0x000001d8       0x48 .\CortexM3\ARM_GCC_541\Debug\cyfitter_cfg.o
 .debug_ranges  0x00000220       0x38 .\CortexM3\ARM_GCC_541\Debug\Cm3Start.o
 .debug_ranges  0x00000258       0x28 .\CortexM3\ARM_GCC_541\Debug\PRJ3.a(I2C.o)
 .debug_ranges  0x00000280       0x10 .\CortexM3\ARM_GCC_541\Debug\PRJ3.a(I2C_INT.o)
 .debug_ranges  0x00000290       0x28 .\CortexM3\ARM_GCC_541\Debug\PRJ3.a(I2C_PM.o)
 .debug_ranges  0x000002b8       0x70 .\CortexM3\ARM_GCC_541\Debug\PRJ3.a(I2C_MASTER.o)
 .debug_ranges  0x00000328       0x28 .\CortexM3\ARM_GCC_541\Debug\PRJ3.a(STEP_2a.o)
 .debug_ranges  0x00000350       0x28 .\CortexM3\ARM_GCC_541\Debug\PRJ3.a(STEP_1a.o)
 .debug_ranges  0x00000378       0x28 .\CortexM3\ARM_GCC_541\Debug\PRJ3.a(STEP_1b.o)
 .debug_ranges  0x000003a0       0x28 .\CortexM3\ARM_GCC_541\Debug\PRJ3.a(STEP_2b.o)
 .debug_ranges  0x000003c8       0xe0 .\CortexM3\ARM_GCC_541\Debug\PRJ3.a(UART_USB.o)
 .debug_ranges  0x000004a8       0x70 .\CortexM3\ARM_GCC_541\Debug\PRJ3.a(UART_USB_RX_ISR.o)
 .debug_ranges  0x00000518       0x28 .\CortexM3\ARM_GCC_541\Debug\PRJ3.a(COLOR_SENSOR_LED.o)
 .debug_ranges  0x00000540       0xe0 .\CortexM3\ARM_GCC_541\Debug\PRJ3.a(UART_PI.o)
 .debug_ranges  0x00000620       0x70 .\CortexM3\ARM_GCC_541\Debug\PRJ3.a(UART_PI_RX_ISR.o)
 .debug_ranges  0x00000690       0x28 .\CortexM3\ARM_GCC_541\Debug\PRJ3.a(PUMP_1.o)
 .debug_ranges  0x000006b8       0x28 .\CortexM3\ARM_GCC_541\Debug\PRJ3.a(PUMP_2.o)
 .debug_ranges  0x000006e0       0x28 .\CortexM3\ARM_GCC_541\Debug\PRJ3.a(PUMP_3.o)
 .debug_ranges  0x00000708       0x28 .\CortexM3\ARM_GCC_541\Debug\PRJ3.a(PUMP_4.o)
 .debug_ranges  0x00000730       0x28 .\CortexM3\ARM_GCC_541\Debug\PRJ3.a(PUMP_5.o)
 .debug_ranges  0x00000758       0x28 .\CortexM3\ARM_GCC_541\Debug\PRJ3.a(PUMP_6.o)
 .debug_ranges  0x00000780       0x60 .\CortexM3\ARM_GCC_541\Debug\PRJ3.a(UART_USB_IntClock.o)
 .debug_ranges  0x000007e0       0x60 .\CortexM3\ARM_GCC_541\Debug\PRJ3.a(UART_PI_IntClock.o)
 .debug_ranges  0x00000840      0x290 .\CortexM3\ARM_GCC_541\Debug\PRJ3.a(CyLib.o)
 .debug_ranges  0x00000ad0       0x88 .\CortexM3\ARM_GCC_541\Debug\PRJ3.a(cyPm.o)
 .debug_ranges  0x00000b58       0x98 .\CortexM3\ARM_GCC_541\Debug\PRJ3.a(WEIGHT_ADC.o)
 .debug_ranges  0x00000bf0       0x10 .\CortexM3\ARM_GCC_541\Debug\PRJ3.a(WEIGHT_ADC_INT.o)
 .debug_ranges  0x00000c00       0x70 .\CortexM3\ARM_GCC_541\Debug\PRJ3.a(WEIGHT_ADC_theACLK.o)
 .debug_ranges  0x00000c70       0x78 .\CortexM3\ARM_GCC_541\Debug\PRJ3.a(CyFlash.o)
 .debug_ranges  0x00000ce8       0x70 .\CortexM3\ARM_GCC_541\Debug\PRJ3.a(CySpc.o)

.comment        0x00000000       0x6e
 .comment       0x00000000       0x6e .\CortexM3\ARM_GCC_541\Debug\main.o
                                 0x6f (size before relaxing)
 .comment       0x0000006e       0x6f .\CortexM3\ARM_GCC_541\Debug\ColorSensor.o
 .comment       0x0000006e       0x6f .\CortexM3\ARM_GCC_541\Debug\Motor.o
 .comment       0x0000006e       0x6f .\CortexM3\ARM_GCC_541\Debug\Pump.o
 .comment       0x0000006e       0x6f .\CortexM3\ARM_GCC_541\Debug\UART.o
 .comment       0x0000006e       0x6f .\CortexM3\ARM_GCC_541\Debug\cyfitter_cfg.o
 .comment       0x0000006e       0x6f .\CortexM3\ARM_GCC_541\Debug\cymetadata.o
 .comment       0x0000006e       0x6f .\CortexM3\ARM_GCC_541\Debug\Cm3Start.o
 .comment       0x0000006e       0x6f .\CortexM3\ARM_GCC_541\Debug\PRJ3.a(I2C.o)
 .comment       0x0000006e       0x6f .\CortexM3\ARM_GCC_541\Debug\PRJ3.a(I2C_INT.o)
 .comment       0x0000006e       0x6f .\CortexM3\ARM_GCC_541\Debug\PRJ3.a(I2C_PM.o)
 .comment       0x0000006e       0x6f .\CortexM3\ARM_GCC_541\Debug\PRJ3.a(I2C_MASTER.o)
 .comment       0x0000006e       0x6f .\CortexM3\ARM_GCC_541\Debug\PRJ3.a(STEP_2a.o)
 .comment       0x0000006e       0x6f .\CortexM3\ARM_GCC_541\Debug\PRJ3.a(STEP_1a.o)
 .comment       0x0000006e       0x6f .\CortexM3\ARM_GCC_541\Debug\PRJ3.a(STEP_1b.o)
 .comment       0x0000006e       0x6f .\CortexM3\ARM_GCC_541\Debug\PRJ3.a(STEP_2b.o)
 .comment       0x0000006e       0x6f .\CortexM3\ARM_GCC_541\Debug\PRJ3.a(UART_USB.o)
 .comment       0x0000006e       0x6f .\CortexM3\ARM_GCC_541\Debug\PRJ3.a(UART_USB_RX_ISR.o)
 .comment       0x0000006e       0x6f .\CortexM3\ARM_GCC_541\Debug\PRJ3.a(COLOR_SENSOR_LED.o)
 .comment       0x0000006e       0x6f .\CortexM3\ARM_GCC_541\Debug\PRJ3.a(UART_PI.o)
 .comment       0x0000006e       0x6f .\CortexM3\ARM_GCC_541\Debug\PRJ3.a(UART_PI_RX_ISR.o)
 .comment       0x0000006e       0x6f .\CortexM3\ARM_GCC_541\Debug\PRJ3.a(PUMP_1.o)
 .comment       0x0000006e       0x6f .\CortexM3\ARM_GCC_541\Debug\PRJ3.a(PUMP_2.o)
 .comment       0x0000006e       0x6f .\CortexM3\ARM_GCC_541\Debug\PRJ3.a(PUMP_3.o)
 .comment       0x0000006e       0x6f .\CortexM3\ARM_GCC_541\Debug\PRJ3.a(PUMP_4.o)
 .comment       0x0000006e       0x6f .\CortexM3\ARM_GCC_541\Debug\PRJ3.a(PUMP_5.o)
 .comment       0x0000006e       0x6f .\CortexM3\ARM_GCC_541\Debug\PRJ3.a(PUMP_6.o)
 .comment       0x0000006e       0x6f .\CortexM3\ARM_GCC_541\Debug\PRJ3.a(UART_USB_IntClock.o)
 .comment       0x0000006e       0x6f .\CortexM3\ARM_GCC_541\Debug\PRJ3.a(UART_PI_IntClock.o)
 .comment       0x0000006e       0x6f .\CortexM3\ARM_GCC_541\Debug\PRJ3.a(CyLib.o)
 .comment       0x0000006e       0x6f .\CortexM3\ARM_GCC_541\Debug\PRJ3.a(cyPm.o)
 .comment       0x0000006e       0x6f .\CortexM3\ARM_GCC_541\Debug\PRJ3.a(WEIGHT_ADC.o)
 .comment       0x0000006e       0x6f .\CortexM3\ARM_GCC_541\Debug\PRJ3.a(WEIGHT_ADC_INT.o)
 .comment       0x0000006e       0x6f .\CortexM3\ARM_GCC_541\Debug\PRJ3.a(WEIGHT_ADC_theACLK.o)
 .comment       0x0000006e       0x6f .\CortexM3\ARM_GCC_541\Debug\PRJ3.a(CyFlash.o)
 .comment       0x0000006e       0x6f .\CortexM3\ARM_GCC_541\Debug\PRJ3.a(CySpc.o)

.debug_weaknames
 *(.debug_weaknames)

.debug_funcnames
 *(.debug_funcnames)

.debug_typenames
 *(.debug_typenames)

.debug_varnames
 *(.debug_varnames)

.note.gnu.arm.ident
 *(.note.gnu.arm.ident)

.ARM.attributes
                0x00000000       0x29
 *(.ARM.attributes)
 .ARM.attributes
                0x00000000       0x1d c:/program files (x86)/cypress/psoc creator/4.4/psoc creator/import/gnu/arm/5.4.1/bin/../lib/gcc/arm-none-eabi/5.4.1/armv7-m/crti.o
 .ARM.attributes
                0x0000001d       0x2d c:/program files (x86)/cypress/psoc creator/4.4/psoc creator/import/gnu/arm/5.4.1/bin/../lib/gcc/arm-none-eabi/5.4.1/armv7-m/crtbegin.o
 .ARM.attributes
                0x0000004a       0x1b c:/program files (x86)/cypress/psoc creator/4.4/psoc creator/import/gnu/arm/5.4.1/bin/../lib/gcc/arm-none-eabi/5.4.1/../../../../arm-none-eabi/lib/armv7-m/crt0.o
 .ARM.attributes
                0x00000065       0x33 .\CortexM3\ARM_GCC_541\Debug\main.o
 .ARM.attributes
                0x00000098       0x33 .\CortexM3\ARM_GCC_541\Debug\ColorSensor.o
 .ARM.attributes
                0x000000cb       0x33 .\CortexM3\ARM_GCC_541\Debug\Motor.o
 .ARM.attributes
                0x000000fe       0x33 .\CortexM3\ARM_GCC_541\Debug\Pump.o
 .ARM.attributes
                0x00000131       0x33 .\CortexM3\ARM_GCC_541\Debug\UART.o
 .ARM.attributes
                0x00000164       0x33 .\CortexM3\ARM_GCC_541\Debug\cyfitter_cfg.o
 .ARM.attributes
                0x00000197       0x33 .\CortexM3\ARM_GCC_541\Debug\cymetadata.o
 .ARM.attributes
                0x000001ca       0x33 .\CortexM3\ARM_GCC_541\Debug\Cm3Start.o
 .ARM.attributes
                0x000001fd       0x33 .\CortexM3\ARM_GCC_541\Debug\PRJ3.a(I2C.o)
 .ARM.attributes
                0x00000230       0x33 .\CortexM3\ARM_GCC_541\Debug\PRJ3.a(I2C_INT.o)
 .ARM.attributes
                0x00000263       0x33 .\CortexM3\ARM_GCC_541\Debug\PRJ3.a(I2C_PM.o)
 .ARM.attributes
                0x00000296       0x33 .\CortexM3\ARM_GCC_541\Debug\PRJ3.a(I2C_MASTER.o)
 .ARM.attributes
                0x000002c9       0x33 .\CortexM3\ARM_GCC_541\Debug\PRJ3.a(STEP_2a.o)
 .ARM.attributes
                0x000002fc       0x33 .\CortexM3\ARM_GCC_541\Debug\PRJ3.a(STEP_1a.o)
 .ARM.attributes
                0x0000032f       0x33 .\CortexM3\ARM_GCC_541\Debug\PRJ3.a(STEP_1b.o)
 .ARM.attributes
                0x00000362       0x33 .\CortexM3\ARM_GCC_541\Debug\PRJ3.a(STEP_2b.o)
 .ARM.attributes
                0x00000395       0x33 .\CortexM3\ARM_GCC_541\Debug\PRJ3.a(UART_USB.o)
 .ARM.attributes
                0x000003c8       0x33 .\CortexM3\ARM_GCC_541\Debug\PRJ3.a(UART_USB_RX_ISR.o)
 .ARM.attributes
                0x000003fb       0x33 .\CortexM3\ARM_GCC_541\Debug\PRJ3.a(COLOR_SENSOR_LED.o)
 .ARM.attributes