Archive member included to satisfy reference by file (symbol)

.\CortexM3\ARM_GCC_541\Debug\PRJ3.a(I2C.o)
                              .\CortexM3\ARM_GCC_541\Debug\ColorSensor.o (I2C_Start)
.\CortexM3\ARM_GCC_541\Debug\PRJ3.a(I2C_INT.o)
                              .\CortexM3\ARM_GCC_541\Debug\PRJ3.a(I2C.o) (I2C_ISR)
.\CortexM3\ARM_GCC_541\Debug\PRJ3.a(I2C_PM.o)
                              .\CortexM3\ARM_GCC_541\Debug\PRJ3.a(I2C.o) (I2C_backup)
.\CortexM3\ARM_GCC_541\Debug\PRJ3.a(I2C_MASTER.o)
                              .\CortexM3\ARM_GCC_541\Debug\PRJ3.a(I2C.o) (I2C_mstrStatus)
.\CortexM3\ARM_GCC_541\Debug\PRJ3.a(CyLib.o)
                              .\CortexM3\ARM_GCC_541\Debug\Cm3Start.o (CyHalt)
.\CortexM3\ARM_GCC_541\Debug\PRJ3.a(cyPm.o)
                              .\CortexM3\ARM_GCC_541\Debug\PRJ3.a(CyLib.o) (CyPmReadStatus)
.\CortexM3\ARM_GCC_541\Debug\PRJ3.a(STEP_2a.o)
                              .\CortexM3\ARM_GCC_541\Debug\Motor.o (STEP_2a_Write)
.\CortexM3\ARM_GCC_541\Debug\PRJ3.a(STEP_1a.o)
                              .\CortexM3\ARM_GCC_541\Debug\Motor.o (STEP_1a_Write)
.\CortexM3\ARM_GCC_541\Debug\PRJ3.a(STEP_1b.o)
                              .\CortexM3\ARM_GCC_541\Debug\Motor.o (STEP_1b_Write)
.\CortexM3\ARM_GCC_541\Debug\PRJ3.a(STEP_2b.o)
                              .\CortexM3\ARM_GCC_541\Debug\Motor.o (STEP_2b_Write)
.\CortexM3\ARM_GCC_541\Debug\PRJ3.a(UART_USB.o)
                              .\CortexM3\ARM_GCC_541\Debug\UART.o (UART_USB_Start)
.\CortexM3\ARM_GCC_541\Debug\PRJ3.a(UART_USB_RX_ISR.o)
                              .\CortexM3\ARM_GCC_541\Debug\UART.o (UART_USB_RX_ISR_StartEx)
.\CortexM3\ARM_GCC_541\Debug\PRJ3.a(LED_BUILTIN.o)
                              .\CortexM3\ARM_GCC_541\Debug\UART.o (LED_BUILTIN_Write)
.\CortexM3\ARM_GCC_541\Debug\PRJ3.a(UART_PI.o)
                              .\CortexM3\ARM_GCC_541\Debug\UART.o (UART_PI_Start)
.\CortexM3\ARM_GCC_541\Debug\PRJ3.a(UART_PI_RX_ISR.o)
                              .\CortexM3\ARM_GCC_541\Debug\UART.o (UART_PI_RX_ISR_StartEx)
.\CortexM3\ARM_GCC_541\Debug\PRJ3.a(UART_USB_IntClock.o)
                              .\CortexM3\ARM_GCC_541\Debug\PRJ3.a(UART_USB.o) (UART_USB_IntClock_Start)
.\CortexM3\ARM_GCC_541\Debug\PRJ3.a(UART_PI_IntClock.o)
                              .\CortexM3\ARM_GCC_541\Debug\PRJ3.a(UART_PI.o) (UART_PI_IntClock_Start)
.\CortexM3\ARM_GCC_541\Debug\PRJ3.a(PUMP_1.o)
                              .\CortexM3\ARM_GCC_541\Debug\Pump.o (PUMP_1_Write)
.\CortexM3\ARM_GCC_541\Debug\PRJ3.a(PUMP_2.o)
                              .\CortexM3\ARM_GCC_541\Debug\Pump.o (PUMP_2_Write)
.\CortexM3\ARM_GCC_541\Debug\PRJ3.a(PUMP_3.o)
                              .\CortexM3\ARM_GCC_541\Debug\Pump.o (PUMP_3_Write)
.\CortexM3\ARM_GCC_541\Debug\PRJ3.a(PUMP_4.o)
                              .\CortexM3\ARM_GCC_541\Debug\Pump.o (PUMP_4_Write)
.\CortexM3\ARM_GCC_541\Debug\PRJ3.a(PUMP_5.o)
                              .\CortexM3\ARM_GCC_541\Debug\Pump.o (PUMP_5_Write)
.\CortexM3\ARM_GCC_541\Debug\PRJ3.a(PUMP_6.o)
                              .\CortexM3\ARM_GCC_541\Debug\Pump.o (PUMP_6_Write)
.\CortexM3\ARM_GCC_541\Debug\PRJ3.a(CyBootAsmGnu.o)
                              .\CortexM3\ARM_GCC_541\Debug\cyfitter_cfg.o (CyDelayCycles)
.\CortexM3\ARM_GCC_541\Debug\PRJ3.a(CyFlash.o)
                              .\CortexM3\ARM_GCC_541\Debug\PRJ3.a(cyPm.o) (CyFlash_SetWaitCycles)
.\CortexM3\ARM_GCC_541\Debug\PRJ3.a(CySpc.o)
                              .\CortexM3\ARM_GCC_541\Debug\PRJ3.a(CyFlash.o) (CySpcStart)
c:/program files (x86)/cypress/psoc creator/4.4/psoc creator/import/gnu/arm/5.4.1/bin/../lib/gcc/arm-none-eabi/5.4.1/armv7-m\libgcc.a(_arm_addsubdf3.o)
                              .\CortexM3\ARM_GCC_541\Debug\ColorSensor.o (__aeabi_i2d)
c:/program files (x86)/cypress/psoc creator/4.4/psoc creator/import/gnu/arm/5.4.1/bin/../lib/gcc/arm-none-eabi/5.4.1/armv7-m\libgcc.a(_arm_muldivdf3.o)
                              .\CortexM3\ARM_GCC_541\Debug\ColorSensor.o (__aeabi_dmul)
c:/program files (x86)/cypress/psoc creator/4.4/psoc creator/import/gnu/arm/5.4.1/bin/../lib/gcc/arm-none-eabi/5.4.1/armv7-m\libgcc.a(_arm_cmpdf2.o)
                              .\CortexM3\ARM_GCC_541\Debug\ColorSensor.o (__aeabi_dcmplt)
c:/program files (x86)/cypress/psoc creator/4.4/psoc creator/import/gnu/arm/5.4.1/bin/../lib/gcc/arm-none-eabi/5.4.1/../../../../arm-none-eabi/lib/armv7-m\libg_nano.a(lib_a-errno.o)
                              .\CortexM3\ARM_GCC_541\Debug\Cm3Start.o (__errno)
c:/program files (x86)/cypress/psoc creator/4.4/psoc creator/import/gnu/arm/5.4.1/bin/../lib/gcc/arm-none-eabi/5.4.1/../../../../arm-none-eabi/lib/armv7-m\libg_nano.a(lib_a-exit.o)
                              c:/program files (x86)/cypress/psoc creator/4.4/psoc creator/import/gnu/arm/5.4.1/bin/../lib/gcc/arm-none-eabi/5.4.1/../../../../arm-none-eabi/lib/armv7-m/crt0.o (exit)
[...]
Memory Configuration

Name             Origin             Length             Attributes
rom              0x00000000         0x00040000         xr
ram              0x1fff8000         0x00010000         xrw
*default*        0x00000000         0xffffffff

Linker script and memory map

LOAD c:/program files (x86)/cypress/psoc creator/4.4/psoc creator/import/gnu/arm/5.4.1/bin/../lib/gcc/arm-none-eabi/5.4.1/armv7-m/crti.o
LOAD c:/program files (x86)/cypress/psoc creator/4.4/psoc creator/import/gnu/arm/5.4.1/bin/../lib/gcc/arm-none-eabi/5.4.1/armv7-m/crtbegin.o
LOAD c:/program files (x86)/cypress/psoc creator/4.4/psoc creator/import/gnu/arm/5.4.1/bin/../lib/gcc/arm-none-eabi/5.4.1/../../../../arm-none-eabi/lib/armv7-m/crt0.o
START GROUP
LOAD .\CortexM3\ARM_GCC_541\Debug\main.o
LOAD .\CortexM3\ARM_GCC_541\Debug\ColorSensor.o
LOAD .\CortexM3\ARM_GCC_541\Debug\Motor.o
LOAD .\CortexM3\ARM_GCC_541\Debug\Pump.o
LOAD .\CortexM3\ARM_GCC_541\Debug\UART.o
LOAD .\CortexM3\ARM_GCC_541\Debug\cyfitter_cfg.o
LOAD .\CortexM3\ARM_GCC_541\Debug\cymetadata.o
LOAD .\CortexM3\ARM_GCC_541\Debug\Cm3Start.o
LOAD .\CortexM3\ARM_GCC_541\Debug\PRJ3.a
LOAD C:\Program Files (x86)\Cypress\PSoC Creator\4.4\PSoC Creator\psoc\content\cycomponentlibrary\CyComponentLibrary.cylib\CortexM3\ARM_GCC_541\Debug\CyComponentLibrary.a
END GROUP
START GROUP
LOAD c:/program files (x86)/cypress/psoc creator/4.4/psoc creator/import/gnu/arm/5.4.1/bin/../lib/gcc/arm-none-eabi/5.4.1/armv7-m\libgcc.a
LOAD c:/program files (x86)/cypress/psoc creator/4.4/psoc creator/import/gnu/arm/5.4.1/bin/../lib/gcc/arm-none-eabi/5.4.1/../../../../arm-none-eabi/lib/armv7-m\libg_nano.a
LOAD c:/program files (x86)/cypress/psoc creator/4.4/psoc creator/import/gnu/arm/5.4.1/bin/../lib/gcc/arm-none-eabi/5.4.1/../../../../arm-none-eabi/lib/armv7-m\libc_nano.a
END GROUP
START GROUP
LOAD c:/program files (x86)/cypress/psoc creator/4.4/psoc creator/import/gnu/arm/5.4.1/bin/../lib/gcc/arm-none-eabi/5.4.1/armv7-m\libgcc.a
LOAD c:/program files (x86)/cypress/psoc creator/4.4/psoc creator/import/gnu/arm/5.4.1/bin/../lib/gcc/arm-none-eabi/5.4.1/../../../../arm-none-eabi/lib/armv7-m\libc_nano.a
END GROUP
LOAD c:/program files (x86)/cypress/psoc creator/4.4/psoc creator/import/gnu/arm/5.4.1/bin/../lib/gcc/arm-none-eabi/5.4.1/armv7-m/crtend.o
LOAD c:/program files (x86)/cypress/psoc creator/4.4/psoc creator/import/gnu/arm/5.4.1/bin/../lib/gcc/arm-none-eabi/5.4.1/armv7-m/crtn.o
START GROUP
LOAD c:/program files (x86)/cypress/psoc creator/4.4/psoc creator/import/gnu/arm/5.4.1/bin/../lib/gcc/arm-none-eabi/5.4.1/armv7-m\libgcc.a
LOAD c:/program files (x86)/cypress/psoc creator/4.4/psoc creator/import/gnu/arm/5.4.1/bin/../lib/gcc/arm-none-eabi/5.4.1/../../../../arm-none-eabi/lib/armv7-m\libc.a
LOAD c:/program files (x86)/cypress/psoc creator/4.4/psoc creator/import/gnu/arm/5.4.1/bin/../lib/gcc/arm-none-eabi/5.4.1/../../../../arm-none-eabi/lib/armv7-m\libnosys.a
END GROUP
                0x00000000                CY_APPL_ORIGIN = 0x0
                0x00000100                CY_FLASH_ROW_SIZE = 0x100
                0x00000020                CY_ECC_ROW_SIZE = 0x20
                0x00000000                CY_EE_IN_BTLDR = 0x0
                0x00000000                CY_APPL_LOADABLE = 0x0
                0x00000800                CY_EE_SIZE = 0x800
                0x00000001                CY_APPL_NUM = 0x1
                0x00000001                CY_APPL_MAX = 0x1
                0x00000040                CY_METADATA_SIZE = 0x40
                0x00000000                CY_APPL_LOADABLE = 0x0
                0x00000000                CY_CHECKSUM_EXCLUDE_SIZE = ALIGN (0x0, CY_FLASH_ROW_SIZE)
                [!provide]                PROVIDE (__cy_heap_start, _end)
                0x00000001                PROVIDE (__cy_region_num, ((__cy_regions_end - __cy_regions) / 0x10))
                0x20008000                PROVIDE (__cy_stack, (ORIGIN (ram) + LENGTH (ram)))
                [!provide]                PROVIDE (__cy_heap_end, (__cy_stack - 0x800))

.cybootloader   0x00000000        0x0
 *(.cybootloader)
                0x00000000                appl1_start = CY_APPL_ORIGIN?CY_APPL_ORIGIN:ALIGN (CY_FLASH_ROW_SIZE)
                0x0001ff00                appl2_start = (appl1_start + ALIGN ((((LENGTH (rom) - appl1_start) - (0x2 * CY_FLASH_ROW_SIZE)) / 0x2), CY_FLASH_ROW_SIZE))
                0x00000000                appl_start = (CY_APPL_NUM == 0x1)?appl1_start:appl2_start
                0x00000000                ecc_offset = ((appl_start / CY_FLASH_ROW_SIZE) * CY_ECC_ROW_SIZE)
                0x00000000                ee_offset = (CY_APPL_LOADABLE && ! (CY_EE_IN_BTLDR))?((CY_EE_SIZE / CY_APPL_MAX) * (CY_APPL_NUM - 0x1)):0x0
                0x00000800                ee_size = (CY_APPL_LOADABLE && ! (CY_EE_IN_BTLDR))?(CY_EE_SIZE / CY_APPL_MAX):CY_EE_SIZE
                [!provide]                PROVIDE (CY_ECC_OFFSET, ecc_offset)

.text           0x00000000     0x346c
 CREATE_OBJECT_SYMBOLS
                0x00000000                PROVIDE (__cy_interrupt_vector, RomVectors)
 *(.romvectors)
 .romvectors    0x00000000       0x10 .\CortexM3\ARM_GCC_541\Debug\Cm3Start.o
                0x00000000                RomVectors
                0x00000001                ASSERT ((. != __cy_interrupt_vector), No interrupt vector)
                0x00000001                ASSERT (CY_APPL_ORIGIN?(SIZEOF (.cybootloader) <= CY_APPL_ORIGIN):0x1, Wrong image location)
                0x00000010                PROVIDE (__cy_reset, Reset)
 *(.text.Reset)
 .text.Reset    0x00000010       0x18 .\CortexM3\ARM_GCC_541\Debug\Cm3Start.o
                0x00000010                Reset
                0x00000001                ASSERT ((. != __cy_reset), No reset code)
 *(.dma_init)
                0x00000001                ASSERT ((((appl_start + .) <= 0x10000) || 0x1), DMA Init must be within the first 64k of flash)
 *(.text .text.* .gnu.linkonce.t.*)
 .text          0x00000028       0x5c c:/program files (x86)/cypress/psoc creator/4.4/psoc creator/import/gnu/arm/5.4.1/bin/../lib/gcc/arm-none-eabi/5.4.1/armv7-m/crtbegin.o
 .text.ValidateCupSize
                0x00000084        0xc .\CortexM3\ARM_GCC_541\Debug\main.o
                0x00000084                ValidateCupSize
 .text.ErrorMessage
                0x00000090       0x24 .\CortexM3\ARM_GCC_541\Debug\main.o
                0x00000090                ErrorMessage
 .text.PrintError
                0x000000b4       0x24 .\CortexM3\ARM_GCC_541\Debug\main.o
                0x000000b4                PrintError
 .text.setup    0x000000d8        0xc .\CortexM3\ARM_GCC_541\Debug\main.o
                0x000000d8                setup
 .text.UpdateState
                0x000000e4       0xe0 .\CortexM3\ARM_GCC_541\Debug\main.o
                0x000000e4                UpdateState
 .text.main     0x000001c4       0x28 .\CortexM3\ARM_GCC_541\Debug\main.o
                0x000001c4                main
 .text.Cmd_Test1
                0x000001ec       0x14 .\CortexM3\ARM_GCC_541\Debug\UART.o
                0x000001ec                Cmd_Test1
 .text.Cmd_Test2
                0x00000200       0x14 .\CortexM3\ARM_GCC_541\Debug\UART.o
                0x00000200                Cmd_Test2
 .text.GetCmd   0x00000214        0xc .\CortexM3\ARM_GCC_541\Debug\UART.o
                0x00000214                GetCmd
 .text.ResetCmd
                0x00000220       0x10 .\CortexM3\ARM_GCC_541\Debug\UART.o
                0x00000220                ResetCmd
 .text.HandleStringReceived
                0x00000230       0x78 .\CortexM3\ARM_GCC_541\Debug\UART.o
                0x00000230                HandleStringReceived
 .text.UART_HandleRxByte
                0x000002a8       0x30 .\CortexM3\ARM_GCC_541\Debug\UART.o
 .text.UART_USB_RX_ISR_handler
                0x000002d8       0x20 .\CortexM3\ARM_GCC_541\Debug\UART.o
                0x000002d8                UART_USB_RX_ISR_handler
 .text.UART_PI_RX_ISR_handler
                0x000002f8       0x24 .\CortexM3\ARM_GCC_541\Debug\UART.o
                0x000002f8                UART_PI_RX_ISR_handler
 .text.UART_Initialize
                0x0000031c       0x20 .\CortexM3\ARM_GCC_541\Debug\UART.o
                0x0000031c                UART_Initialize
 .text.CyClockStartupError
                0x0000033c        0x4 .\CortexM3\ARM_GCC_541\Debug\cyfitter_cfg.o
 .text.cfg_write_bytes32
                0x00000340       0x34 .\CortexM3\ARM_GCC_541\Debug\cyfitter_cfg.o
 .text.AnalogSetDefault
                0x00000374       0x28 .\CortexM3\ARM_GCC_541\Debug\cyfitter_cfg.o
 .text.CYMEMZERO
                0x0000039c        0xc .\CortexM3\ARM_GCC_541\Debug\cyfitter_cfg.o
 .text.ClockSetup
                0x000003a8       0xc8 .\CortexM3\ARM_GCC_541\Debug\cyfitter_cfg.o
 .text.CYCONFIGCPY
                0x00000470        0x8 .\CortexM3\ARM_GCC_541\Debug\cyfitter_cfg.o
 .text.cyfitter_cfg
                0x00000478      0x134 .\CortexM3\ARM_GCC_541\Debug\cyfitter_cfg.o
                0x00000478                cyfitter_cfg
 .text.IntDefaultHandler
                0x000005ac       0x10 .\CortexM3\ARM_GCC_541\Debug\Cm3Start.o
                0x000005ac                IntDefaultHandler
 .text._sbrk    0x000005bc       0x30 .\CortexM3\ARM_GCC_541\Debug\Cm3Start.o
                0x000005bc                _sbrk
 .text.Start_c  0x000005ec       0x4c .\CortexM3\ARM_GCC_541\Debug\Cm3Start.o
                0x000005ec                Start_c
 .text.initialize_psoc
                0x00000638       0x68 .\CortexM3\ARM_GCC_541\Debug\Cm3Start.o
                0x00000638                initialize_psoc
 .text.CyDelay  0x000006a0       0x2c .\CortexM3\ARM_GCC_541\Debug\PRJ3.a(CyLib.o)
                0x000006a0                CyDelay
 .text.UART_USB_Init
                0x000006cc       0x28 .\CortexM3\ARM_GCC_541\Debug\PRJ3.a(UART_USB.o)
                0x000006cc                UART_USB_Init
 .text.UART_USB_Enable
                0x000006f4       0x38 .\CortexM3\ARM_GCC_541\Debug\PRJ3.a(UART_USB.o)
                0x000006f4                UART_USB_Enable
 .text.UART_USB_Start
                0x0000072c       0x1c .\CortexM3\ARM_GCC_541\Debug\PRJ3.a(UART_USB.o)
                0x0000072c                UART_USB_Start
 .text.UART_USB_ReadRxData
                0x00000748        0xc .\CortexM3\ARM_GCC_541\Debug\PRJ3.a(UART_USB.o)
                0x00000748                UART_USB_ReadRxData
 .text.UART_USB_GetRxBufferSize
                0x00000754       0x18 .\CortexM3\ARM_GCC_541\Debug\PRJ3.a(UART_USB.o)
                0x00000754                UART_USB_GetRxBufferSize
 .text.UART_USB_PutChar
                0x0000076c       0x18 .\CortexM3\ARM_GCC_541\Debug\PRJ3.a(UART_USB.o)
                0x0000076c                UART_USB_PutChar
 .text.UART_USB_PutString
                0x00000784       0x24 .\CortexM3\ARM_GCC_541\Debug\PRJ3.a(UART_USB.o)
                0x00000784                UART_USB_PutString
 .text.UART_USB_RX_ISR_SetVector
                0x000007a8        0xc .\CortexM3\ARM_GCC_541\Debug\PRJ3.a(UART_USB_RX_ISR.o)
                0x000007a8                UART_USB_RX_ISR_SetVector
 .text.UART_USB_RX_ISR_SetPriority
                0x000007b4       0x10 .\CortexM3\ARM_GCC_541\Debug\PRJ3.a(UART_USB_RX_ISR.o)
                0x000007b4                UART_USB_RX_ISR_SetPriority
 .text.UART_USB_RX_ISR_Enable
                0x000007c4        0xc .\CortexM3\ARM_GCC_541\Debug\PRJ3.a(UART_USB_RX_ISR.o)
                0x000007c4                UART_USB_RX_ISR_Enable
 .text.UART_USB_RX_ISR_Disable
                0x000007d0        0xc .\CortexM3\ARM_GCC_541\Debug\PRJ3.a(UART_USB_RX_ISR.o)
                0x000007d0                UART_USB_RX_ISR_Disable
 .text.UART_USB_RX_ISR_StartEx
                0x000007dc       0x1c .\CortexM3\ARM_GCC_541\Debug\PRJ3.a(UART_USB_RX_ISR.o)
                0x000007dc                UART_USB_RX_ISR_StartEx
 .text.LED_BUILTIN_Write
                0x000007f8       0x18 .\CortexM3\ARM_GCC_541\Debug\PRJ3.a(LED_BUILTIN.o)
                0x000007f8                LED_BUILTIN_Write
 .text.UART_PI_Init
                0x00000810       0x24 .\CortexM3\ARM_GCC_541\Debug\PRJ3.a(UART_PI.o)
                0x00000810                UART_PI_Init
 .text.UART_PI_Enable
                0x00000834       0x38 .\CortexM3\ARM_GCC_541\Debug\PRJ3.a(UART_PI.o)
                0x00000834                UART_PI_Enable
 .text.UART_PI_Start
                0x0000086c       0x1c .\CortexM3\ARM_GCC_541\Debug\PRJ3.a(UART_PI.o)
                0x0000086c                UART_PI_Start
 .text.UART_PI_ReadRxData
                0x00000888        0xc .\CortexM3\ARM_GCC_541\Debug\PRJ3.a(UART_PI.o)
                0x00000888                UART_PI_ReadRxData
 .text.UART_PI_GetRxBufferSize
                0x00000894       0x18 .\CortexM3\ARM_GCC_541\Debug\PRJ3.a(UART_PI.o)
                0x00000894                UART_PI_GetRxBufferSize
 .text.UART_PI_PutChar
                0x000008ac       0x18 .\CortexM3\ARM_GCC_541\Debug\PRJ3.a(UART_PI.o)
                0x000008ac                UART_PI_PutChar
 .text.UART_PI_PutString
                0x000008c4       0x24 .\CortexM3\ARM_GCC_541\Debug\PRJ3.a(UART_PI.o)
                0x000008c4                UART_PI_PutString
 .text.UART_PI_RX_ISR_SetVector
                0x000008e8        0xc .\CortexM3\ARM_GCC_541\Debug\PRJ3.a(UART_PI_RX_ISR.o)
                0x000008e8                UART_PI_RX_ISR_SetVector
 .text.UART_PI_RX_ISR_SetPriority
                0x000008f4       0x10 .\CortexM3\ARM_GCC_541\Debug\PRJ3.a(UART_PI_RX_ISR.o)
                0x000008f4                UART_PI_RX_ISR_SetPriority
 .text.UART_PI_RX_ISR_Enable
                0x00000904        0xc .\CortexM3\ARM_GCC_541\Debug\PRJ3.a(UART_PI_RX_ISR.o)
                0x00000904                UART_PI_RX_ISR_Enable
 .text.UART_PI_RX_ISR_Disable
                0x00000910        0xc .\CortexM3\ARM_GCC_541\Debug\PRJ3.a(UART_PI_RX_ISR.o)
                0x00000910                UART_PI_RX_ISR_Disable
 .text.UART_PI_RX_ISR_StartEx
                0x0000091c       0x1c .\CortexM3\ARM_GCC_541\Debug\PRJ3.a(UART_PI_RX_ISR.o)
                0x0000091c                UART_PI_RX_ISR_StartEx
 .text.UART_USB_IntClock_Start
                0x00000938       0x1c .\CortexM3\ARM_GCC_541\Debug\PRJ3.a(UART_USB_IntClock.o)
                0x00000938                UART_USB_IntClock_Start
 .text.UART_PI_IntClock_Start
                0x00000954       0x1c .\CortexM3\ARM_GCC_541\Debug\PRJ3.a(UART_PI_IntClock.o)
                0x00000954                UART_PI_IntClock_Start
 .text          0x00000970       0x20 .\CortexM3\ARM_GCC_541\Debug\PRJ3.a(CyBootAsmGnu.o)
                0x00000970                CyDelayCycles
                0x00000980                CyEnterCriticalSection
                0x00000988                CyExitCriticalSection
 .text          0x00000990      0x370 c:/program files (x86)/cypress/psoc creator/4.4/psoc creator/import/gnu/arm/5.4.1/bin/../lib/gcc/arm-none-eabi/5.4.1/armv7-m\libgcc.a(_arm_addsubdf3.o)
                0x00000990                __aeabi_drsub
                0x00000998                __aeabi_dsub
                0x00000998                __subdf3
                0x0000099c                __aeabi_dadd
                0x0000099c                __adddf3
                0x00000c14                __floatunsidf
                0x00000c14                __aeabi_ui2d
                0x00000c34                __floatsidf
                0x00000c34                __aeabi_i2d
                0x00000c58                __aeabi_f2d
                0x00000c58                __extendsfdf2
                0x00000c94                __floatundidf
                0x00000c94                __aeabi_ul2d
                0x00000ca4                __floatdidf
                0x00000ca4                __aeabi_l2d
 .text          0x00000d00      0x424 c:/program files (x86)/cypress/psoc creator/4.4/psoc creator/import/gnu/arm/5.4.1/bin/../lib/gcc/arm-none-eabi/5.4.1/armv7-m\libgcc.a(_arm_muldivdf3.o)
                0x00000d00                __aeabi_dmul
                0x00000d00                __muldf3
                0x00000f54                __divdf3
                0x00000f54                __aeabi_ddiv
 .text          0x00001124      0x110 c:/program files (x86)/cypress/psoc creator/4.4/psoc creator/import/gnu/arm/5.4.1/bin/../lib/gcc/arm-none-eabi/5.4.1/armv7-m\libgcc.a(_arm_cmpdf2.o)
                0x00001124                __gtdf2
                0x00001124                __gedf2
                0x0000112c                __ltdf2
                0x0000112c                __ledf2
                0x00001134                __nedf2
                0x00001134                __eqdf2
                0x00001134                __cmpdf2
                0x000011b0                __aeabi_cdrcmple
                0x000011c0                __aeabi_cdcmpeq
                0x000011c0                __aeabi_cdcmple
                0x000011d0                __aeabi_dcmpeq
                0x000011e4                __aeabi_dcmplt
                0x000011f8                __aeabi_dcmple
                0x0000120c                __aeabi_dcmpge
                0x00001220                __aeabi_dcmpgt
 .text.__errno  0x00001234        0xc c:/program files (x86)/cypress/psoc creator/4.4/psoc creator/import/gnu/arm/5.4.1/bin/../lib/gcc/arm-none-eabi/5.4.1/../../../../arm-none-eabi/lib/armv7-m\libg_nano.a(lib_a-errno.o)
                0x00001234                __errno
 .text.__libc_init_array
                0x00001240       0x4c c:/program files (x86)/cypress/psoc creator/4.4/psoc creator/import/gnu/arm/5.4.1/bin/../lib/gcc/arm-none-eabi/5.4.1/../../../../arm-none-eabi/lib/armv7-m\libg_nano.a(lib_a-init.o)
                0x00001240                __libc_init_array
 .text.memcpy   0x0000128c       0x16 c:/program files (x86)/cypress/psoc creator/4.4/psoc creator/import/gnu/arm/5.4.1/bin/../lib/gcc/arm-none-eabi/5.4.1/../../../../arm-none-eabi/lib/armv7-m\libg_nano.a(lib_a-memcpy-stub.o)
                0x0000128c                memcpy
 .text.memset   0x000012a2       0x10 c:/program files (x86)/cypress/psoc creator/4.4/psoc creator/import/gnu/arm/5.4.1/bin/../lib/gcc/arm-none-eabi/5.4.1/../../../../arm-none-eabi/lib/armv7-m\libg_nano.a(lib_a-memset.o)
                0x000012a2                memset
 .text.__cvt    0x000012b2       0xc0 c:/program files (x86)/cypress/psoc creator/4.4/psoc creator/import/gnu/arm/5.4.1/bin/../lib/gcc/arm-none-eabi/5.4.1/../../../../arm-none-eabi/lib/armv7-m\libg_nano.a(lib_a-nano-vfprintf_float.o)
                0x000012b2                __cvt
 .text.__exponent
                0x00001372       0x62 c:/program files (x86)/cypress/psoc creator/4.4/psoc creator/import/gnu/arm/5.4.1/bin/../lib/gcc/arm-none-eabi/5.4.1/../../../../arm-none-eabi/lib/armv7-m\libg_nano.a(lib_a-nano-vfprintf_float.o)
                0x00001372                __exponent
 .text._printf_float
                0x000013d4      0x488 c:/program files (x86)/cypress/psoc creator/4.4/psoc creator/import/gnu/arm/5.4.1/bin/../lib/gcc/arm-none-eabi/5.4.1/../../../../arm-none-eabi/lib/armv7-m\libg_nano.a(lib_a-nano-vfprintf_float.o)
                0x000013d4                _printf_float
 .text._printf_common
                0x0000185c       0xec c:/program files (x86)/cypress/psoc creator/4.4/psoc creator/import/gnu/arm/5.4.1/bin/../lib/gcc/arm-none-eabi/5.4.1/../../../../arm-none-eabi/lib/armv7-m\libg_nano.a(lib_a-nano-vfprintf_i.o)
                0x0000185c                _printf_common
 .text._printf_i
                0x00001948      0x24c c:/program files (x86)/cypress/psoc creator/4.4/psoc creator/import/gnu/arm/5.4.1/bin/../lib/gcc/arm-none-eabi/5.4.1/../../../../arm-none-eabi/lib/armv7-m\libg_nano.a(lib_a-nano-vfprintf_i.o)
                0x00001948                _printf_i
 .text.snprintf
                0x00001b94       0x64 c:/program files (x86)/cypress/psoc creator/4.4/psoc creator/import/gnu/arm/5.4.1/bin/../lib/gcc/arm-none-eabi/5.4.1/../../../../arm-none-eabi/lib/armv7-m\libg_nano.a(lib_a-snprintf.o)
                0x00001b94                sniprintf
                0x00001b94                snprintf
 .text          0x00001bf8       0x14 c:/program files (x86)/cypress/psoc creator/4.4/psoc creator/import/gnu/arm/5.4.1/bin/../lib/gcc/arm-none-eabi/5.4.1/../../../../arm-none-eabi/lib/armv7-m\libg_nano.a(lib_a-strcmp.o)
                0x00001bf8                strcmp
 .text          0x00001c0c       0x10 c:/program files (x86)/cypress/psoc creator/4.4/psoc creator/import/gnu/arm/5.4.1/bin/../lib/gcc/arm-none-eabi/5.4.1/../../../../arm-none-eabi/lib/armv7-m\libg_nano.a(lib_a-strlen.o)
                0x00001c0c                strlen
 .text.strncpy  0x00001c1c       0x26 c:/program files (x86)/cypress/psoc creator/4.4/psoc creator/import/gnu/arm/5.4.1/bin/../lib/gcc/arm-none-eabi/5.4.1/../../../../arm-none-eabi/lib/armv7-m\libg_nano.a(lib_a-strncpy.o)
                0x00001c1c                strncpy
 *fill*         0x00001c42        0x2 
 .text.strtok   0x00001c44       0x64 c:/program files (x86)/cypress/psoc creator/4.4/psoc creator/import/gnu/arm/5.4.1/bin/../lib/gcc/arm-none-eabi/5.4.1/../../../../arm-none-eabi/lib/armv7-m\libg_nano.a(lib_a-strtok.o)
                0x00001c44                strtok
 .text.__strtok_r
                0x00001ca8       0x56 c:/program files (x86)/cypress/psoc creator/4.4/psoc creator/import/gnu/arm/5.4.1/bin/../lib/gcc/arm-none-eabi/5.4.1/../../../../arm-none-eabi/lib/armv7-m\libg_nano.a(lib_a-strtok_r.o)
                0x00001ca8                __strtok_r
 .text.quorem   0x00001cfe      0x116 c:/program files (x86)/cypress/psoc creator/4.4/psoc creator/import/gnu/arm/5.4.1/bin/../lib/gcc/arm-none-eabi/5.4.1/../../../../arm-none-eabi/lib/armv7-m\libg_nano.a(lib_a-dtoa.o)
 *fill*         0x00001e14        0x4 
 .text._dtoa_r  0x00001e18      0xb30 c:/program files (x86)/cypress/psoc creator/4.4/psoc creator/import/gnu/arm/5.4.1/bin/../lib/gcc/arm-none-eabi/5.4.1/../../../../arm-none-eabi/lib/armv7-m\libg_nano.a(lib_a-dtoa.o)
                0x00001e18                _dtoa_r
 .text._localeconv_r
                0x00002948        0x8 c:/program files (x86)/cypress/psoc creator/4.4/psoc creator/import/gnu/arm/5.4.1/bin/../lib/gcc/arm-none-eabi/5.4.1/../../../../arm-none-eabi/lib/armv7-m\libg_nano.a(lib_a-locale.o)
                0x00002948                _localeconv_r
 .text.malloc   0x00002950       0x10 c:/program files (x86)/cypress/psoc creator/4.4/psoc creator/import/gnu/arm/5.4.1/bin/../lib/gcc/arm-none-eabi/5.4.1/../../../../arm-none-eabi/lib/armv7-m\libg_nano.a(lib_a-malloc.o)
                0x00002950                malloc
 .text.memchr   0x00002960       0x1c c:/program files (x86)/cypress/psoc creator/4.4/psoc creator/import/gnu/arm/5.4.1/bin/../lib/gcc/arm-none-eabi/5.4.1/../../../../arm-none-eabi/lib/armv7-m\libg_nano.a(lib_a-memchr-stub.o)
                0x00002960                memchr
 .text._Balloc  0x0000297c       0x6a c:/program files (x86)/cypress/psoc creator/4.4/psoc creator/import/gnu/arm/5.4.1/bin/../lib/gcc/arm-none-eabi/5.4.1/../../../../arm-none-eabi/lib/armv7-m\libg_nano.a(lib_a-mprec.o)
                0x0000297c                _Balloc
 .text._Bfree   0x000029e6       0x2e c:/program files (x86)/cypress/psoc creator/4.4/psoc creator/import/gnu/arm/5.4.1/bin/../lib/gcc/arm-none-eabi/5.4.1/../../../../arm-none-eabi/lib/armv7-m\libg_nano.a(lib_a-mprec.o)
                0x000029e6                _Bfree
 .text.__multadd
                0x00002a14       0x76 c:/program files (x86)/cypress/psoc creator/4.4/psoc creator/import/gnu/arm/5.4.1/bin/../lib/gcc/arm-none-eabi/5.4.1/../../../../arm-none-eabi/lib/armv7-m\libg_nano.a(lib_a-mprec.o)
                0x00002a14                __multadd
 .text.__hi0bits
                0x00002a8a       0x40 c:/program files (x86)/cypress/psoc creator/4.4/psoc creator/import/gnu/arm/5.4.1/bin/../lib/gcc/arm-none-eabi/5.4.1/../../../../arm-none-eabi/lib/armv7-m\libg_nano.a(lib_a-mprec.o)
                0x00002a8a                __hi0bits
 .text.__lo0bits
                0x00002aca       0x5a c:/program files (x86)/cypress/psoc creator/4.4/psoc creator/import/gnu/arm/5.4.1/bin/../lib/gcc/arm-none-eabi/5.4.1/../../../../arm-none-eabi/lib/armv7-m\libg_nano.a(lib_a-mprec.o)
                0x00002aca                __lo0bits
 .text.__i2b    0x00002b24       0x12 c:/program files (x86)/cypress/psoc creator/4.4/psoc creator/import/gnu/arm/5.4.1/bin/../lib/gcc/arm-none-eabi/5.4.1/../../../../arm-none-eabi/lib/armv7-m\libg_nano.a(lib_a-mprec.o)
                0x00002b24                __i2b
 .text.__multiply
                0x00002b36      0x120 c:/program files (x86)/cypress/psoc creator/4.4/psoc creator/import/gnu/arm/5.4.1/bin/../lib/gcc/arm-none-eabi/5.4.1/../../../../arm-none-eabi/lib/armv7-m\libg_nano.a(lib_a-mprec.o)
                0x00002b36                __multiply
 *fill*         0x00002c56        0x2 
 .text.__pow5mult
                0x00002c58       0x9c c:/program files (x86)/cypress/psoc creator/4.4/psoc creator/import/gnu/arm/5.4.1/bin/../lib/gcc/arm-none-eabi/5.4.1/../../../../arm-none-eabi/lib/armv7-m\libg_nano.a(lib_a-mprec.o)
                0x00002c58                __pow5mult
 .text.__lshift
                0x00002cf4       0xa2 c:/program files (x86)/cypress/psoc creator/4.4/psoc creator/import/gnu/arm/5.4.1/bin/../lib/gcc/arm-none-eabi/5.4.1/../../../../arm-none-eabi/lib/armv7-m\libg_nano.a(lib_a-mprec.o)
                0x00002cf4                __lshift
 .text.__mcmp   0x00002d96       0x38 c:/program files (x86)/cypress/psoc creator/4.4/psoc creator/import/gnu/arm/5.4.1/bin/../lib/gcc/arm-none-eabi/5.4.1/../../../../arm-none-eabi/lib/armv7-m\libg_nano.a(lib_a-mprec.o)
                0x00002d96                __mcmp
 .text.__mdiff  0x00002dce       0xbe c:/program files (x86)/cypress/psoc creator/4.4/psoc creator/import/gnu/arm/5.4.1/bin/../lib/gcc/arm-none-eabi/5.4.1/../../../../arm-none-eabi/lib/armv7-m\libg_nano.a(lib_a-mprec.o)
                0x00002dce                __mdiff
 .text.__d2b    0x00002e8c       0x9c c:/program files (x86)/cypress/psoc creator/4.4/psoc creator/import/gnu/arm/5.4.1/bin/../lib/gcc/arm-none-eabi/5.4.1/../../../../arm-none-eabi/lib/armv7-m\libg_nano.a(lib_a-mprec.o)
                0x00002e8c                __d2b
 .text._calloc_r
                0x00002f28       0x1c c:/program files (x86)/cypress/psoc creator/4.4/psoc creator/import/gnu/arm/5.4.1/bin/../lib/gcc/arm-none-eabi/5.4.1/../../../../arm-none-eabi/lib/armv7-m\libg_nano.a(lib_a-nano-callocr.o)
                0x00002f28                _calloc_r
 .text._free_r  0x00002f44       0x98 c:/program files (x86)/cypress/psoc creator/4.4/psoc creator/import/gnu/arm/5.4.1/bin/../lib/gcc/arm-none-eabi/5.4.1/../../../../arm-none-eabi/lib/armv7-m\libg_nano.a(lib_a-nano-freer.o)
                0x00002f44                _free_r
 .text._malloc_r
                0x00002fdc       0xbc c:/program files (x86)/cypress/psoc creator/4.4/psoc creator/import/gnu/arm/5.4.1/bin/../lib/gcc/arm-none-eabi/5.4.1/../../../../arm-none-eabi/lib/armv7-m\libg_nano.a(lib_a-nano-mallocr.o)
                0x00002fdc                _malloc_r
 .text.__ssputs_r
                0x00003098       0xb2 c:/program files (x86)/cypress/psoc creator/4.4/psoc creator/import/gnu/arm/5.4.1/bin/../lib/gcc/arm-none-eabi/5.4.1/../../../../arm-none-eabi/lib/armv7-m\libg_nano.a(lib_a-nano-svfprintf.o)
                0x00003098                __ssputs_r
 *fill*         0x0000314a        0x2 
 .text._svfprintf_r
                0x0000314c      0x1e8 c:/program files (x86)/cypress/psoc creator/4.4/psoc creator/import/gnu/arm/5.4.1/bin/../lib/gcc/arm-none-eabi/5.4.1/../../../../arm-none-eabi/lib/armv7-m\libg_nano.a(lib_a-nano-svfprintf.o)
                0x0000314c                _svfiprintf_r
                0x0000314c                _svfprintf_r
 .text._sbrk_r  0x00003334       0x20 c:/program files (x86)/cypress/psoc creator/4.4/psoc creator/import/gnu/arm/5.4.1/bin/../lib/gcc/arm-none-eabi/5.4.1/../../../../arm-none-eabi/lib/armv7-m\libg_nano.a(lib_a-sbrkr.o)
                0x00003334                _sbrk_r
 .text.memmove  0x00003354       0x36 c:/program files (x86)/cypress/psoc creator/4.4/psoc creator/import/gnu/arm/5.4.1/bin/../lib/gcc/arm-none-eabi/5.4.1/../../../../arm-none-eabi/lib/armv7-m\libg_nano.a(lib_a-memmove.o)
                0x00003354                memmove
 .text.__malloc_lock
                0x0000338a        0x2 c:/program files (x86)/cypress/psoc creator/4.4/psoc creator/import/gnu/arm/5.4.1/bin/../lib/gcc/arm-none-eabi/5.4.1/../../../../arm-none-eabi/lib/armv7-m\libg_nano.a(lib_a-mlock.o)
                0x0000338a                __malloc_lock
 .text.__malloc_unlock
                0x0000338c        0x2 c:/program files (x86)/cypress/psoc creator/4.4/psoc creator/import/gnu/arm/5.4.1/bin/../lib/gcc/arm-none-eabi/5.4.1/../../../../arm-none-eabi/lib/armv7-m\libg_nano.a(lib_a-mlock.o)
                0x0000338c                __malloc_unlock
 .text._realloc_r
                0x0000338e       0x4c c:/program files (x86)/cypress/psoc creator/4.4/psoc creator/import/gnu/arm/5.4.1/bin/../lib/gcc/arm-none-eabi/5.4.1/../../../../arm-none-eabi/lib/armv7-m\libg_nano.a(lib_a-nano-reallocr.o)
                0x0000338e                _realloc_r
 .text._malloc_usable_size_r
                0x000033da       0x14 c:/program files (x86)/cypress/psoc creator/4.4/psoc creator/import/gnu/arm/5.4.1/bin/../lib/gcc/arm-none-eabi/5.4.1/../../../../arm-none-eabi/lib/armv7-m\libg_nano.a(lib_a-nano-msizer.o)
                0x000033da                _malloc_usable_size_r
 *fill*         0x000033ee        0x2 
 .text          0x000033f0       0x2c c:/program files (x86)/cypress/psoc creator/4.4/psoc creator/import/gnu/arm/5.4.1/bin/../lib/gcc/arm-none-eabi/5.4.1/armv7-m\libgcc.a(_arm_unorddf2.o)
                0x000033f0                __unorddf2
                0x000033f0                __aeabi_dcmpun
 .text          0x0000341c       0x50 c:/program files (x86)/cypress/psoc creator/4.4/psoc creator/import/gnu/arm/5.4.1/bin/../lib/gcc/arm-none-eabi/5.4.1/armv7-m\libgcc.a(_arm_fixdfsi.o)
                0x0000341c                __aeabi_d2iz
                0x0000341c                __fixdfsi
 *(.plt)
 *(.gnu.warning)
 *(.glue_7t)
 .glue_7t       0x0000346c        0x0 linker stubs
 *(.glue_7)
 .glue_7        0x0000346c        0x0 linker stubs
 *(.vfp11_veneer)
 .vfp11_veneer  0x0000346c        0x0 linker stubs
 *(.bootloader)
 *(.ARM.extab* .gnu.linkonce.armextab.*)
 *(.gcc_except_table)

.v4_bx          0x0000346c        0x0
 .v4_bx         0x0000346c        0x0 linker stubs

.iplt           0x0000346c        0x0
 .iplt          0x0000346c        0x0 c:/program files (x86)/cypress/psoc creator/4.4/psoc creator/import/gnu/arm/5.4.1/bin/../lib/gcc/arm-none-eabi/5.4.1/armv7-m/crtbegin.o

.eh_frame_hdr
 *(.eh_frame_hdr)

.eh_frame       0x0000346c        0x4
 *(.eh_frame)
 .eh_frame      0x0000346c        0x0 c:/program files (x86)/cypress/psoc creator/4.4/psoc creator/import/gnu/arm/5.4.1/bin/../lib/gcc/arm-none-eabi/5.4.1/armv7-m/crtbegin.o
 .eh_frame      0x0000346c        0x4 c:/program files (x86)/cypress/psoc creator/4.4/psoc creator/import/gnu/arm/5.4.1/bin/../lib/gcc/arm-none-eabi/5.4.1/armv7-m/crtend.o
                [!provide]                PROVIDE (__exidx_start, .)

.ARM.exidx
 *(.ARM.exidx* .gnu.linkonce.armexidx.*)
                0x00003470                __exidx_end = .

.rodata         0x00003470      0x368
 *(.rodata .rodata.* .gnu.linkonce.r.*)
 .rodata.str1.4
                0x00003470      0x127 .\CortexM3\ARM_GCC_541\Debug\main.o
                                0x12b (size before relaxing)
 *fill*         0x00003597        0x1 
 .rodata        0x00003598       0x1c .\CortexM3\ARM_GCC_541\Debug\UART.o
 .rodata.str1.4
                0x000035b4       0x50 .\CortexM3\ARM_GCC_541\Debug\UART.o
                                 0x56 (size before relaxing)
 .rodata        0x00003604       0x3a .\CortexM3\ARM_GCC_541\Debug\cyfitter_cfg.o
 .rodata.str1.1
                0x0000363e        0x2 c:/program files (x86)/cypress/psoc creator/4.4/psoc creator/import/gnu/arm/5.4.1/bin/../lib/gcc/arm-none-eabi/5.4.1/../../../../arm-none-eabi/lib/armv7-m\libg_nano.a(lib_a-impure.o)
 .rodata.str1.1
                0x00003640       0x12 c:/program files (x86)/cypress/psoc creator/4.4/psoc creator/import/gnu/arm/5.4.1/bin/../lib/gcc/arm-none-eabi/5.4.1/../../../../arm-none-eabi/lib/armv7-m\libg_nano.a(lib_a-nano-vfprintf_float.o)
 .rodata.str1.1
                0x00003652       0x22 c:/program files (x86)/cypress/psoc creator/4.4/psoc creator/import/gnu/arm/5.4.1/bin/../lib/gcc/arm-none-eabi/5.4.1/../../../../arm-none-eabi/lib/armv7-m\libg_nano.a(lib_a-nano-vfprintf_i.o)
 .rodata.str1.1
                0x00003674        0xd c:/program files (x86)/cypress/psoc creator/4.4/psoc creator/import/gnu/arm/5.4.1/bin/../lib/gcc/arm-none-eabi/5.4.1/../../../../arm-none-eabi/lib/armv7-m\libg_nano.a(lib_a-dtoa.o)
                                  0xf (size before relaxing)
 .rodata.str1.1
                0x00003681        0x8 c:/program files (x86)/cypress/psoc creator/4.4/psoc creator/import/gnu/arm/5.4.1/bin/../lib/gcc/arm-none-eabi/5.4.1/../../../../arm-none-eabi/lib/armv7-m\libg_nano.a(lib_a-locale.o)
                                  0xb (size before relaxing)
 *fill*         0x00003689        0x7 
 .rodata.__mprec_tens
                0x00003690       0xc8 c:/program files (x86)/cypress/psoc creator/4.4/psoc creator/import/gnu/arm/5.4.1/bin/../lib/gcc/arm-none-eabi/5.4.1/../../../../arm-none-eabi/lib/armv7-m\libg_nano.a(lib_a-mprec.o)
                0x00003690                __mprec_tens
 .rodata.p05.5408
                0x00003758        0xc c:/program files (x86)/cypress/psoc creator/4.4/psoc creator/import/gnu/arm/5.4.1/bin/../lib/gcc/arm-none-eabi/5.4.1/../../../../arm-none-eabi/lib/armv7-m\libg_nano.a(lib_a-mprec.o)
 *fill*         0x00003764        0x4 
 .rodata.__mprec_bigtens
                0x00003768       0x28 c:/program files (x86)/cypress/psoc creator/4.4/psoc creator/import/gnu/arm/5.4.1/bin/../lib/gcc/arm-none-eabi/5.4.1/../../../../arm-none-eabi/lib/armv7-m\libg_nano.a(lib_a-mprec.o)
                0x00003768                __mprec_bigtens
 .rodata.str1.1
                0x00003790       0x11 c:/program files (x86)/cypress/psoc creator/4.4/psoc creator/import/gnu/arm/5.4.1/bin/../lib/gcc/arm-none-eabi/5.4.1/../../../../arm-none-eabi/lib/armv7-m\libg_nano.a(lib_a-nano-svfprintf.o)
                0x000037a4                . = ALIGN (0x4)
 *fill*         0x000037a1        0x3 
 *(.init)
 .init          0x000037a4        0x4 c:/program files (x86)/cypress/psoc creator/4.4/psoc creator/import/gnu/arm/5.4.1/bin/../lib/gcc/arm-none-eabi/5.4.1/armv7-m/crti.o
                0x000037a4                _init
 .init          0x000037a8        0x8 c:/program files (x86)/cypress/psoc creator/4.4/psoc creator/import/gnu/arm/5.4.1/bin/../lib/gcc/arm-none-eabi/5.4.1/armv7-m/crtn.o
                0x000037b0                . = ALIGN (0x4)
                0x000037b0                __preinit_array_start = .
 *(.preinit_array)
                0x000037b0                __preinit_array_end = .
                0x000037b0                . = ALIGN (0x4)
                0x000037b0                __init_array_start = .
 *(SORT(.init_array.*))
 *(.init_array)
 .init_array    0x000037b0        0x4 c:/program files (x86)/cypress/psoc creator/4.4/psoc creator/import/gnu/arm/5.4.1/bin/../lib/gcc/arm-none-eabi/5.4.1/armv7-m/crtbegin.o
 .init_array    0x000037b4        0x4 .\CortexM3\ARM_GCC_541\Debug\Cm3Start.o
                0x000037b8                __init_array_end = .
                0x000037b8                . = ALIGN (0x4)
 *(.fini)
 .fini          0x000037b8        0x4 c:/program files (x86)/cypress/psoc creator/4.4/psoc creator/import/gnu/arm/5.4.1/bin/../lib/gcc/arm-none-eabi/5.4.1/armv7-m/crti.o
                0x000037b8                _fini
 .fini          0x000037bc        0x8 c:/program files (x86)/cypress/psoc creator/4.4/psoc creator/import/gnu/arm/5.4.1/bin/../lib/gcc/arm-none-eabi/5.4.1/armv7-m/crtn.o
                0x000037c4                . = ALIGN (0x4)
                0x000037c4                __fini_array_start = .
 *(.fini_array)
 .fini_array    0x000037c4        0x4 c:/program files (x86)/cypress/psoc creator/4.4/psoc creator/import/gnu/arm/5.4.1/bin/../lib/gcc/arm-none-eabi/5.4.1/armv7-m/crtbegin.o
 *(SORT(.fini_array.*))
                0x000037c8                __fini_array_end = .
                0x000037c8                . = ALIGN (0x4)
 *crtbegin.o(.ctors)
 *(EXCLUDE_FILE(*crtend.o) .ctors)
 *(SORT(.ctors.*))
 *crtend.o(.ctors)
                0x000037c8                . = ALIGN (0x4)
 *crtbegin.o(.dtors)
 *(EXCLUDE_FILE(*crtend.o) .dtors)
 *(SORT(.dtors.*))
 *crtend.o(.dtors)
                0x000037c8                . = ALIGN (0x4)
                0x000037c8                __cy_regions = .
                0x000037c8        0x4 LONG 0x37d8 __cy_region_init_ram
                0x000037cc        0x4 LONG 0x1fff80c8 __cy_region_start_data
                0x000037d0        0x4 LONG 0xc0 __cy_region_init_size_ram
                0x000037d4        0x4 LONG 0x148 __cy_region_zero_size_ram
                0x000037d8                __cy_regions_end = .
                0x000037d8                . = ALIGN (0x8)
                0x000037d8                _etext = .

.cy_checksum_exclude
                0x000037d8        0x0
 *(.cy_checksum_exclude)

.ramvectors     0x1fff8000       0xc0
                0x1fff8000                __cy_region_start_ram = .
 *(.ramvectors)
 .ramvectors    0x1fff8000       0xc0 .\CortexM3\ARM_GCC_541\Debug\Cm3Start.o
                0x1fff8000                CyRamVectors

.noinit         0x1fff80c0        0x1
 *(.noinit)
 .noinit        0x1fff80c0        0x1 .\CortexM3\ARM_GCC_541\Debug\PRJ3.a(CyLib.o)
                0x1fff80c0                CyResetStatus

.data           0x1fff80c8       0xc0 load address 0x000037d8
                0x1fff80c8                __cy_region_start_data = .
 *(.jcr)
 .jcr           0x1fff80c8        0x0 c:/program files (x86)/cypress/psoc creator/4.4/psoc creator/import/gnu/arm/5.4.1/bin/../lib/gcc/arm-none-eabi/5.4.1/armv7-m/crtbegin.o
 .jcr           0x1fff80c8        0x4 c:/program files (x86)/cypress/psoc creator/4.4/psoc creator/import/gnu/arm/5.4.1/bin/../lib/gcc/arm-none-eabi/5.4.1/armv7-m/crtend.o
 *(.got.plt)
 *(.got)
 *(.shdata)
 *(.data .data.* .gnu.linkonce.d.*)
 .data          0x1fff80cc        0x1 .\CortexM3\ARM_GCC_541\Debug\main.o
                0x1fff80cc                temp
 *fill*         0x1fff80cd        0x3 
 .data          0x1fff80d0        0x4 .\CortexM3\ARM_GCC_541\Debug\UART.o
                0x1fff80d0                latestCmd
 .data          0x1fff80d4        0x4 .\CortexM3\ARM_GCC_541\Debug\Cm3Start.o
 .data          0x1fff80d8       0x10 .\CortexM3\ARM_GCC_541\Debug\PRJ3.a(CyLib.o)
                0x1fff80d8                cydelay_32k_ms
                0x1fff80dc                cydelay_freq_khz
                0x1fff80e0                cydelay_freq_mhz
                0x1fff80e4                cydelay_freq_hz
 .data.impure_data
                0x1fff80e8       0x60 c:/program files (x86)/cypress/psoc creator/4.4/psoc creator/import/gnu/arm/5.4.1/bin/../lib/gcc/arm-none-eabi/5.4.1/../../../../arm-none-eabi/lib/armv7-m\libg_nano.a(lib_a-impure.o)
 .data._impure_ptr
                0x1fff8148        0x4 c:/program files (x86)/cypress/psoc creator/4.4/psoc creator/import/gnu/arm/5.4.1/bin/../lib/gcc/arm-none-eabi/5.4.1/../../../../arm-none-eabi/lib/armv7-m\libg_nano.a(lib_a-impure.o)
                0x1fff8148                _impure_ptr
 .data.lconv    0x1fff814c       0x38 c:/program files (x86)/cypress/psoc creator/4.4/psoc creator/import/gnu/arm/5.4.1/bin/../lib/gcc/arm-none-eabi/5.4.1/../../../../arm-none-eabi/lib/armv7-m\libg_nano.a(lib_a-locale.o)
                0x1fff8188                . = ALIGN (0x8)
 *fill*         0x1fff8184        0x4 
 *(.ram)
                0x1fff8188                _edata = .

.igot.plt       0x1fff8188        0x0 load address 0x00003898
 .igot.plt      0x1fff8188        0x0 c:/program files (x86)/cypress/psoc creator/4.4/psoc creator/import/gnu/arm/5.4.1/bin/../lib/gcc/arm-none-eabi/5.4.1/armv7-m/crtbegin.o

.bss            0x1fff8188      0x148 load address 0x00003898
                0x1fff8188                PROVIDE (__bss_start__, .)
 *(.shbss)
 *(.bss .bss.* .gnu.linkonce.b.*)
 .bss           0x1fff8188       0x1c c:/program files (x86)/cypress/psoc creator/4.4/psoc creator/import/gnu/arm/5.4.1/bin/../lib/gcc/arm-none-eabi/5.4.1/armv7-m/crtbegin.o
 .bss           0x1fff81a4        0xe .\CortexM3\ARM_GCC_541\Debug\main.o
                0x1fff81a4                currentState
                0x1fff81a8                cupSize
 *fill*         0x1fff81b2        0x2 
 .bss           0x1fff81b4      0x108 .\CortexM3\ARM_GCC_541\Debug\UART.o
 .bss           0x1fff82bc        0x2 .\CortexM3\ARM_GCC_541\Debug\PRJ3.a(UART_USB.o)
                0x1fff82bc                UART_USB_initVar
 .bss           0x1fff82be        0x2 .\CortexM3\ARM_GCC_541\Debug\PRJ3.a(UART_PI.o)
                0x1fff82be                UART_PI_initVar
 .bss.__malloc_sbrk_start
                0x1fff82c0        0x4 c:/program files (x86)/cypress/psoc creator/4.4/psoc creator/import/gnu/arm/5.4.1/bin/../lib/gcc/arm-none-eabi/5.4.1/../../../../arm-none-eabi/lib/armv7-m\libg_nano.a(lib_a-nano-mallocr.o)
                0x1fff82c0                __malloc_sbrk_start
 .bss.__malloc_free_list
                0x1fff82c4        0x4 c:/program files (x86)/cypress/psoc creator/4.4/psoc creator/import/gnu/arm/5.4.1/bin/../lib/gcc/arm-none-eabi/5.4.1/../../../../arm-none-eabi/lib/armv7-m\libg_nano.a(lib_a-nano-mallocr.o)
                0x1fff82c4                __malloc_free_list
 *(COMMON)
 COMMON         0x1fff82c8        0x4 c:/program files (x86)/cypress/psoc creator/4.4/psoc creator/import/gnu/arm/5.4.1/bin/../lib/gcc/arm-none-eabi/5.4.1/../../../../arm-none-eabi/lib/armv7-m\libg_nano.a(lib_a-reent.o)
                0x1fff82c8                errno
                0x1fff82d0                . = ALIGN (0x8)
 *fill*         0x1fff82cc        0x4 
 *(.ram.b)
                0x1fff82d0                _end = .
                0x1fff82d0                __end = .
                0x1fff82d0                PROVIDE (end, .)
                0x1fff82d0                PROVIDE (__bss_end__, .)
                0x000037d8                __cy_region_init_ram = LOADADDR (.data)
                0x000000c0                __cy_region_init_size_ram = (_edata - ADDR (.data))
                0x00000148                __cy_region_zero_size_ram = (_end - _edata)

.heap           0x1fff82d0      0x200 load address 0x00003898
                0x1fff82d0                . = _end
                0x1fff84d0                . = (. + 0x200)
 *fill*         0x1fff82d0      0x200 
                0x1fff84d0                __cy_heap_limit = .

.stack          0x20007800      0x800
                0x20007800                __cy_stack_limit = .
                0x20008000                . = (. + 0x800)
 *fill*         0x20007800      0x800 
                0x00000001                ASSERT ((__cy_stack_limit >= __cy_heap_limit), region RAM overflowed with stack)
                0x00000000                cy_checksum_exclude_size = (CY_APPL_LOADABLE == 0x1)?SIZEOF (.cy_checksum_exclude):0x0
                0x00000001                ASSERT ((cy_checksum_exclude_size <= CY_CHECKSUM_EXCLUDE_SIZE), CY_BOOT: Section .cy_checksum_exclude size exceedes specified limit.)

.cyloadermeta
 *(.cyloadermeta)

.cyloadablemeta
 *(.cyloadablemeta)

.cyconfigecc    0x80000000      0x670
 *(.cyconfigecc)
 .cyconfigecc   0x80000000      0x670 .\CortexM3\ARM_GCC_541\Debug\cymetadata.o
                0x80000000                cy_meta_configecc

.cycustnvl      0x90000000        0x4
 *(.cycustnvl)
 .cycustnvl     0x90000000        0x4 .\CortexM3\ARM_GCC_541\Debug\cymetadata.o
                0x90000000                cy_meta_custnvl

.cywolatch      0x90100000        0x4
 *(.cywolatch)
 .cywolatch     0x90100000        0x4 .\CortexM3\ARM_GCC_541\Debug\cymetadata.o
                0x90100000                cy_meta_wonvl

.cyeeprom       0x90200000        0x0
 *(.cyeeprom)
                0x00000001                ASSERT ((. <= ((0x90200000 + ee_offset) + ee_size)), .cyeeprom data will not fit in EEPROM)

.cyflashprotect
                0x90400000      0x100
 *(.cyflashprotect)
 .cyflashprotect
                0x90400000      0x100 .\CortexM3\ARM_GCC_541\Debug\cymetadata.o
                0x90400000                cy_meta_flashprotect

.cymeta         0x90500000        0xc
 *(.cymeta)
 .cymeta        0x90500000        0xc .\CortexM3\ARM_GCC_541\Debug\cymetadata.o
                0x90500000                cy_metadata

.rel.dyn        0x00003898        0x0 load address 0x9050000c
 .rel.iplt      0x00003898        0x0 c:/program files (x86)/cypress/psoc creator/4.4/psoc creator/import/gnu/arm/5.4.1/bin/../lib/gcc/arm-none-eabi/5.4.1/armv7-m/crtbegin.o

.stab
 *(.stab)

.stabstr
 *(.stabstr)

.debug
 *(.debug)

.line
 *(.line)

.debug_srcinfo
 *(.debug_srcinfo)

.debug_sfnames
 *(.debug_sfnames)

.debug_aranges  0x00000000      0xdb8
 *(.debug_aranges)
 .debug_aranges
                0x00000000       0x50 .\CortexM3\ARM_GCC_541\Debug\main.o
 .debug_aranges
                0x00000050       0x58 .\CortexM3\ARM_GCC_541\Debug\ColorSensor.o
 .debug_aranges
                0x000000a8       0x40 .\CortexM3\ARM_GCC_541\Debug\Motor.o
 .debug_aranges
                0x000000e8       0x20 .\CortexM3\ARM_GCC_541\Debug\Pump.o
 .debug_aranges
                0x00000108       0x60 .\CortexM3\ARM_GCC_541\Debug\UART.o
 .debug_aranges
                0x00000168       0x58 .\CortexM3\ARM_GCC_541\Debug\cyfitter_cfg.o
 .debug_aranges
                0x000001c0       0x18 .\CortexM3\ARM_GCC_541\Debug\cymetadata.o
 .debug_aranges
                0x000001d8       0x48 .\CortexM3\ARM_GCC_541\Debug\Cm3Start.o
 .debug_aranges
                0x00000220       0x38 .\CortexM3\ARM_GCC_541\Debug\PRJ3.a(I2C.o)
 .debug_aranges
                0x00000258       0x20 .\CortexM3\ARM_GCC_541\Debug\PRJ3.a(I2C_INT.o)
 .debug_aranges
                0x00000278       0x38 .\CortexM3\ARM_GCC_541\Debug\PRJ3.a(I2C_PM.o)
 .debug_aranges
                0x000002b0       0x80 .\CortexM3\ARM_GCC_541\Debug\PRJ3.a(I2C_MASTER.o)
 .debug_aranges
                0x00000330      0x2a0 .\CortexM3\ARM_GCC_541\Debug\PRJ3.a(CyLib.o)
 .debug_aranges
                0x000005d0       0x98 .\CortexM3\ARM_GCC_541\Debug\PRJ3.a(cyPm.o)
 .debug_aranges
                0x00000668       0x38 .\CortexM3\ARM_GCC_541\Debug\PRJ3.a(STEP_2a.o)
 .debug_aranges
                0x000006a0       0x38 .\CortexM3\ARM_GCC_541\Debug\PRJ3.a(STEP_1a.o)
 .debug_aranges
                0x000006d8       0x38 .\CortexM3\ARM_GCC_541\Debug\PRJ3.a(STEP_1b.o)
 .debug_aranges
                0x00000710       0x38 .\CortexM3\ARM_GCC_541\Debug\PRJ3.a(STEP_2b.o)
 .debug_aranges
                0x00000748       0xf0 .\CortexM3\ARM_GCC_541\Debug\PRJ3.a(UART_USB.o)
 .debug_aranges
                0x00000838       0x80 .\CortexM3\ARM_GCC_541\Debug\PRJ3.a(UART_USB_RX_ISR.o)
 .debug_aranges
                0x000008b8       0x38 .\CortexM3\ARM_GCC_541\Debug\PRJ3.a(LED_BUILTIN.o)
 .debug_aranges
                0x000008f0       0xf0 .\CortexM3\ARM_GCC_541\Debug\PRJ3.a(UART_PI.o)
 .debug_aranges
                0x000009e0       0x80 .\CortexM3\ARM_GCC_541\Debug\PRJ3.a(UART_PI_RX_ISR.o)
 .debug_aranges
                0x00000a60       0x70 .\CortexM3\ARM_GCC_541\Debug\PRJ3.a(UART_USB_IntClock.o)
 .debug_aranges
                0x00000ad0       0x70 .\CortexM3\ARM_GCC_541\Debug\PRJ3.a(UART_PI_IntClock.o)
 .debug_aranges
                0x00000b40       0x38 .\CortexM3\ARM_GCC_541\Debug\PRJ3.a(PUMP_1.o)
 .debug_aranges
                0x00000b78       0x38 .\CortexM3\ARM_GCC_541\Debug\PRJ3.a(PUMP_2.o)
 .debug_aranges
                0x00000bb0       0x38 .\CortexM3\ARM_GCC_541\Debug\PRJ3.a(PUMP_3.o)
 .debug_aranges
                0x00000be8       0x38 .\CortexM3\ARM_GCC_541\Debug\PRJ3.a(PUMP_4.o)
 .debug_aranges
                0x00000c20       0x38 .\CortexM3\ARM_GCC_541\Debug\PRJ3.a(PUMP_5.o)
 .debug_aranges
                0x00000c58       0x38 .\CortexM3\ARM_GCC_541\Debug\PRJ3.a(PUMP_6.o)
 .debug_aranges
                0x00000c90       0x20 .\CortexM3\ARM_GCC_541\Debug\PRJ3.a(CyBootAsmGnu.o)
 .debug_aranges
                0x00000cb0       0x88 .\CortexM3\ARM_GCC_541\Debug\PRJ3.a(CyFlash.o)
 .debug_aranges
                0x00000d38       0x80 .\CortexM3\ARM_GCC_541\Debug\PRJ3.a(CySpc.o)

.debug_pubnames
 *(.debug_pubnames)

.debug_info     0x00000000     0x7748
 *(.debug_info .gnu.linkonce.wi.*)
 .debug_info    0x00000000      0x50a .\CortexM3\ARM_GCC_541\Debug\main.o
 .debug_info    0x0000050a      0x567 .\CortexM3\ARM_GCC_541\Debug\ColorSensor.o
 .debug_info    0x00000a71      0x3fb .\CortexM3\ARM_GCC_541\Debug\Motor.o
 .debug_info    0x00000e6c      0x160 .\CortexM3\ARM_GCC_541\Debug\Pump.o
 .debug_info    0x00000fcc      0x591 .\CortexM3\ARM_GCC_541\Debug\UART.o
 .debug_info    0x0000155d      0x5df .\CortexM3\ARM_GCC_541\Debug\cyfitter_cfg.o
 .debug_info    0x00001b3c      0x138 .\CortexM3\ARM_GCC_541\Debug\cymetadata.o
 .debug_info    0x00001c74      0x3bb .\CortexM3\ARM_GCC_541\Debug\Cm3Start.o
 .debug_info    0x0000202f      0x2ad .\CortexM3\ARM_GCC_541\Debug\PRJ3.a(I2C.o)
 .debug_info    0x000022dc      0x184 .\CortexM3\ARM_GCC_541\Debug\PRJ3.a(I2C_INT.o)
 .debug_info    0x00002460      0x207 .\CortexM3\ARM_GCC_541\Debug\PRJ3.a(I2C_PM.o)
 .debug_info    0x00002667      0x407 .\CortexM3\ARM_GCC_541\Debug\PRJ3.a(I2C_MASTER.o)
 .debug_info    0x00002a6e     0x1374 .\CortexM3\ARM_GCC_541\Debug\PRJ3.a(CyLib.o)
 .debug_info    0x00003de2      0xa2a .\CortexM3\ARM_GCC_541\Debug\PRJ3.a(cyPm.o)
 .debug_info    0x0000480c      0x11f .\CortexM3\ARM_GCC_541\Debug\PRJ3.a(STEP_2a.o)
 .debug_info    0x0000492b      0x11f .\CortexM3\ARM_GCC_541\Debug\PRJ3.a(STEP_1a.o)
 .debug_info    0x00004a4a      0x11f .\CortexM3\ARM_GCC_541\Debug\PRJ3.a(STEP_1b.o)
 .debug_info    0x00004b69      0x11f .\CortexM3\ARM_GCC_541\Debug\PRJ3.a(STEP_2b.o)
 .debug_info    0x00004c88      0x60c .\CortexM3\ARM_GCC_541\Debug\PRJ3.a(UART_USB.o)
 .debug_info    0x00005294      0x2d2 .\CortexM3\ARM_GCC_541\Debug\PRJ3.a(UART_USB_RX_ISR.o)
 .debug_info    0x00005566      0x11f .\CortexM3\ARM_GCC_541\Debug\PRJ3.a(LED_BUILTIN.o)
 .debug_info    0x00005685      0x60c .\CortexM3\ARM_GCC_541\Debug\PRJ3.a(UART_PI.o)
 .debug_info    0x00005c91      0x2d2 .\CortexM3\ARM_GCC_541\Debug\PRJ3.a(UART_PI_RX_ISR.o)
 .debug_info    0x00005f63      0x283 .\CortexM3\ARM_GCC_541\Debug\PRJ3.a(UART_USB_IntClock.o)
 .debug_info    0x000061e6      0x283 .\CortexM3\ARM_GCC_541\Debug\PRJ3.a(UART_PI_IntClock.o)
 .debug_info    0x00006469      0x11f .\CortexM3\ARM_GCC_541\Debug\PRJ3.a(PUMP_1.o)
 .debug_info    0x00006588      0x11f .\CortexM3\ARM_GCC_541\Debug\PRJ3.a(PUMP_2.o)
 .debug_info    0x000066a7      0x11f .\CortexM3\ARM_GCC_541\Debug\PRJ3.a(PUMP_3.o)
 .debug_info    0x000067c6      0x11f .\CortexM3\ARM_GCC_541\Debug\PRJ3.a(PUMP_4.o)
 .debug_info    0x000068e5      0x11f .\CortexM3\ARM_GCC_541\Debug\PRJ3.a(PUMP_5.o)
 .debug_info    0x00006a04      0x11f .\CortexM3\ARM_GCC_541\Debug\PRJ3.a(PUMP_6.o)
 .debug_info    0x00006b23       0x88 .\CortexM3\ARM_GCC_541\Debug\PRJ3.a(CyBootAsmGnu.o)
 .debug_info    0x00006bab      0x64d .\CortexM3\ARM_GCC_541\Debug\PRJ3.a(CyFlash.o)
 .debug_info    0x000071f8      0x550 .\CortexM3\ARM_GCC_541\Debug\PRJ3.a(CySpc.o)

.debug_abbrev   0x00000000     0x25af
 *(.debug_abbrev)
 .debug_abbrev  0x00000000      0x196 .\CortexM3\ARM_GCC_541\Debug\main.o
 .debug_abbrev  0x00000196      0x1d0 .\CortexM3\ARM_GCC_541\Debug\ColorSensor.o
 .debug_abbrev  0x00000366      0x164 .\CortexM3\ARM_GCC_541\Debug\Motor.o
 .debug_abbrev  0x000004ca       0xf6 .\CortexM3\ARM_GCC_541\Debug\Pump.o
 .debug_abbrev  0x000005c0      0x1c9 .\CortexM3\ARM_GCC_541\Debug\UART.o
 .debug_abbrev  0x00000789      0x20d .\CortexM3\ARM_GCC_541\Debug\cyfitter_cfg.o
 .debug_abbrev  0x00000996       0x77 .\CortexM3\ARM_GCC_541\Debug\cymetadata.o
 .debug_abbrev  0x00000a0d      0x1e8 .\CortexM3\ARM_GCC_541\Debug\Cm3Start.o
 .debug_abbrev  0x00000bf5      0x10a .\CortexM3\ARM_GCC_541\Debug\PRJ3.a(I2C.o)
 .debug_abbrev  0x00000cff       0xb6 .\CortexM3\ARM_GCC_541\Debug\PRJ3.a(I2C_INT.o)
 .debug_abbrev  0x00000db5       0xfe .\CortexM3\ARM_GCC_541\Debug\PRJ3.a(I2C_PM.o)
 .debug_abbrev  0x00000eb3      0x13c .\CortexM3\ARM_GCC_541\Debug\PRJ3.a(I2C_MASTER.o)
 .debug_abbrev  0x00000fef      0x254 .\CortexM3\ARM_GCC_541\Debug\PRJ3.a(CyLib.o)
 .debug_abbrev  0x00001243      0x1ab .\CortexM3\ARM_GCC_541\Debug\PRJ3.a(cyPm.o)
 .debug_abbrev  0x000013ee       0x90 .\CortexM3\ARM_GCC_541\Debug\PRJ3.a(STEP_2a.o)
 .debug_abbrev  0x0000147e       0x90 .\CortexM3\ARM_GCC_541\Debug\PRJ3.a(STEP_1a.o)
 .debug_abbrev  0x0000150e       0x90 .\CortexM3\ARM_GCC_541\Debug\PRJ3.a(STEP_1b.o)
 .debug_abbrev  0x0000159e       0x90 .\CortexM3\ARM_GCC_541\Debug\PRJ3.a(STEP_2b.o)
 .debug_abbrev  0x0000162e      0x175 .\CortexM3\ARM_GCC_541\Debug\PRJ3.a(UART_USB.o)
 .debug_abbrev  0x000017a3      0x173 .\CortexM3\ARM_GCC_541\Debug\PRJ3.a(UART_USB_RX_ISR.o)
 .debug_abbrev  0x00001916       0x90 .\CortexM3\ARM_GCC_541\Debug\PRJ3.a(LED_BUILTIN.o)
 .debug_abbrev  0x000019a6      0x175 .\CortexM3\ARM_GCC_541\Debug\PRJ3.a(UART_PI.o)
 .debug_abbrev  0x00001b1b      0x173 .\CortexM3\ARM_GCC_541\Debug\PRJ3.a(UART_PI_RX_ISR.o)
 .debug_abbrev  0x00001c8e      0x139 .\CortexM3\ARM_GCC_541\Debug\PRJ3.a(UART_USB_IntClock.o)
 .debug_abbrev  0x00001dc7      0x139 .\CortexM3\ARM_GCC_541\Debug\PRJ3.a(UART_PI_IntClock.o)
 .debug_abbrev  0x00001f00       0x90 .\CortexM3\ARM_GCC_541\Debug\PRJ3.a(PUMP_1.o)
 .debug_abbrev  0x00001f90       0x90 .\CortexM3\ARM_GCC_541\Debug\PRJ3.a(PUMP_2.o)
 .debug_abbrev  0x00002020       0x90 .\CortexM3\ARM_GCC_541\Debug\PRJ3.a(PUMP_3.o)
 .debug_abbrev  0x000020b0       0x90 .\CortexM3\ARM_GCC_541\Debug\PRJ3.a(PUMP_4.o)
 .debug_abbrev  0x00002140       0x90 .\CortexM3\ARM_GCC_541\Debug\PRJ3.a(PUMP_5.o)
 .debug_abbrev  0x000021d0       0x90 .\CortexM3\ARM_GCC_541\Debug\PRJ3.a(PUMP_6.o)
 .debug_abbrev  0x00002260       0x14 .\CortexM3\ARM_GCC_541\Debug\PRJ3.a(CyBootAsmGnu.o)
 .debug_abbrev  0x00002274      0x1a7 .\CortexM3\ARM_GCC_541\Debug\PRJ3.a(CyFlash.o)
 .debug_abbrev  0x0000241b      0x194 .\CortexM3\ARM_GCC_541\Debug\PRJ3.a(CySpc.o)

.debug_line     0x00000000     0x3818
 *(.debug_line)
 .debug_line    0x00000000      0x2e4 .\CortexM3\ARM_GCC_541\Debug\main.o
 .debug_line    0x000002e4      0x274 .\CortexM3\ARM_GCC_541\Debug\ColorSensor.o
 .debug_line    0x00000558      0x29f .\CortexM3\ARM_GCC_541\Debug\Motor.o
 .debug_line    0x000007f7      0x16a .\CortexM3\ARM_GCC_541\Debug\Pump.o
 .debug_line    0x00000961      0x2f3 .\CortexM3\ARM_GCC_541\Debug\UART.o
 .debug_line    0x00000c54      0x1f7 .\CortexM3\ARM_GCC_541\Debug\cyfitter_cfg.o
 .debug_line    0x00000e4b      0x141 .\CortexM3\ARM_GCC_541\Debug\cymetadata.o
 .debug_line    0x00000f8c      0x234 .\CortexM3\ARM_GCC_541\Debug\Cm3Start.o
 .debug_line    0x000011c0       0xd9 .\CortexM3\ARM_GCC_541\Debug\PRJ3.a(I2C.o)
 .debug_line    0x00001299      0x114 .\CortexM3\ARM_GCC_541\Debug\PRJ3.a(I2C_INT.o)
 .debug_line    0x000013ad       0xbb .\CortexM3\ARM_GCC_541\Debug\PRJ3.a(I2C_PM.o)
 .debug_line    0x00001468      0x1fd .\CortexM3\ARM_GCC_541\Debug\PRJ3.a(I2C_MASTER.o)
 .debug_line    0x00001665      0x816 .\CortexM3\ARM_GCC_541\Debug\PRJ3.a(CyLib.o)
 .debug_line    0x00001e7b      0x367 .\CortexM3\ARM_GCC_541\Debug\PRJ3.a(cyPm.o)
 .debug_line    0x000021e2       0x94 .\CortexM3\ARM_GCC_541\Debug\PRJ3.a(STEP_2a.o)
 .debug_line    0x00002276       0x94 .\CortexM3\ARM_GCC_541\Debug\PRJ3.a(STEP_1a.o)
 .debug_line    0x0000230a       0x94 .\CortexM3\ARM_GCC_541\Debug\PRJ3.a(STEP_1b.o)
 .debug_line    0x0000239e       0x94 .\CortexM3\ARM_GCC_541\Debug\PRJ3.a(STEP_2b.o)
 .debug_line    0x00002432      0x2c4 .\CortexM3\ARM_GCC_541\Debug\PRJ3.a(UART_USB.o)
 .debug_line    0x000026f6      0x13c .\CortexM3\ARM_GCC_541\Debug\PRJ3.a(UART_USB_RX_ISR.o)
 .debug_line    0x00002832       0x98 .\CortexM3\ARM_GCC_541\Debug\PRJ3.a(LED_BUILTIN.o)
 .debug_line    0x000028ca      0x2c2 .\CortexM3\ARM_GCC_541\Debug\PRJ3.a(UART_PI.o)
 .debug_line    0x00002b8c      0x13b .\CortexM3\ARM_GCC_541\Debug\PRJ3.a(UART_PI_RX_ISR.o)
 .debug_line    0x00002cc7      0x180 .\CortexM3\ARM_GCC_541\Debug\PRJ3.a(UART_USB_IntClock.o)
 .debug_line    0x00002e47      0x17f .\CortexM3\ARM_GCC_541\Debug\PRJ3.a(UART_PI_IntClock.o)
 .debug_line    0x00002fc6       0x93 .\CortexM3\ARM_GCC_541\Debug\PRJ3.a(PUMP_1.o)
 .debug_line    0x00003059       0x93 .\CortexM3\ARM_GCC_541\Debug\PRJ3.a(PUMP_2.o)
 .debug_line    0x000030ec       0x93 .\CortexM3\ARM_GCC_541\Debug\PRJ3.a(PUMP_3.o)
 .debug_line    0x0000317f       0x93 .\CortexM3\ARM_GCC_541\Debug\PRJ3.a(PUMP_4.o)
 .debug_line    0x00003212       0x93 .\CortexM3\ARM_GCC_541\Debug\PRJ3.a(PUMP_5.o)
 .debug_line    0x000032a5       0x93 .\CortexM3\ARM_GCC_541\Debug\PRJ3.a(PUMP_6.o)
 .debug_line    0x00003338       0x66 .\CortexM3\ARM_GCC_541\Debug\PRJ3.a(CyBootAsmGnu.o)
 .debug_line    0x0000339e      0x21a .\CortexM3\ARM_GCC_541\Debug\PRJ3.a(CyFlash.o)
 .debug_line    0x000035b8      0x260 .\CortexM3\ARM_GCC_541\Debug\PRJ3.a(CySpc.o)

.debug_frame    0x00000000     0x28a0
 *(.debug_frame)
 .debug_frame   0x00000000       0xc0 .\CortexM3\ARM_GCC_541\Debug\main.o
 .debug_frame   0x000000c0      0x11c .\CortexM3\ARM_GCC_541\Debug\ColorSensor.o
 .debug_frame   0x000001dc       0x94 .\CortexM3\ARM_GCC_541\Debug\Motor.o
 .debug_frame   0x00000270       0x40 .\CortexM3\ARM_GCC_541\Debug\Pump.o
 .debug_frame   0x000002b0      0x100 .\CortexM3\ARM_GCC_541\Debug\UART.o
 .debug_frame   0x000003b0       0xe4 .\CortexM3\ARM_GCC_541\Debug\cyfitter_cfg.o
 .debug_frame   0x00000494       0xb8 .\CortexM3\ARM_GCC_541\Debug\Cm3Start.o
 .debug_frame   0x0000054c       0x94 .\CortexM3\ARM_GCC_541\Debug\PRJ3.a(I2C.o)
 .debug_frame   0x000005e0       0x30 .\CortexM3\ARM_GCC_541\Debug\PRJ3.a(I2C_INT.o)
 .debug_frame   0x00000610       0x74 .\CortexM3\ARM_GCC_541\Debug\PRJ3.a(I2C_PM.o)
 .debug_frame   0x00000684      0x138 .\CortexM3\ARM_GCC_541\Debug\PRJ3.a(I2C_MASTER.o)
 .debug_frame   0x000007bc      0x738 .\CortexM3\ARM_GCC_541\Debug\PRJ3.a(CyLib.o)
 .debug_frame   0x00000ef4      0x1f8 .\CortexM3\ARM_GCC_541\Debug\PRJ3.a(cyPm.o)
 .debug_frame   0x000010ec       0x50 .\CortexM3\ARM_GCC_541\Debug\PRJ3.a(STEP_2a.o)
 .debug_frame   0x0000113c       0x50 .\CortexM3\ARM_GCC_541\Debug\PRJ3.a(STEP_1a.o)
 .debug_frame   0x0000118c       0x50 .\CortexM3\ARM_GCC_541\Debug\PRJ3.a(STEP_1b.o)
 .debug_frame   0x000011dc       0x50 .\CortexM3\ARM_GCC_541\Debug\PRJ3.a(STEP_2b.o)
 .debug_frame   0x0000122c      0x250 .\CortexM3\ARM_GCC_541\Debug\PRJ3.a(UART_USB.o)
 .debug_frame   0x0000147c      0x104 .\CortexM3\ARM_GCC_541\Debug\PRJ3.a(UART_USB_RX_ISR.o)
 .debug_frame   0x00001580       0x50 .\CortexM3\ARM_GCC_541\Debug\PRJ3.a(LED_BUILTIN.o)
 .debug_frame   0x000015d0      0x250 .\CortexM3\ARM_GCC_541\Debug\PRJ3.a(UART_PI.o)
 .debug_frame   0x00001820      0x104 .\CortexM3\ARM_GCC_541\Debug\PRJ3.a(UART_PI_RX_ISR.o)
 .debug_frame   0x00001924       0xe0 .\CortexM3\ARM_GCC_541\Debug\PRJ3.a(UART_USB_IntClock.o)
 .debug_frame   0x00001a04       0xe0 .\CortexM3\ARM_GCC_541\Debug\PRJ3.a(UART_PI_IntClock.o)
 .debug_frame   0x00001ae4       0x50 .\CortexM3\ARM_GCC_541\Debug\PRJ3.a(PUMP_1.o)
 .debug_frame   0x00001b34       0x50 .\CortexM3\ARM_GCC_541\Debug\PRJ3.a(PUMP_2.o)
 .debug_frame   0x00001b84       0x50 .\CortexM3\ARM_GCC_541\Debug\PRJ3.a(PUMP_3.o)
 .debug_frame   0x00001bd4       0x50 .\CortexM3\ARM_GCC_541\Debug\PRJ3.a(PUMP_4.o)
 .debug_frame   0x00001c24       0x50 .\CortexM3\ARM_GCC_541\Debug\PRJ3.a(PUMP_5.o)
 .debug_frame   0x00001c74       0x50 .\CortexM3\ARM_GCC_541\Debug\PRJ3.a(PUMP_6.o)
 .debug_frame   0x00001cc4      0x194 .\CortexM3\ARM_GCC_541\Debug\PRJ3.a(CyFlash.o)
 .debug_frame   0x00001e58      0x180 .\CortexM3\ARM_GCC_541\Debug\PRJ3.a(CySpc.o)
 .debug_frame   0x00001fd8       0x20 c:/program files (x86)/cypress/psoc creator/4.4/psoc creator/import/gnu/arm/5.4.1/bin/../lib/gcc/arm-none-eabi/5.4.1/../../../../arm-none-eabi/lib/armv7-m\libg_nano.a(lib_a-errno.o)
 .debug_frame   0x00001ff8       0x28 c:/program files (x86)/cypress/psoc creator/4.4/psoc creator/import/gnu/arm/5.4.1/bin/../lib/gcc/arm-none-eabi/5.4.1/../../../../arm-none-eabi/lib/armv7-m\libg_nano.a(lib_a-exit.o)
 .debug_frame   0x00002020       0x2c c:/program files (x86)/cypress/psoc creator/4.4/psoc creator/import/gnu/arm/5.4.1/bin/../lib/gcc/arm-none-eabi/5.4.1/../../../../arm-none-eabi/lib/armv7-m\libg_nano.a(lib_a-init.o)
 .debug_frame   0x0000204c       0x28 c:/program files (x86)/cypress/psoc creator/4.4/psoc creator/import/gnu/arm/5.4.1/bin/../lib/gcc/arm-none-eabi/5.4.1/../../../../arm-none-eabi/lib/armv7-m\libg_nano.a(lib_a-memcpy-stub.o)
 .debug_frame   0x00002074       0x20 c:/program files (x86)/cypress/psoc creator/4.4/psoc creator/import/gnu/arm/5.4.1/bin/../lib/gcc/arm-none-eabi/5.4.1/../../../../arm-none-eabi/lib/armv7-m\libg_nano.a(lib_a-memset.o)
 .debug_frame   0x00002094       0x8c c:/program files (x86)/cypress/psoc creator/4.4/psoc creator/import/gnu/arm/5.4.1/bin/../lib/gcc/arm-none-eabi/5.4.1/../../../../arm-none-eabi/lib/armv7-m\libg_nano.a(lib_a-nano-vfprintf_float.o)
 .debug_frame   0x00002120       0x60 c:/program files (x86)/cypress/psoc creator/4.4/psoc creator/import/gnu/arm/5.4.1/bin/../lib/gcc/arm-none-eabi/5.4.1/../../../../arm-none-eabi/lib/armv7-m\libg_nano.a(lib_a-nano-vfprintf_i.o)
 .debug_frame   0x00002180       0x74 c:/program files (x86)/cypress/psoc creator/4.4/psoc creator/import/gnu/arm/5.4.1/bin/../lib/gcc/arm-none-eabi/5.4.1/../../../../arm-none-eabi/lib/armv7-m\libg_nano.a(lib_a-snprintf.o)
 .debug_frame   0x000021f4       0x20 c:/program files (x86)/cypress/psoc creator/4.4/psoc creator/import/gnu/arm/5.4.1/bin/../lib/gcc/arm-none-eabi/5.4.1/../../../../arm-none-eabi/lib/armv7-m\libg_nano.a(lib_a-strcmp.o)
 .debug_frame   0x00002214       0x28 c:/program files (x86)/cypress/psoc creator/4.4/psoc creator/import/gnu/arm/5.4.1/bin/../lib/gcc/arm-none-eabi/5.4.1/../../../../arm-none-eabi/lib/armv7-m\libg_nano.a(lib_a-strncpy.o)
 .debug_frame   0x0000223c       0x38 c:/program files (x86)/cypress/psoc creator/4.4/psoc creator/import/gnu/arm/5.4.1/bin/../lib/gcc/arm-none-eabi/5.4.1/../../../../arm-none-eabi/lib/armv7-m\libg_nano.a(lib_a-strtok.o)
 .debug_frame   0x00002274       0x40 c:/program files (x86)/cypress/psoc creator/4.4/psoc creator/import/gnu/arm/5.4.1/bin/../lib/gcc/arm-none-eabi/5.4.1/../../../../arm-none-eabi/lib/armv7-m\libg_nano.a(lib_a-strtok_r.o)
 .debug_frame   0x000022b4       0x6c c:/program files (x86)/cypress/psoc creator/4.4/psoc creator/import/gnu/arm/5.4.1/bin/../lib/gcc/arm-none-eabi/5.4.1/../../../../arm-none-eabi/lib/armv7-m\libg_nano.a(lib_a-dtoa.o)
 .debug_frame   0x00002320       0x98 c:/program files (x86)/cypress/psoc creator/4.4/psoc creator/import/gnu/arm/5.4.1/bin/../lib/gcc/arm-none-eabi/5.4.1/../../../../arm-none-eabi/lib/armv7-m\libg_nano.a(lib_a-locale.o)
 .debug_frame   0x000023b8       0x30 c:/program files (x86)/cypress/psoc creator/4.4/psoc creator/import/gnu/arm/5.4.1/bin/../lib/gcc/arm-none-eabi/5.4.1/../../../../arm-none-eabi/lib/armv7-m\libg_nano.a(lib_a-malloc.o)
 .debug_frame   0x000023e8       0x28 c:/program files (x86)/cypress/psoc creator/4.4/psoc creator/import/gnu/arm/5.4.1/bin/../lib/gcc/arm-none-eabi/5.4.1/../../../../arm-none-eabi/lib/armv7-m\libg_nano.a(lib_a-memchr-stub.o)
 .debug_frame   0x00002410      0x234 c:/program files (x86)/cypress/psoc creator/4.4/psoc creator/import/gnu/arm/5.4.1/bin/../lib/gcc/arm-none-eabi/5.4.1/../../../../arm-none-eabi/lib/armv7-m\libg_nano.a(lib_a-mprec.o)
 .debug_frame   0x00002644       0x2c c:/program files (x86)/cypress/psoc creator/4.4/psoc creator/import/gnu/arm/5.4.1/bin/../lib/gcc/arm-none-eabi/5.4.1/../../../../arm-none-eabi/lib/armv7-m\libg_nano.a(lib_a-nano-callocr.o)
 .debug_frame   0x00002670       0x38 c:/program files (x86)/cypress/psoc creator/4.4/psoc creator/import/gnu/arm/5.4.1/bin/../lib/gcc/arm-none-eabi/5.4.1/../../../../arm-none-eabi/lib/armv7-m\libg_nano.a(lib_a-nano-freer.o)
 .debug_frame   0x000026a8       0x2c c:/program files (x86)/cypress/psoc creator/4.4/psoc creator/import/gnu/arm/5.4.1/bin/../lib/gcc/arm-none-eabi/5.4.1/../../../../arm-none-eabi/lib/armv7-m\libg_nano.a(lib_a-nano-mallocr.o)
 .debug_frame   0x000026d4       0x90 c:/program files (x86)/cypress/psoc creator/4.4/psoc creator/import/gnu/arm/5.4.1/bin/../lib/gcc/arm-none-eabi/5.4.1/../../../../arm-none-eabi/lib/armv7-m\libg_nano.a(lib_a-nano-svfprintf.o)
 .debug_frame   0x00002764       0x2c c:/program files (x86)/cypress/psoc creator/4.4/psoc creator/import/gnu/arm/5.4.1/bin/../lib/gcc/arm-none-eabi/5.4.1/../../../../arm-none-eabi/lib/armv7-m\libg_nano.a(lib_a-sbrkr.o)
 .debug_frame   0x00002790       0x28 c:/program files (x86)/cypress/psoc creator/4.4/psoc creator/import/gnu/arm/5.4.1/bin/../lib/gcc/arm-none-eabi/5.4.1/../../../../arm-none-eabi/lib/armv7-m\libg_nano.a(lib_a-memmove.o)
 .debug_frame   0x000027b8       0x30 c:/program files (x86)/cypress/psoc creator/4.4/psoc creator/import/gnu/arm/5.4.1/bin/../lib/gcc/arm-none-eabi/5.4.1/../../../../arm-none-eabi/lib/armv7-m\libg_nano.a(lib_a-mlock.o)
 .debug_frame   0x000027e8       0x3c c:/program files (x86)/cypress/psoc creator/4.4/psoc creator/import/gnu/arm/5.4.1/bin/../lib/gcc/arm-none-eabi/5.4.1/../../../../arm-none-eabi/lib/armv7-m\libg_nano.a(lib_a-nano-reallocr.o)
 .debug_frame   0x00002824       0x5c c:/program files (x86)/cypress/psoc creator/4.4/psoc creator/import/gnu/arm/5.4.1/bin/../lib/gcc/arm-none-eabi/5.4.1/../../../../arm-none-eabi/lib/armv7-m\libg_nano.a(lib_a-reent.o)
 .debug_frame   0x00002880       0x20 c:/program files (x86)/cypress/psoc creator/4.4/psoc creator/import/gnu/arm/5.4.1/bin/../lib/gcc/arm-none-eabi/5.4.1/../../../../arm-none-eabi/lib/armv7-m\libg_nano.a(lib_a-nano-msizer.o)

.debug_str      0x00000000     0x299c
 *(.debug_str)
 .debug_str     0x00000000      0x269 .\CortexM3\ARM_GCC_541\Debug\main.o
                                0x2be (size before relaxing)
 .debug_str     0x00000269      0x144 .\CortexM3\ARM_GCC_541\Debug\ColorSensor.o
                                0x316 (size before relaxing)
 .debug_str     0x000003ad      0x135 .\CortexM3\ARM_GCC_541\Debug\Motor.o
                                0x320 (size before relaxing)
 .debug_str     0x000004e2       0x16 .\CortexM3\ARM_GCC_541\Debug\Pump.o
                                0x1c8 (size before relaxing)
 .debug_str     0x000004f8      0x1a0 .\CortexM3\ARM_GCC_541\Debug\UART.o
                                0x38d (size before relaxing)
 .debug_str     0x00000698      0x1bc .\CortexM3\ARM_GCC_541\Debug\cyfitter_cfg.o
                                0x33c (size before relaxing)
 .debug_str     0x00000854       0x75 .\CortexM3\ARM_GCC_541\Debug\cymetadata.o
                                0x1dc (size before relaxing)
 .debug_str     0x000008c9      0x144 .\CortexM3\ARM_GCC_541\Debug\Cm3Start.o
                                0x302 (size before relaxing)
 .debug_str     0x00000a0d      0x12f .\CortexM3\ARM_GCC_541\Debug\PRJ3.a(I2C.o)
                                0x2d9 (size before relaxing)
 .debug_str     0x00000b3c       0x86 .\CortexM3\ARM_GCC_541\Debug\PRJ3.a(I2C_INT.o)
                                0x257 (size before relaxing)
 .debug_str     0x00000bc2       0x56 .\CortexM3\ARM_GCC_541\Debug\PRJ3.a(I2C_PM.o)
                                0x275 (size before relaxing)
 .debug_str     0x00000c18      0x111 .\CortexM3\ARM_GCC_541\Debug\PRJ3.a(I2C_MASTER.o)
                                0x39c (size before relaxing)
 .debug_str     0x00000d29      0x7eb .\CortexM3\ARM_GCC_541\Debug\PRJ3.a(CyLib.o)
                                0xa3f (size before relaxing)
 .debug_str     0x00001514      0x365 .\CortexM3\ARM_GCC_541\Debug\PRJ3.a(cyPm.o)
                                0x72b (size before relaxing)
 .debug_str     0x00001879       0x62 .\CortexM3\ARM_GCC_541\Debug\PRJ3.a(STEP_2a.o)
                                0x1e4 (size before relaxing)
 .debug_str     0x000018db       0x57 .\CortexM3\ARM_GCC_541\Debug\PRJ3.a(STEP_1a.o)
                                0x1e4 (size before relaxing)
 .debug_str     0x00001932       0x57 .\CortexM3\ARM_GCC_541\Debug\PRJ3.a(STEP_1b.o)
                                0x1e4 (size before relaxing)
 .debug_str     0x00001989       0x57 .\CortexM3\ARM_GCC_541\Debug\PRJ3.a(STEP_2b.o)
                                0x1e4 (size before relaxing)
 .debug_str     0x000019e0      0x2d4 .\CortexM3\ARM_GCC_541\Debug\PRJ3.a(UART_USB.o)
                                0x4e9 (size before relaxing)
 .debug_str     0x00001cb4      0x15a .\CortexM3\ARM_GCC_541\Debug\PRJ3.a(UART_USB_RX_ISR.o)
                                0x32a (size before relaxing)
 .debug_str     0x00001e0e       0x67 .\CortexM3\ARM_GCC_541\Debug\PRJ3.a(LED_BUILTIN.o)
                                0x1f8 (size before relaxing)
 .debug_str     0x00001e75      0x239 .\CortexM3\ARM_GCC_541\Debug\PRJ3.a(UART_PI.o)
                                0x4ca (size before relaxing)
 .debug_str     0x000020ae      0x14d .\CortexM3\ARM_GCC_541\Debug\PRJ3.a(UART_PI_RX_ISR.o)
                                0x31c (size before relaxing)
 .debug_str     0x000021fb      0x1ab .\CortexM3\ARM_GCC_541\Debug\PRJ3.a(UART_USB_IntClock.o)
                                0x35e (size before relaxing)
 .debug_str     0x000023a6      0x156 .\CortexM3\ARM_GCC_541\Debug\PRJ3.a(UART_PI_IntClock.o)
                                0x352 (size before relaxing)
 .debug_str     0x000024fc       0x60 .\CortexM3\ARM_GCC_541\Debug\PRJ3.a(PUMP_1.o)
                                0x1df (size before relaxing)
 .debug_str     0x0000255c       0x60 .\CortexM3\ARM_GCC_541\Debug\PRJ3.a(PUMP_2.o)
                                0x1df (size before relaxing)
 .debug_str     0x000025bc       0x60 .\CortexM3\ARM_GCC_541\Debug\PRJ3.a(PUMP_3.o)
                                0x1df (size before relaxing)
 .debug_str     0x0000261c       0x60 .\CortexM3\ARM_GCC_541\Debug\PRJ3.a(PUMP_4.o)
                                0x1df (size before relaxing)
 .debug_str     0x0000267c       0x60 .\CortexM3\ARM_GCC_541\Debug\PRJ3.a(PUMP_5.o)
                                0x1df (size before relaxing)
 .debug_str     0x000026dc       0x60 .\CortexM3\ARM_GCC_541\Debug\PRJ3.a(PUMP_6.o)
                                0x1df (size before relaxing)
 .debug_str     0x0000273c      0x1b4 .\CortexM3\ARM_GCC_541\Debug\PRJ3.a(CyFlash.o)
                                0x3b8 (size before relaxing)
 .debug_str     0x000028f0       0xac .\CortexM3\ARM_GCC_541\Debug\PRJ3.a(CySpc.o)
                                0x330 (size before relaxing)

.debug_loc      0x00000000     0x30c4
 *(.debug_loc)
 .debug_loc     0x00000000       0xe7 .\CortexM3\ARM_GCC_541\Debug\main.o
 .debug_loc     0x000000e7      0x255 .\CortexM3\ARM_GCC_541\Debug\ColorSensor.o
 .debug_loc     0x0000033c      0x187 .\CortexM3\ARM_GCC_541\Debug\Motor.o
 .debug_loc     0x000004c3       0x2c .\CortexM3\ARM_GCC_541\Debug\Pump.o
 .debug_loc     0x000004ef      0x161 .\CortexM3\ARM_GCC_541\Debug\UART.o
 .debug_loc     0x00000650      0x25a .\CortexM3\ARM_GCC_541\Debug\cyfitter_cfg.o
 .debug_loc     0x000008aa      0x144 .\CortexM3\ARM_GCC_541\Debug\Cm3Start.o
 .debug_loc     0x000009ee       0x39 .\CortexM3\ARM_GCC_541\Debug\PRJ3.a(I2C.o)
 .debug_loc     0x00000a27       0x29 .\CortexM3\ARM_GCC_541\Debug\PRJ3.a(I2C_INT.o)
 .debug_loc     0x00000a50       0x13 .\CortexM3\ARM_GCC_541\Debug\PRJ3.a(I2C_PM.o)
 .debug_loc     0x00000a63      0x52f .\CortexM3\ARM_GCC_541\Debug\PRJ3.a(I2C_MASTER.o)
 .debug_loc     0x00000f92      0xa11 .\CortexM3\ARM_GCC_541\Debug\PRJ3.a(CyLib.o)
 .debug_loc     0x000019a3      0x1e4 .\CortexM3\ARM_GCC_541\Debug\PRJ3.a(cyPm.o)
 .debug_loc     0x00001b87       0x42 .\CortexM3\ARM_GCC_541\Debug\PRJ3.a(STEP_2a.o)
 .debug_loc     0x00001bc9       0x42 .\CortexM3\ARM_GCC_541\Debug\PRJ3.a(STEP_1a.o)
 .debug_loc     0x00001c0b       0x42 .\CortexM3\ARM_GCC_541\Debug\PRJ3.a(STEP_1b.o)
 .debug_loc     0x00001c4d       0x42 .\CortexM3\ARM_GCC_541\Debug\PRJ3.a(STEP_2b.o)
 .debug_loc     0x00001c8f      0x258 .\CortexM3\ARM_GCC_541\Debug\PRJ3.a(UART_USB.o)
 .debug_loc     0x00001ee7       0x56 .\CortexM3\ARM_GCC_541\Debug\PRJ3.a(UART_USB_RX_ISR.o)
 .debug_loc     0x00001f3d       0x42 .\CortexM3\ARM_GCC_541\Debug\PRJ3.a(LED_BUILTIN.o)
 .debug_loc     0x00001f7f      0x258 .\CortexM3\ARM_GCC_541\Debug\PRJ3.a(UART_PI.o)
 .debug_loc     0x000021d7       0x56 .\CortexM3\ARM_GCC_541\Debug\PRJ3.a(UART_PI_RX_ISR.o)
 .debug_loc     0x0000222d      0x12c .\CortexM3\ARM_GCC_541\Debug\PRJ3.a(UART_USB_IntClock.o)
 .debug_loc     0x00002359      0x128 .\CortexM3\ARM_GCC_541\Debug\PRJ3.a(UART_PI_IntClock.o)
 .debug_loc     0x00002481       0x42 .\CortexM3\ARM_GCC_541\Debug\PRJ3.a(PUMP_1.o)
 .debug_loc     0x000024c3       0x42 .\CortexM3\ARM_GCC_541\Debug\PRJ3.a(PUMP_2.o)
 .debug_loc     0x00002505       0x42 .\CortexM3\ARM_GCC_541\Debug\PRJ3.a(PUMP_3.o)
 .debug_loc     0x00002547       0x42 .\CortexM3\ARM_GCC_541\Debug\PRJ3.a(PUMP_4.o)
 .debug_loc     0x00002589       0x42 .\CortexM3\ARM_GCC_541\Debug\PRJ3.a(PUMP_5.o)
 .debug_loc     0x000025cb       0x42 .\CortexM3\ARM_GCC_541\Debug\PRJ3.a(PUMP_6.o)
 .debug_loc     0x0000260d      0x3b2 .\CortexM3\ARM_GCC_541\Debug\PRJ3.a(CyFlash.o)
 .debug_loc     0x000029bf      0x705 .\CortexM3\ARM_GCC_541\Debug\PRJ3.a(CySpc.o)

.debug_macinfo
 *(.debug_macinfo)

.debug_ranges   0x00000000      0xb80
 *(.debug_ranges)
 .debug_ranges  0x00000000       0x40 .\CortexM3\ARM_GCC_541\Debug\main.o
 .debug_ranges  0x00000040       0x48 .\CortexM3\ARM_GCC_541\Debug\ColorSensor.o
 .debug_ranges  0x00000088       0x30 .\CortexM3\ARM_GCC_541\Debug\Motor.o
 .debug_ranges  0x000000b8       0x10 .\CortexM3\ARM_GCC_541\Debug\Pump.o
 .debug_ranges  0x000000c8       0x50 .\CortexM3\ARM_GCC_541\Debug\UART.o
 .debug_ranges  0x00000118       0x48 .\CortexM3\ARM_GCC_541\Debug\cyfitter_cfg.o
 .debug_ranges  0x00000160       0x38 .\CortexM3\ARM_GCC_541\Debug\Cm3Start.o
 .debug_ranges  0x00000198       0x28 .\CortexM3\ARM_GCC_541\Debug\PRJ3.a(I2C.o)
 .debug_ranges  0x000001c0       0x10 .\CortexM3\ARM_GCC_541\Debug\PRJ3.a(I2C_INT.o)
 .debug_ranges  0x000001d0       0x28 .\CortexM3\ARM_GCC_541\Debug\PRJ3.a(I2C_PM.o)
 .debug_ranges  0x000001f8       0x70 .\CortexM3\ARM_GCC_541\Debug\PRJ3.a(I2C_MASTER.o)
 .debug_ranges  0x00000268      0x290 .\CortexM3\ARM_GCC_541\Debug\PRJ3.a(CyLib.o)
 .debug_ranges  0x000004f8       0x88 .\CortexM3\ARM_GCC_541\Debug\PRJ3.a(cyPm.o)
 .debug_ranges  0x00000580       0x28 .\CortexM3\ARM_GCC_541\Debug\PRJ3.a(STEP_2a.o)
 .debug_ranges  0x000005a8       0x28 .\CortexM3\ARM_GCC_541\Debug\PRJ3.a(STEP_1a.o)
 .debug_ranges  0x000005d0       0x28 .\CortexM3\ARM_GCC_541\Debug\PRJ3.a(STEP_1b.o)
 .debug_ranges  0x000005f8       0x28 .\CortexM3\ARM_GCC_541\Debug\PRJ3.a(STEP_2b.o)
 .debug_ranges  0x00000620       0xe0 .\CortexM3\ARM_GCC_541\Debug\PRJ3.a(UART_USB.o)
 .debug_ranges  0x00000700       0x70 .\CortexM3\ARM_GCC_541\Debug\PRJ3.a(UART_USB_RX_ISR.o)
 .debug_ranges  0x00000770       0x28 .\CortexM3\ARM_GCC_541\Debug\PRJ3.a(LED_BUILTIN.o)
 .debug_ranges  0x00000798       0xe0 .\CortexM3\ARM_GCC_541\Debug\PRJ3.a(UART_PI.o)
 .debug_ranges  0x00000878       0x70 .\CortexM3\ARM_GCC_541\Debug\PRJ3.a(UART_PI_RX_ISR.o)
 .debug_ranges  0x000008e8       0x60 .\CortexM3\ARM_GCC_541\Debug\PRJ3.a(UART_USB_IntClock.o)
 .debug_ranges  0x00000948       0x60 .\CortexM3\ARM_GCC_541\Debug\PRJ3.a(UART_PI_IntClock.o)
 .debug_ranges  0x000009a8       0x28 .\CortexM3\ARM_GCC_541\Debug\PRJ3.a(PUMP_1.o)
 .debug_ranges  0x000009d0       0x28 .\CortexM3\ARM_GCC_541\Debug\PRJ3.a(PUMP_2.o)
 .debug_ranges  0x000009f8       0x28 .\CortexM3\ARM_GCC_541\Debug\PRJ3.a(PUMP_3.o)
 .debug_ranges  0x00000a20       0x28 .\CortexM3\ARM_GCC_541\Debug\PRJ3.a(PUMP_4.o)
 .debug_ranges  0x00000a48       0x28 .\CortexM3\ARM_GCC_541\Debug\PRJ3.a(PUMP_5.o)
 .debug_ranges  0x00000a70       0x28 .\CortexM3\ARM_GCC_541\Debug\PRJ3.a(PUMP_6.o)
 .debug_ranges  0x00000a98       0x78 .\CortexM3\ARM_GCC_541\Debug\PRJ3.a(CyFlash.o)
 .debug_ranges  0x00000b10       0x70 .\CortexM3\ARM_GCC_541\Debug\PRJ3.a(CySpc.o)

.comment        0x00000000       0x6e
 .comment       0x00000000       0x6e .\CortexM3\ARM_GCC_541\Debug\main.o
                                 0x6f (size before relaxing)
 .comment       0x0000006e       0x6f .\CortexM3\ARM_GCC_541\Debug\ColorSensor.o
 .comment       0x0000006e       0x6f .\CortexM3\ARM_GCC_541\Debug\Motor.o
 .comment       0x0000006e       0x6f .\CortexM3\ARM_GCC_541\Debug\Pump.o
 .comment       0x0000006e       0x6f .\CortexM3\ARM_GCC_541\Debug\UART.o
 .comment       0x0000006e       0x6f .\CortexM3\ARM_GCC_541\Debug\cyfitter_cfg.o
 .comment       0x0000006e       0x6f .\CortexM3\ARM_GCC_541\Debug\cymetadata.o
 .comment       0x0000006e       0x6f .\CortexM3\ARM_GCC_541\Debug\Cm3Start.o
 .comment       0x0000006e       0x6f .\CortexM3\ARM_GCC_541\Debug\PRJ3.a(I2C.o)
 .comment       0x0000006e       0x6f .\CortexM3\ARM_GCC_541\Debug\PRJ3.a(I2C_INT.o)
 .comment       0x0000006e       0x6f .\CortexM3\ARM_GCC_541\Debug\PRJ3.a(I2C_PM.o)
 .comment       0x0000006e       0x6f .\CortexM3\ARM_GCC_541\Debug\PRJ3.a(I2C_MASTER.o)
 .comment       0x0000006e       0x6f .\CortexM3\ARM_GCC_541\Debug\PRJ3.a(CyLib.o)
 .comment       0x0000006e       0x6f .\CortexM3\ARM_GCC_541\Debug\PRJ3.a(cyPm.o)
 .comment       0x0000006e       0x6f .\CortexM3\ARM_GCC_541\Debug\PRJ3.a(STEP_2a.o)
 .comment       0x0000006e       0x6f .\CortexM3\ARM_GCC_541\Debug\PRJ3.a(STEP_1a.o)
 .comment       0x0000006e       0x6f .\CortexM3\ARM_GCC_541\Debug\PRJ3.a(STEP_1b.o)
 .comment       0x0000006e       0x6f .\CortexM3\ARM_GCC_541\Debug\PRJ3.a(STEP_2b.o)
 .comment       0x0000006e       0x6f .\CortexM3\ARM_GCC_541\Debug\PRJ3.a(UART_USB.o)
 .comment       0x0000006e       0x6f .\CortexM3\ARM_GCC_541\Debug\PRJ3.a(UART_USB_RX_ISR.o)
 .comment       0x0000006e       0x6f .\CortexM3\ARM_GCC_541\Debug\PRJ3.a(LED_BUILTIN.o)
 .comment       0x0000006e       0x6f .\CortexM3\ARM_GCC_541\Debug\PRJ3.a(UART_PI.o)
 .comment       0x0000006e       0x6f .\CortexM3\ARM_GCC_541\Debug\PRJ3.a(UART_PI_RX_ISR.o)
 .comment       0x0000006e       0x6f .\CortexM3\ARM_GCC_541\Debug\PRJ3.a(UART_USB_IntClock.o)
 .comment       0x0000006e       0x6f .\CortexM3\ARM_GCC_541\Debug\PRJ3.a(UART_PI_IntClock.o)
 .comment       0x0000006e       0x6f .\CortexM3\ARM_GCC_541\Debug\PRJ3.a(PUMP_1.o)
 .comment       0x0000006e       0x6f .\CortexM3\ARM_GCC_541\Debug\PRJ3.a(PUMP_2.o)
 .comment       0x0000006e       0x6f .\CortexM3\ARM_GCC_541\Debug\PRJ3.a(PUMP_3.o)
 .comment       0x0000006e       0x6f .\CortexM3\ARM_GCC_541\Debug\PRJ3.a(PUMP_4.o)
 .comment       0x0000006e       0x6f .\CortexM3\ARM_GCC_541\Debug\PRJ3.a(PUMP_5.o)
 .comment       0x0000006e       0x6f .\CortexM3\ARM_GCC_541\Debug\PRJ3.a(PUMP_6.o)
 .comment       0x0000006e       0x6f .\CortexM3\ARM_GCC_541\Debug\PRJ3.a(CyFlash.o)
 .comment       0x0000006e       0x6f .\CortexM3\ARM_GCC_541\Debug\PRJ3.a(CySpc.o)

.debug_weaknames
 *(.debug_weaknames)

.debug_funcnames
 *(.debug_funcnames)

.debug_typenames
 *(.debug_typenames)

.debug_varnames
 *(.debug_varnames)

.note.gnu.arm.ident
 *(.note.gnu.arm.ident)

.ARM.attributes
                0x00000000       0x29
 *(.ARM.attributes)
 .ARM.attributes
                0x00000000       0x1d c:/program files (x86)/cypress/psoc creator/4.4/psoc creator/import/gnu/arm/5.4.1/bin/../lib/gcc/arm-none-eabi/5.4.1/armv7-m/crti.o
 .ARM.attributes
                0x0000001d       0x2d c:/program files (x86)/cypress/psoc creator/4.4/psoc creator/import/gnu/arm/5.4.1/bin/../lib/gcc/arm-none-eabi/5.4.1/armv7-m/crtbegin.o
 .ARM.attributes
                0x0000004a       0x1b c:/program files (x86)/cypress/psoc creator/4.4/psoc creator/import/gnu/arm/5.4.1/bin/../lib/gcc/arm-none-eabi/5.4.1/../../../../arm-none-eabi/lib/armv7-m/crt0.o
 .ARM.attributes
                0x00000065       0x33 .\CortexM3\ARM_GCC_541\Debug\main.o
 .ARM.attributes
                0x00000098       0x33 .\CortexM3\ARM_GCC_541\Debug\ColorSensor.o
 .ARM.attributes
                0x000000cb       0x33 .\CortexM3\ARM_GCC_541\Debug\Motor.o
 .ARM.attributes
                0x000000fe       0x33 .\CortexM3\ARM_GCC_541\Debug\Pump.o
 .ARM.attributes
                0x00000131       0x33 .\CortexM3\ARM_GCC_541\Debug\UART.o
 .ARM.attributes
                0x00000164       0x33 .\CortexM3\ARM_GCC_541\Debug\cyfitter_cfg.o
 .ARM.attributes
                0x00000197       0x33 .\CortexM3\ARM_GCC_541\Debug\cymetadata.o
 .ARM.attributes
                0x000001ca       0x33 .\CortexM3\ARM_GCC_541\Debug\Cm3Start.o
 .ARM.attributes
                0x000001fd       0x33 .\CortexM3\ARM_GCC_541\Debug\PRJ3.a(I2C.o)
 .ARM.attributes
                0x00000230       0x33 .\CortexM3\ARM_GCC_541\Debug\PRJ3.a(I2C_INT.o)
 .ARM.attributes
                0x00000263       0x33 .\CortexM3\ARM_GCC_541\Debug\PRJ3.a(I2C_PM.o)
 .ARM.attributes
                0x00000296       0x33 .\CortexM3\ARM_GCC_541\Debug\PRJ3.a(I2C_MASTER.o)
 .ARM.attributes
                0x000002c9       0x33 .\CortexM3\ARM_GCC_541\Debug\PRJ3.a(CyLib.o)
 .ARM.attributes
                0x000002fc       0x33 .\CortexM3\ARM_GCC_541\Debug\PRJ3.a(cyPm.o)
 .ARM.attributes
                0x0000032f       0x33 .\CortexM3\ARM_GCC_541\Debug\PRJ3.a(STEP_2a.o)
 .ARM.attributes
                0x00000362       0x33 .\CortexM3\ARM_GCC_541\Debug\PRJ3.a(STEP_1a.o)
 .ARM.attributes
                0x00000395       0x33 .\CortexM3\ARM_GCC_541\Debug\PRJ3.a(STEP_1b.o)
 .ARM.attributes
                0x000003c8       0x33 .\CortexM3\ARM_GCC_541\Debug\PRJ3.a(STEP_2b.o)
 .ARM.attributes
                0x000003fb       0x33 .\CortexM3\ARM_GCC_541\Debug\PRJ3.a(UART_USB.o)
 .ARM.attributes
                0x0000042e       0x33 .\CortexM3\ARM_GCC_541\Debug\PRJ3.a(UART_USB_RX_ISR.o)
 .ARM.attributes
                0x00000461       0x33 .\CortexM3\ARM_GCC_541\Debug\PRJ3.a(LED_BUILTIN.o)
 .ARM.attributes
                0x00000494       0x33 .\CortexM3\ARM_GCC_541\Debug\PRJ3.a(UART_PI.o)
 .ARM.attributes
                0x000004c7       0x33 .\CortexM3\ARM_GCC_541\Debug\PRJ3.a(UART_PI_RX_ISR.o)
 .ARM.attributes
                0x000004fa       0x33 .\CortexM3\ARM_GCC_541\Debug\PRJ3.a(UART_USB_IntClock.o)
 .ARM.attributes
                0x0000052d       0x33 .\CortexM3\ARM_GCC_541\Debug\PRJ3.a(UART_PI_IntClock.o)
 .ARM.attributes
                0x00000560       0x33 .\CortexM3\ARM_GCC_541\Debug\PRJ3.a(PUMP_1.o)
 .ARM.attributes
                0x00000593       0x33 .\CortexM3\ARM_GCC_541\Debug\PRJ3.a(PUMP_2.o)
 .ARM.attributes
                0x000005c6       0x33 .\CortexM3\ARM_GCC_541\Debug\PRJ3.a(PUMP_3.o)
 .ARM.attributes
                0x000005f9       0x33 .\CortexM3\ARM_GCC_541\Debug\PRJ3.a(PUMP_4.o)
 .ARM.attributes
                0x0000062c       0x33 .\CortexM3\ARM_GCC_541\Debug\PRJ3.a(PUMP_5.o)
 .ARM.attributes
                0x0000065f       0x33 .\CortexM3\ARM_GCC_541\Debug\PRJ3.a(PUMP_6.o)
 .ARM.attributes
                0x00000692       0x21 .\CortexM3\ARM_GCC_541\Debug\PRJ3.a(CyBootAsmGnu.o)
 .ARM.attributes
                0x000006b3       0x33 .\CortexM3\ARM_GCC_541\Debug\PRJ3.a(CyFlash.o)
 .ARM.attributes
                0x000006e6       0x33 .\CortexM3\ARM_GCC_541\Debug\PRJ3.a(CySpc.o)
 .ARM.attributes
                0x00000719       0x1d c:/program files (x86)/cypress/psoc creator/4.4/psoc creator/import/gnu/arm/5.4.1/bin/../lib/gcc/arm-none-eabi/5.4.1/armv7-m\libgcc.a(_arm_addsubdf3.o)
 .ARM.attributes
                0x00000736       0x1d c:/program files (x86)/cypress/psoc creator/4.4/psoc creator/import/gnu/arm/5.4.1/bin/../lib/gcc/arm-none-eabi/5.4.1/armv7-m\libgcc.a(_arm_muldivdf3.o)
 .ARM.attributes
                0x00000753       0x1d c:/program files (x86)/cypress/psoc creator/4.4/psoc creator/import/gnu/arm/5.4.1/bin/../lib/gcc/arm-none-eabi/5.4.1/armv7-m\libgcc.a(_arm_cmpdf2.o)
 .ARM.attributes
                0x00000770       0x2d c:/program files (x86)/cypress/psoc creator/4.4/psoc creator/import/gnu/arm/5.4.1/bin/../lib/gcc/arm-none-eabi/5.4.1/../../../../arm-none-eabi/lib/armv7-m\libg_nano.a(lib_a-errno.o)
 .ARM.attributes
                0x0000079d       0x2d c:/program files (x86)/cypress/psoc creator/4.4/psoc creator/import/gnu/arm/5.4.1/bin/../lib/gcc/arm-none-eabi/5.4.1/../../../../arm-none-eabi/lib/armv7-m\libg_nano.a(lib_a-exit.o)
 .ARM.attributes
                0x000007ca       0x2d c:/program files (x86)/cypress/psoc creator/4.4/psoc creator/import/gnu/arm/5.4.1/bin/../lib/gcc/arm-none-eabi/5.4.1/../../../../arm-none-eabi/lib/armv7-m\libg_nano.a(lib_a-impure.o)
 .ARM.attributes
                0x000007f7       0x2d c:/program files (x86)/cypress/psoc creator/4.4/psoc creator/import/gnu/arm/5.4.1/bin/../lib/gcc/arm-none-eabi/5.4.1/../../../../arm-none-eabi/lib/armv7-m\libg_nano.a(lib_a-init.o)
 .ARM.attributes
                0x00000824       0x2d c:/program files (x86)/cypress/psoc creator/4.4/psoc creator/import/gnu/arm/5.4.1/bin/../lib/gcc/arm-none-eabi/5.4.1/../../../../arm-none-eabi/lib/armv7-m\libg_nano.a(lib_a-memcpy-stub.o)
 .ARM.attributes
                0x00000851       0x2d c:/program files (x86)/cypress/psoc creator/4.4/psoc creator/import/gnu/arm/5.4.1/bin/../lib/gcc/arm-none-eabi/5.4.1/../../../../arm-none-eabi/lib/armv7-m\libg_nano.a(lib_a-memset.o)
 .ARM.attributes
                0x0000087e       0x2d c:/program files (x86)/cypress/psoc creator/4.4/psoc creator/import/gnu/arm/5.4.1/bin/../lib/gcc/arm-none-eabi/5.4.1/../../../../arm-none-eabi/lib/armv7-m\libg_nano.a(lib_a-nano-vfprintf_float.o)
 .ARM.attributes
                0x000008ab       0x2d c:/program files (x86)/cypress/psoc creator/4.4/psoc creator/import/gnu/arm/5.4.1/bin/../lib/gcc/arm-none-eabi/5.4.1/../../../../arm-none-eabi/lib/armv7-m\libg_nano.a(lib_a-nano-vfprintf_i.o)
 .ARM.attributes
                0x000008d8       0x2d c:/program files (x86)/cypress/psoc creator/4.4/psoc creator/import/gnu/arm/5.4.1/bin/../lib/gcc/arm-none-eabi/5.4.1/../../../../arm-none-eabi/lib/armv7-m\libg_nano.a(lib_a-snprintf.o)
 .ARM.attributes
                0x00000905       0x1b c:/program files (x86)/cypress/psoc creator/4.4/psoc creator/import/gnu/arm/5.4.1/bin/../lib/gcc/arm-none-eabi/5.4.1/../../../../arm-none-eabi/lib/armv7-m\libg_nano.a(lib_a-strcmp.o)
 .ARM.attributes
                0x00000920       0x17 c:/program files (x86)/cypress/psoc creator/4.4/psoc creator/import/gnu/arm/5.4.1/bin/../lib/gcc/arm-none-eabi/5.4.1/../../../../arm-none-eabi/lib/armv7-m\libg_nano.a(lib_a-strlen.o)
 .ARM.attributes
                0x00000937       0x2d c:/program files (x86)/cypress/psoc creator/4.4/psoc creator/import/gnu/arm/5.4.1/bin/../lib/gcc/arm-none-eabi/5.4.1/../../../../arm-none-eabi/lib/armv7-m\libg_nano.a(lib_a-strncpy.o)
 .ARM.attributes
                0x00000964       0x2d c:/program files (x86)/cypress/psoc creator/4.4/psoc creator/import/gnu/arm/5.4.1/bin/../lib/gcc/arm-none-eabi/5.4.1/../../../../arm-none-eabi/lib/armv7-m\libg_nano.a(lib_a-strtok.o)
 .ARM.attributes
                0x00000991       0x2d c:/program files (x86)/cypress/psoc creator/4.4/psoc creator/import/gnu/arm/5.4.1/bin/../lib/gcc/arm-none-eabi/5.4.1/../../../../arm-none-eabi/lib/armv7-m\libg_nano.a(lib_a-strtok_r.o)
 .ARM.attributes
                0x000009be       0x2d c:/program files (x86)/cypress/psoc creator/4.4/psoc creator/import/gnu/arm/5.4.1/bin/../lib/gcc/arm-none-eabi/5.4.1/../../../../arm-none-eabi/lib/armv7-m\libg_nano.a(lib_a-dtoa.o)
 .ARM.attributes
                0x000009eb       0x2d c:/program files (x86)/cypress/psoc creator/4.4/psoc creator/import/gnu/arm/5.4.1/bin/../lib/gcc/arm-none-eabi/5.4.1/../../../../arm-none-eabi/lib/armv7-m\libg_nano.a(lib_a-locale.o)
 .ARM.attributes
                0x00000a18       0x2d c:/program files (x86)/cypress/psoc creator/4.4/psoc creator/import/gnu/arm/5.4.1/bin/../lib/gcc/arm-none-eabi/5.4.1/../../../../arm-none-eabi/lib/armv7-m\libg_nano.a(lib_a-malloc.o)
 .ARM.attributes
                0x00000a45       0x2d c:/program files (x86)/cypress/psoc creator/4.4/psoc creator/import/gnu/arm/5.4.1/bin/../lib/gcc/arm-none-eabi/5.4.1/../../../../arm-none-eabi/lib/armv7-m\libg_nano.a(lib_a-memchr-stub.o)
 .ARM.attributes
                0x00000a72       0x2d c:/program files (x86)/cypress/psoc creator/4.4/psoc creator/import/gnu/arm/5.4.1/bin/../lib/gcc/arm-none-eabi/5.4.1/../../../../arm-none-eabi/lib/armv7-m\libg_nano.a(lib_a-mprec.o)
 .ARM.attributes
                0x00000a9f       0x2d c:/program files (x86)/cypress/psoc creator/4.4/psoc creator/import/gnu/arm/5.4.1/bin/../lib/gcc/arm-none-eabi/5.4.1/../../../../arm-none-eabi/lib/armv7-m\libg_nano.a(lib_a-nano-callocr.o)
 .ARM.attributes
                0x00000acc       0x2d c:/program files (x86)/cypress/psoc creator/4.4/psoc creator/import/gnu/arm/5.4.1/bin/../lib/gcc/arm-none-eabi/5.4.1/../../../../arm-none-eabi/lib/armv7-m\libg_nano.a(lib_a-nano-freer.o)
 .ARM.attributes
                0x00000af9       0x2d c:/program files (x86)/cypress/psoc creator/4.4/psoc creator/import/gnu/arm/5.4.1/bin/../lib/gcc/arm-none-eabi/5.4.1/../../../../arm-none-eabi/lib/armv7-m\libg_nano.a(lib_a-nano-mallocr.o)
 .ARM.attributes
                0x00000b26       0x2d c:/program files (x86)/cypress/psoc creator/4.4/psoc creator/import/gnu/arm/5.4.1/bin/../lib/gcc/arm-none-eabi/5.4.1/../../../../arm-none-eabi/lib/armv7-m\libg_nano.a(lib_a-nano-svfprintf.o)
 .ARM.attributes
                0x00000b53       0x2d c:/program files (x86)/cypress/psoc creator/4.4/psoc creator/import/gnu/arm/5.4.1/bin/../lib/gcc/arm-none-eabi/5.4.1/../../../../arm-none-eabi/lib/armv7-m\libg_nano.a(lib_a-sbrkr.o)
 .ARM.attributes
                0x00000b80       0x2d c:/program files (x86)/cypress/psoc creator/4.4/psoc creator/import/gnu/arm/5.4.1/bin/../lib/gcc/arm-none-eabi/5.4.1/../../../../arm-none-eabi/lib/armv7-m\libg_nano.a(lib_a-memmove.o)
 .ARM.attributes
                0x00000bad       0x2d c:/program files (x86)/cypress/psoc creator/4.4/psoc creator/import/gnu/arm/5.4.1/bin/../lib/gcc/arm-none-eabi/5.4.1/../../../../arm-none-eabi/lib/armv7-m\libg_nano.a(lib_a-mlock.o)
 .ARM.attributes
                0x00000bda       0x2d c:/program files (x86)/cypress/psoc creator/4.4/psoc creator/import/gnu/arm/5.4.1/bin/../lib/gcc/arm-none-eabi/5.4.1/../../../../arm-none-eabi/lib/armv7-m\libg_nano.a(lib_a-nano-reallocr.o)
 .ARM.attributes
                0x00000c07       0x2d c:/program files (x86)/cypress/psoc creator/4.4/psoc creator/import/gnu/arm/5.4.1/bin/../lib/gcc/arm-none-eabi/5.4.1/../../../../arm-none-eabi/lib/armv7-m\libg_nano.a(lib_a-reent.o)
 .ARM.attributes
                0x00000c34       0x2d c:/program files (x86)/cypress/psoc creator/4.4/psoc creator/import/gnu/arm/5.4.1/bin/../lib/gcc/arm-none-eabi/5.4.1/../../../../arm-none-eabi/lib/armv7-m\libg_nano.a(lib_a-nano-msizer.o)
 .ARM.attributes
                0x00000c61       0x1d c:/program files (x86)/cypress/psoc creator/4.4/psoc creator/import/gnu/arm/5.4.1/bin/../lib/gcc/arm-none-eabi/5.4.1/armv7-m\libgcc.a(_arm_unorddf2.o)
 .ARM.attributes
                0x00000c7e       0x1d c:/program files (x86)/cypress/psoc creator/4.4/psoc creator/import/gnu/arm/5.4.1/bin/../lib/gcc/arm-none-eabi/5.4.1/armv7-m\libgcc.a(_arm_fixdfsi.o)
 .ARM.attributes
                0x00000c9b       0x2d c:/program files (x86)/cypress/psoc creator/4.4/psoc creator/import/gnu/arm/5.4.1/bin/../lib/gcc/arm-none-eabi/5.4.1/armv7-m/crtend.o
 .ARM.attributes
                0x00000cc8       0x1d c:/program files (x86)/cypress/psoc creator/4.4/psoc creator/import/gnu/arm/5.4.1/bin/../lib/gcc/arm-none-eabi/5.4.1/armv7-m/crtn.o

/DISCARD/
 *(.note.GNU-stack)
OUTPUT(C:\Users\alexa\Documents\GitHub\Projekt-3\PSoC\PRJ3.cydsn\CortexM3\ARM_GCC_541\Debug\PRJ3.elf elf32-littlearm)
